ASxxxx Linker V05.00,  page 1.
Hexidecimal  [16-Bits]

Area                       Addr        Size        Decimal Bytes (Attributes)
--------------------       ----        ----        ------- ----- ------------
.  .ABS.                   0000        0000 =           0. bytes (ABS,OVR,CSEG)

         Value  Global                             Global Defined In Module
         -----  --------------------------------   ------------------------
          0000  l__DATA                         
          0000  l__CODE                         
          0000  s__DATA                         
          0000  s__CODE                         
          0000  s_direct                        
          0000  l_.text.unlikely                
          0000  .__.ABS.                           crt0_48.c
          0000  s_.cartridge                    
          0000  l_.text.hot                     
          0001  l_.0xf0                         
          0002  l_.0xe9                         
          0008  l_.data                         
          0010  l_.dpd0                         
          0016  l_.dpcb                         
          0019  l_.dped                         
          001E  l_.0xe7                         
          0021  l_.dpfc                         
          0068  l_.0xf7                         
          007A  l_.dpff                         
          0080  l_.dpc8                         
          0092  l_.0xf6                         
          0095  l_.0xf4                         
          009D  l_.0xf9                         
          00A7  l_.0xf2                         
          00AD  l_.0xf1                         
          00B3  l_.0xea                         
          00C7  l_.dpfd                         
          00CB  l_.0xf8                         
          00D1  l_.dpfe                         
          00D8  l_.0xf3                         
          00EF  l_.0xf5                         
          0100  l_direct                        
          026F  l_.bss                          
          201A  s_.text                         
          201A  l_.cartridge                    
          6CD1  l_.text                         
          8CEB  s_.text.unlikely                
          8CEB  s_.text.hot                     
          C800  s_.dpc8                         
          C880  s_.data                         
          C888  s_.bss                          
          CBEA  s_.dpcb                         
          D000  s_.dpd0                         
          E7B5  s_.0xe7                         
          E98A  s_.0xe9                         
          EA3E  s_.0xea                         
          ED77  s_.dped                         
          F000  s_.0xf0                         
          F000  _free                              gcc.c
          F000  _malloc                            gcc.c
ASxxxx Linker V05.00,  page 2.
Hexidecimal  [16-Bits]

Area                       Addr        Size        Decimal Bytes (Attributes)
--------------------       ----        ----        ------- ----- ------------
.  .ABS.                   0000        0000 =           0. bytes (ABS,OVR,CSEG)

         Value  Global                             Global Defined In Module
         -----  --------------------------------   ------------------------
          F000  _abort                             gcc.c
          F14C  s_.0xf1                         
          F256  s_.0xf2                         
          F308  s_.0xf3                         
          F404  s_.0xf4                         
          F511  s_.0xf5                         
          F601  s_.0xf6                         
          F742  s_.0xf7                         
          F835  s_.0xf8                         
          F92E  s_.0xf9                         
          FC6D  s_.dpfc                         
          FD0D  s_.dpfd                         
          FE28  s_.dpfe                         
          FF16  s_.dpff                         
ASxxxx Linker V05.00,  page 3.
Hexidecimal  [16-Bits]
[ Bank == rom ]

Area                       Addr        Size        Decimal Bytes (Attributes)
--------------------       ----        ----        ------- ----- ------------
.cartridge                 0000        201A =        8218. bytes (REL,CON,CSEG)

         Value  Global                             Global Defined In Module
         -----  --------------------------------   ------------------------
          0000  _game_header                       cartridge.enr.c

ASxxxx Linker V05.00,  page 4.
Hexidecimal  [16-Bits]
[ Bank == rom ]

Area                       Addr        Size        Decimal Bytes (Attributes)
--------------------       ----        ----        ------- ----- ------------
.text                      201A        6CD1 =       27857. bytes (REL,CON,CSEG)

         Value  Global                             Global Defined In Module
         -----  --------------------------------   ------------------------
          201A  A$crt0_48$37                       crt0_48.c
          201D  A$crt0_48$38                       crt0_48.c
          2021  A$crt0_48$39                       crt0_48.c
          2025  A$crt0_48$40                       crt0_48.c
          2029  A$crt0_48$41                       crt0_48.c
          202D  A$crt0_48$42                       crt0_48.c
          2030  A$crt0_48$43                       crt0_48.c
          2032  A$crt0_48$45                       crt0_48.c
          2034  A$crt0_48$46                       crt0_48.c
          2036  A$crt0_48$47                       crt0_48.c
          2038  A$crt0_48$48                       crt0_48.c
          203A  A$crt0_48$50                       crt0_48.c
          203E  A$crt0_48$51                       crt0_48.c
          2041  A$crt0_48$52                       crt0_48.c
          2043  A$crt0_48$54                       crt0_48.c
          2045  A$crt0_48$55                       crt0_48.c
          2047  A$crt0_48$56                       crt0_48.c
          2049  A$crt0_48$58                       crt0_48.c
          204C  A$crt0_48$59                       crt0_48.c
          204D  A$crt0_48$60                       crt0_48.c
          204F  A$crt0_48$61                       crt0_48.c
          2052  A$crt0_48$63                       crt0_48.c
          2055  _memcmp                            gcc.c
          20A6  _memcpy                            gcc.c
          20D5  _memmove                           gcc.c
          213B  _memset                            gcc.c
          2155  _moveBlockImpl                     block.enr.c
          2155  A$block$35                         block.enr.c
          2157  A$block$36                         block.enr.c
          2159  A$block$42                         block.enr.c
          215B  A$block$43                         block.enr.c
          215E  A$block$49                         block.enr.c
          2160  A$block$50                         block.enr.c
          2163  A$block$56                         block.enr.c
          2166  A$block$57                         block.enr.c
          216A  A$block$63                         block.enr.c
          216D  A$block$64                         block.enr.c
          2171  A$block$70                         block.enr.c
          2173  A$block$71                         block.enr.c
          2175  A$block$72                         block.enr.c
          2179  A$block$73                         block.enr.c
          217B  A$block$74                         block.enr.c
          217D  A$block$75                         block.enr.c
          217F  A$block$76                         block.enr.c
          2181  A$block$77                         block.enr.c
          2185  A$block$78                         block.enr.c
          2188  A$block$85                         block.enr.c
          218B  A$block$86                         block.enr.c
          218E  A$block$92                         block.enr.c
ASxxxx Linker V05.00,  page 5.
Hexidecimal  [16-Bits]
[ Bank == rom ]

Area                       Addr        Size        Decimal Bytes (Attributes)
--------------------       ----        ----        ------- ----- ------------
.text                      201A        6CD1 =       27857. bytes (REL,CON,CSEG)

         Value  Global                             Global Defined In Module
         -----  --------------------------------   ------------------------
          2191  A$block$98                         block.enr.c
          2194  A$block$99                         block.enr.c
          2195  A$block$100                        block.enr.c
          2198  A$block$106                        block.enr.c
          219B  A$block$107                        block.enr.c
          219E  A$block$113                        block.enr.c
          21A1  A$block$120                        block.enr.c
          21A4  A$block$121                        block.enr.c
          21A7  A$block$127                        block.enr.c
          21AA  A$block$133                        block.enr.c
          21AD  A$block$134                        block.enr.c
          21AE  A$block$135                        block.enr.c
          21B1  A$block$141                        block.enr.c
          21B4  A$block$142                        block.enr.c
          21B7  A$block$148                        block.enr.c
          21BA  A$block$155                        block.enr.c
          21BD  A$block$156                        block.enr.c
          21C0  A$block$162                        block.enr.c
          21C3  A$block$168                        block.enr.c
          21C6  A$block$169                        block.enr.c
          21C9  A$block$175                        block.enr.c
          21CC  A$block$176                        block.enr.c
          21CD  A$block$177                        block.enr.c
          21D0  A$block$183                        block.enr.c
          21D2  A$block$190                        block.enr.c
          21D5  A$block$191                        block.enr.c
          21D8  A$block$197                        block.enr.c
          21DB  A$block$203                        block.enr.c
          21DE  A$block$204                        block.enr.c
          21E1  A$block$210                        block.enr.c
          21E4  A$block$211                        block.enr.c
          21E5  A$block$212                        block.enr.c
          21E8  A$block$224                        block.enr.c
          21EB  A$block$231                        block.enr.c
          21EE  A$block$238                        block.enr.c
          21F1  A$block$239                        block.enr.c
          21F3  A$block$240                        block.enr.c
          21F7  A$block$241                        block.enr.c
          21F9  A$block$242                        block.enr.c
          21FB  A$block$243                        block.enr.c
          21FF  A$block$244                        block.enr.c
          2202  A$block$251                        block.enr.c
          2204  A$block$252                        block.enr.c
          2206  A$block$253                        block.enr.c
          220A  A$block$254                        block.enr.c
          220C  A$block$255                        block.enr.c
          220E  A$block$256                        block.enr.c
          2210  A$block$257                        block.enr.c
          2212  A$block$258                        block.enr.c
          2216  A$block$259                        block.enr.c
ASxxxx Linker V05.00,  page 6.
Hexidecimal  [16-Bits]
[ Bank == rom ]

Area                       Addr        Size        Decimal Bytes (Attributes)
--------------------       ----        ----        ------- ----- ------------
.text                      201A        6CD1 =       27857. bytes (REL,CON,CSEG)

         Value  Global                             Global Defined In Module
         -----  --------------------------------   ------------------------
          2219  A$block$266                        block.enr.c
          221C  A$block$267                        block.enr.c
          221F  A$block$273                        block.enr.c
          2222  A$block$274                        block.enr.c
          2225  A$block$280                        block.enr.c
          2228  A$block$281                        block.enr.c
          222A  A$block$282                        block.enr.c
          222D  A$block$288                        block.enr.c
          2230  A$block$289                        block.enr.c
          2233  A$block$295                        block.enr.c
          2235  A$block$296                        block.enr.c
          2238  A$block$302                        block.enr.c
          223B  A$block$309                        block.enr.c
          223E  A$block$310                        block.enr.c
          2241  A$block$316                        block.enr.c
          2244  A$block$317                        block.enr.c
          2247  A$block$323                        block.enr.c
          224A  A$block$324                        block.enr.c
          224B  A$block$325                        block.enr.c
          224E  A$block$331                        block.enr.c
          2251  A$block$332                        block.enr.c
          2254  A$block$338                        block.enr.c
          2256  A$block$339                        block.enr.c
          2259  A$block$345                        block.enr.c
          225C  A$block$352                        block.enr.c
          225F  A$block$353                        block.enr.c
          2262  A$block$359                        block.enr.c
          2265  A$block$360                        block.enr.c
          2268  A$block$366                        block.enr.c
          226B  A$block$367                        block.enr.c
          226E  A$block$373                        block.enr.c
          2271  A$block$374                        block.enr.c
          2272  A$block$375                        block.enr.c
          2275  A$block$381                        block.enr.c
          2277  A$block$382                        block.enr.c
          227A  A$block$388                        block.enr.c
          227C  A$block$395                        block.enr.c
          227F  A$block$396                        block.enr.c
          2282  A$block$402                        block.enr.c
          2285  A$block$403                        block.enr.c
          2288  A$block$409                        block.enr.c
          228B  A$block$410                        block.enr.c
          228E  A$block$416                        block.enr.c
          2291  A$block$417                        block.enr.c
          2293  A$block$418                        block.enr.c
          2296  A$block$424                        block.enr.c
          2298  A$block$425                        block.enr.c
          229B  A$block$437                        block.enr.c
          229E  A$block$444                        block.enr.c
          22A0  A$block$445                        block.enr.c
ASxxxx Linker V05.00,  page 7.
Hexidecimal  [16-Bits]
[ Bank == rom ]

Area                       Addr        Size        Decimal Bytes (Attributes)
--------------------       ----        ----        ------- ----- ------------
.text                      201A        6CD1 =       27857. bytes (REL,CON,CSEG)

         Value  Global                             Global Defined In Module
         -----  --------------------------------   ------------------------
          22A2  A$block$446                        block.enr.c
          22A6  A$block$447                        block.enr.c
          22A8  A$block$448                        block.enr.c
          22AA  A$block$449                        block.enr.c
          22AC  A$block$450                        block.enr.c
          22AE  A$block$451                        block.enr.c
          22B2  A$block$452                        block.enr.c
          22B5  A$block$459                        block.enr.c
          22B8  A$block$460                        block.enr.c
          22BB  A$block$466                        block.enr.c
          22BE  A$block$472                        block.enr.c
          22C1  A$block$473                        block.enr.c
          22C2  A$block$474                        block.enr.c
          22C5  A$block$480                        block.enr.c
          22C8  A$block$481                        block.enr.c
          22CB  A$block$487                        block.enr.c
          22CE  A$block$494                        block.enr.c
          22D1  A$block$495                        block.enr.c
          22D4  A$block$501                        block.enr.c
          22D7  A$block$502                        block.enr.c
          22DA  A$block$508                        block.enr.c
          22DD  A$block$509                        block.enr.c
          22DE  A$block$510                        block.enr.c
          22E1  A$block$516                        block.enr.c
          22E4  A$block$517                        block.enr.c
          22E7  A$block$523                        block.enr.c
          22EA  A$block$530                        block.enr.c
          22ED  A$block$531                        block.enr.c
          22F0  A$block$537                        block.enr.c
          22F3  A$block$538                        block.enr.c
          22F6  A$block$544                        block.enr.c
          22F9  A$block$545                        block.enr.c
          22FC  A$block$551                        block.enr.c
          22FF  A$block$552                        block.enr.c
          2301  A$block$553                        block.enr.c
          2304  A$block$559                        block.enr.c
          2307  A$block$565                        block.enr.c
          2309  A$block$572                        block.enr.c
          230C  A$block$573                        block.enr.c
          230F  A$block$579                        block.enr.c
          2312  A$block$580                        block.enr.c
          2315  A$block$586                        block.enr.c
          2318  A$block$587                        block.enr.c
          231B  A$block$593                        block.enr.c
          231E  A$block$594                        block.enr.c
          231F  A$block$595                        block.enr.c
          2322  A$block$601                        block.enr.c
          2325  A$block$613                        block.enr.c
          2328  A$block$620                        block.enr.c
          232A  A$block$621                        block.enr.c
ASxxxx Linker V05.00,  page 8.
Hexidecimal  [16-Bits]
[ Bank == rom ]

Area                       Addr        Size        Decimal Bytes (Attributes)
--------------------       ----        ----        ------- ----- ------------
.text                      201A        6CD1 =       27857. bytes (REL,CON,CSEG)

         Value  Global                             Global Defined In Module
         -----  --------------------------------   ------------------------
          232C  A$block$622                        block.enr.c
          2330  A$block$623                        block.enr.c
          2332  A$block$624                        block.enr.c
          2334  A$block$625                        block.enr.c
          2336  A$block$626                        block.enr.c
          2338  A$block$627                        block.enr.c
          233C  A$block$628                        block.enr.c
          233F  A$block$635                        block.enr.c
          2342  A$block$636                        block.enr.c
          2345  A$block$642                        block.enr.c
          2348  A$block$643                        block.enr.c
          234B  A$block$649                        block.enr.c
          234E  A$block$650                        block.enr.c
          234F  A$block$651                        block.enr.c
          2352  A$block$657                        block.enr.c
          2355  A$block$658                        block.enr.c
          2358  A$block$664                        block.enr.c
          235B  A$block$670                        block.enr.c
          235E  A$block$677                        block.enr.c
          2361  A$block$678                        block.enr.c
          2364  A$block$684                        block.enr.c
          2367  A$block$685                        block.enr.c
          236A  A$block$691                        block.enr.c
          236D  A$block$692                        block.enr.c
          236F  A$block$693                        block.enr.c
          2372  A$block$699                        block.enr.c
          2375  A$block$700                        block.enr.c
          2378  A$block$706                        block.enr.c
          237B  A$block$712                        block.enr.c
          237E  A$block$719                        block.enr.c
          2381  A$block$720                        block.enr.c
          2384  A$block$726                        block.enr.c
          2387  A$block$732                        block.enr.c
          238A  A$block$733                        block.enr.c
          238D  A$block$739                        block.enr.c
          2390  A$block$740                        block.enr.c
          2391  A$block$741                        block.enr.c
          2394  A$block$747                        block.enr.c
          2396  A$block$754                        block.enr.c
          2399  A$block$755                        block.enr.c
          239C  A$block$761                        block.enr.c
          239F  A$block$762                        block.enr.c
          23A2  A$block$768                        block.enr.c
          23A5  A$block$769                        block.enr.c
          23A8  A$block$775                        block.enr.c
          23AB  A$block$776                        block.enr.c
          23AC  A$block$777                        block.enr.c
          23AF  A$block$790                        block.enr.c
          23B1  A$block$791                        block.enr.c
          23B2  _doBlockAnimation                  block.enr.c
ASxxxx Linker V05.00,  page 9.
Hexidecimal  [16-Bits]
[ Bank == rom ]

Area                       Addr        Size        Decimal Bytes (Attributes)
--------------------       ----        ----        ------- ----- ------------
.text                      201A        6CD1 =       27857. bytes (REL,CON,CSEG)

         Value  Global                             Global Defined In Module
         -----  --------------------------------   ------------------------
          23B2  A$block$799                        block.enr.c
          23B5  A$block$800                        block.enr.c
          23B7  A$block$806                        block.enr.c
          23BA  A$block$807                        block.enr.c
          23BB  A$block$808                        block.enr.c
          23BE  A$block$809                        block.enr.c
          23C0  A$block$810                        block.enr.c
          23C2  A$block$816                        block.enr.c
          23C5  A$block$817                        block.enr.c
          23C8  A$block$823                        block.enr.c
          23CB  A$block$824                        block.enr.c
          23CE  A$block$830                        block.enr.c
          23D1  A$block$836                        block.enr.c
          23D4  A$block$837                        block.enr.c
          23D7  A$block$843                        block.enr.c
          23DA  A$block$845                        block.enr.c
          23DB  _blockStartLevel                   block.enr.c
          23DB  A$block$853                        block.enr.c
          23DE  A$block$854                        block.enr.c
          23E1  A$block$860                        block.enr.c
          23E4  A$block$866                        block.enr.c
          23E7  A$block$872                        block.enr.c
          23EA  A$block$878                        block.enr.c
          23ED  A$block$879                        block.enr.c
          23EE  A$block$887                        block.enr.c
          23EE  _setSplitMode                      block.enr.c
          23F1  A$block$888                        block.enr.c
          23F4  A$block$894                        block.enr.c
          23F7  A$block$900                        block.enr.c
          23F9  A$block$901                        block.enr.c
          23FC  A$block$902                        block.enr.c
          23FD  _testMerge                         block.enr.c
          23FD  A$block$905                        block.enr.c
          23FF  A$block$911                        block.enr.c
          2402  A$block$912                        block.enr.c
          2404  A$block$913                        block.enr.c
          2407  A$block$914                        block.enr.c
          2409  A$block$915                        block.enr.c
          240B  A$block$916                        block.enr.c
          240D  A$block$917                        block.enr.c
          2411  A$block$923                        block.enr.c
          2414  A$block$924                        block.enr.c
          2416  A$block$925                        block.enr.c
          2419  A$block$926                        block.enr.c
          241B  A$block$927                        block.enr.c
          241D  A$block$928                        block.enr.c
          241E  A$block$929                        block.enr.c
          2420  A$block$930                        block.enr.c
          2422  A$block$936                        block.enr.c
          2425  A$block$937                        block.enr.c
ASxxxx Linker V05.00,  page 10.
Hexidecimal  [16-Bits]
[ Bank == rom ]

Area                       Addr        Size        Decimal Bytes (Attributes)
--------------------       ----        ----        ------- ----- ------------
.text                      201A        6CD1 =       27857. bytes (REL,CON,CSEG)

         Value  Global                             Global Defined In Module
         -----  --------------------------------   ------------------------
          2428  A$block$943                        block.enr.c
          242A  A$block$944                        block.enr.c
          242D  A$block$950                        block.enr.c
          2430  A$block$956                        block.enr.c
          2433  A$block$957                        block.enr.c
          2436  A$block$959                        block.enr.c
          2438  A$block$960                        block.enr.c
          2439  A$block$961                        block.enr.c
          243B  A$block$962                        block.enr.c
          243F  A$block$968                        block.enr.c
          2442  A$block$969                        block.enr.c
          2445  A$block$975                        block.enr.c
          2447  A$block$976                        block.enr.c
          244A  A$block$982                        block.enr.c
          244D  A$block$983                        block.enr.c
          2450  A$block$985                        block.enr.c
          2453  A$block$986                        block.enr.c
          2456  A$block$987                        block.enr.c
          245A  A$block$993                        block.enr.c
          245C  A$block$994                        block.enr.c
          245D  A$block$995                        block.enr.c
          245F  A$block$996                        block.enr.c
          2461  A$block$1002                       block.enr.c
          2464  A$block$1003                       block.enr.c
          2467  A$block$1009                       block.enr.c
          2469  A$block$1010                       block.enr.c
          246C  A$block$1016                       block.enr.c
          246E  A$block$1017                       block.enr.c
          246F  A$block$1018                       block.enr.c
          2472  A$block$1024                       block.enr.c
          2475  A$block$1025                       block.enr.c
          2477  A$block$1027                       block.enr.c
          2479  A$block$1028                       block.enr.c
          247A  A$block$1029                       block.enr.c
          247C  A$block$1030                       block.enr.c
          247E  A$block$1036                       block.enr.c
          2481  A$block$1037                       block.enr.c
          2484  A$block$1043                       block.enr.c
          2486  A$block$1044                       block.enr.c
          2489  A$block$1050                       block.enr.c
          248C  A$block$1052                       block.enr.c
          248E  A$block$1053                       block.enr.c
          248F  A$block$1056                       block.enr.c
          248F  _swapSplit                         block.enr.c
          2491  A$block$1062                       block.enr.c
          2494  A$block$1063                       block.enr.c
          2496  A$block$1069                       block.enr.c
          2499  A$block$1070                       block.enr.c
          249B  A$block$1076                       block.enr.c
          249E  A$block$1077                       block.enr.c
ASxxxx Linker V05.00,  page 11.
Hexidecimal  [16-Bits]
[ Bank == rom ]

Area                       Addr        Size        Decimal Bytes (Attributes)
--------------------       ----        ----        ------- ----- ------------
.text                      201A        6CD1 =       27857. bytes (REL,CON,CSEG)

         Value  Global                             Global Defined In Module
         -----  --------------------------------   ------------------------
          24A1  A$block$1083                       block.enr.c
          24A4  A$block$1084                       block.enr.c
          24A7  A$block$1090                       block.enr.c
          24A9  A$block$1091                       block.enr.c
          24AC  A$block$1097                       block.enr.c
          24AE  A$block$1098                       block.enr.c
          24B1  A$block$1099                       block.enr.c
          24B3  A$block$1100                       block.enr.c
          24B4  A$block$1103                       block.enr.c
          24B4  _drawBlock                         block.enr.c
          24B6  A$block$1104                       block.enr.c
          24B8  A$block$1105                       block.enr.c
          24BA  A$block$1111                       block.enr.c
          24BD  A$block$1117                       block.enr.c
          24BF  A$block$1118                       block.enr.c
          24C1  A$block$1121                       block.enr.c
          24C3  A$block$1122                       block.enr.c
          24C6  A$block$1128                       block.enr.c
          24C8  A$block$1129                       block.enr.c
          24CA  A$block$1130                       block.enr.c
          24CC  A$block$1131                       block.enr.c
          24CE  A$block$1132                       block.enr.c
          24D0  A$block$1135                       block.enr.c
          24D2  A$block$1136                       block.enr.c
          24D4  A$block$1137                       block.enr.c
          24D7  A$block$1143                       block.enr.c
          24DA  A$block$1144                       block.enr.c
          24DC  A$block$1145                       block.enr.c
          24DE  A$block$1146                       block.enr.c
          24E1  A$block$1147                       block.enr.c
          24E4  A$block$1148                       block.enr.c
          24E6  A$block$1149                       block.enr.c
          24E9  A$block$1150                       block.enr.c
          24EB  A$block$1151                       block.enr.c
          24EE  A$block$1152                       block.enr.c
          24F1  A$block$1153                       block.enr.c
          24F3  A$block$1154                       block.enr.c
          24F5  A$block$1155                       block.enr.c
          24F7  A$block$1156                       block.enr.c
          24F9  A$block$1157                       block.enr.c
          24FB  A$block$1160                       block.enr.c
          24FD  A$block$1161                       block.enr.c
          24FF  A$block$1162                       block.enr.c
          2502  A$block$1168                       block.enr.c
          2505  A$block$1169                       block.enr.c
          2506  A$block$1170                       block.enr.c
          2508  A$block$1171                       block.enr.c
          2509  A$block$1172                       block.enr.c
          250A  A$block$1173                       block.enr.c
          250D  A$block$1174                       block.enr.c
ASxxxx Linker V05.00,  page 12.
Hexidecimal  [16-Bits]
[ Bank == rom ]

Area                       Addr        Size        Decimal Bytes (Attributes)
--------------------       ----        ----        ------- ----- ------------
.text                      201A        6CD1 =       27857. bytes (REL,CON,CSEG)

         Value  Global                             Global Defined In Module
         -----  --------------------------------   ------------------------
          250F  A$block$1175                       block.enr.c
          2511  A$block$1176                       block.enr.c
          2513  A$block$1177                       block.enr.c
          2515  A$block$1181                       block.enr.c
          2517  A$block$1186                       block.enr.c
          251A  A$block$1192                       block.enr.c
          251C  A$block$1193                       block.enr.c
          251F  A$block$1194                       block.enr.c
          2523  A$block$1200                       block.enr.c
          2526  A$block$1206                       block.enr.c
          2528  A$block$1207                       block.enr.c
          252A  A$block$1210                       block.enr.c
          252C  A$block$1211                       block.enr.c
          252F  A$block$1217                       block.enr.c
          2531  A$block$1218                       block.enr.c
          2533  A$block$1219                       block.enr.c
          2535  A$block$1220                       block.enr.c
          2537  A$block$1221                       block.enr.c
          2539  A$block$1224                       block.enr.c
          253B  A$block$1225                       block.enr.c
          253D  A$block$1226                       block.enr.c
          2540  A$block$1232                       block.enr.c
          2543  A$block$1233                       block.enr.c
          2545  A$block$1234                       block.enr.c
          2547  A$block$1235                       block.enr.c
          254A  A$block$1236                       block.enr.c
          254D  A$block$1237                       block.enr.c
          254F  A$block$1238                       block.enr.c
          2552  A$block$1239                       block.enr.c
          2554  A$block$1240                       block.enr.c
          2557  A$block$1241                       block.enr.c
          255A  A$block$1242                       block.enr.c
          255C  A$block$1243                       block.enr.c
          255E  A$block$1244                       block.enr.c
          2560  A$block$1245                       block.enr.c
          2562  A$block$1246                       block.enr.c
          2564  A$block$1249                       block.enr.c
          2566  A$block$1250                       block.enr.c
          2568  A$block$1251                       block.enr.c
          256B  A$block$1257                       block.enr.c
          256D  A$block$1258                       block.enr.c
          256F  A$block$1259                       block.enr.c
          2572  A$block$1263                       block.enr.c
          2574  A$block$1268                       block.enr.c
          2577  A$block$1271                       block.enr.c
          2579  A$block$1273                       block.enr.c
          257B  A$block$1274                       block.enr.c
          257D  _height2FallingLeft0               block.enr.c
          25AE  _height2RisingRight0               block.enr.c
          25E2  _height2FallingRight0              block.enr.c
ASxxxx Linker V05.00,  page 13.
Hexidecimal  [16-Bits]
[ Bank == rom ]

Area                       Addr        Size        Decimal Bytes (Attributes)
--------------------       ----        ----        ------- ----- ------------
.text                      201A        6CD1 =       27857. bytes (REL,CON,CSEG)

         Value  Global                             Global Defined In Module
         -----  --------------------------------   ------------------------
          2613  _height2RisingLeft0                block.enr.c
          2647  _height2FallingBack0               block.enr.c
          2678  _height2RisingFront0               block.enr.c
          26AC  _height2FallingFront0              block.enr.c
          26DD  _height2RisingBack0                block.enr.c
          2711  _depth2RollingLeft0                block.enr.c
          2742  _depth2RollingRight0               block.enr.c
          2773  _width2RollingFront0               block.enr.c
          27A4  _width2RollingBack0                block.enr.c
          27D5  _height1FallingLeft0               block.enr.c
          2806  _height1FallingRight0              block.enr.c
          2837  _height1FallingBack0               block.enr.c
          2868  _height1FallingFront0              block.enr.c
          2899  _height2FallingLeft1               block.enr.c
          28CA  _height2RisingRight1               block.enr.c
          28FE  _height2FallingRight1              block.enr.c
          2932  _height2RisingLeft1                block.enr.c
          2966  _height2FallingBack1               block.enr.c
          299A  _height2RisingFront1               block.enr.c
          29CE  _height2FallingFront1              block.enr.c
          29FF  _height2RisingBack1                block.enr.c
          2A33  _depth2RollingLeft1                block.enr.c
          2A64  _depth2RollingRight1               block.enr.c
          2A98  _width2RollingFront1               block.enr.c
          2AC9  _width2RollingBack1                block.enr.c
          2AFD  _height1FallingLeft1               block.enr.c
          2B2E  _height1FallingRight1              block.enr.c
          2B62  _height1FallingBack1               block.enr.c
          2B96  _height1FallingFront1              block.enr.c
          2BC7  _height2FallingLeft2               block.enr.c
          2BF8  _height2RisingRight2               block.enr.c
          2C2C  _height2FallingRight2              block.enr.c
          2C60  _height2RisingLeft2                block.enr.c
          2C94  _height2FallingBack2               block.enr.c
          2CC8  _height2RisingFront2               block.enr.c
          2CFC  _height2FallingFront2              block.enr.c
          2D2D  _height2RisingBack2                block.enr.c
          2D61  _depth2RollingLeft2                block.enr.c
          2D92  _depth2RollingRight2               block.enr.c
          2DC6  _width2RollingFront2               block.enr.c
          2DF7  _width2RollingBack2                block.enr.c
          2E2B  _height1FallingLeft2               block.enr.c
          2E5C  _height1FallingRight2              block.enr.c
          2E90  _height1FallingBack2               block.enr.c
          2EC4  _height1FallingFront2              block.enr.c
          2EF5  _height2FallingLeft3               block.enr.c
          2F26  _height2RisingRight3               block.enr.c
          2F5A  _height2FallingRight3              block.enr.c
          2F8E  _height2RisingLeft3                block.enr.c
          2FC2  _height2FallingBack3               block.enr.c
ASxxxx Linker V05.00,  page 14.
Hexidecimal  [16-Bits]
[ Bank == rom ]

Area                       Addr        Size        Decimal Bytes (Attributes)
--------------------       ----        ----        ------- ----- ------------
.text                      201A        6CD1 =       27857. bytes (REL,CON,CSEG)

         Value  Global                             Global Defined In Module
         -----  --------------------------------   ------------------------
          2FF6  _height2RisingFront3               block.enr.c
          302A  _height2FallingFront3              block.enr.c
          305B  _height2RisingBack3                block.enr.c
          308F  _depth2RollingLeft3                block.enr.c
          30C0  _depth2RollingRight3               block.enr.c
          30F4  _width2RollingFront3               block.enr.c
          3125  _width2RollingBack3                block.enr.c
          3159  _height1FallingLeft3               block.enr.c
          318A  _height1FallingRight3              block.enr.c
          31BE  _height1FallingBack3               block.enr.c
          31F2  _height1FallingFront3              block.enr.c
          3223  _height2FallingLeft4               block.enr.c
          3254  _height2RisingRight4               block.enr.c
          3288  _height2FallingRight4              block.enr.c
          32BC  _height2RisingLeft4                block.enr.c
          32F0  _height2FallingBack4               block.enr.c
          3324  _height2RisingFront4               block.enr.c
          3358  _height2FallingFront4              block.enr.c
          3389  _height2RisingBack4                block.enr.c
          33BD  _depth2RollingLeft4                block.enr.c
          33EE  _depth2RollingRight4               block.enr.c
          3422  _width2RollingFront4               block.enr.c
          3453  _width2RollingBack4                block.enr.c
          3487  _height1FallingLeft4               block.enr.c
          34B8  _height1FallingRight4              block.enr.c
          34EC  _height1FallingBack4               block.enr.c
          3520  _height1FallingFront4              block.enr.c
          3551  _height2FallingLeft5               block.enr.c
          3582  _height2RisingRight5               block.enr.c
          35B6  _height2FallingRight5              block.enr.c
          35EA  _height2RisingLeft5                block.enr.c
          361E  _height2FallingBack5               block.enr.c
          3652  _height2RisingFront5               block.enr.c
          3686  _height2FallingFront5              block.enr.c
          36B7  _height2RisingBack5                block.enr.c
          36EB  _depth2RollingLeft5                block.enr.c
          371C  _depth2RollingRight5               block.enr.c
          3750  _width2RollingFront5               block.enr.c
          3781  _width2RollingBack5                block.enr.c
          37B5  _height1FallingLeft5               block.enr.c
          37E6  _height1FallingRight5              block.enr.c
          381A  _height1FallingBack5               block.enr.c
          384E  _height1FallingFront5              block.enr.c
          387F  _height2FallingLeft6               block.enr.c
          38B0  _height2RisingRight6               block.enr.c
          38E4  _height2FallingRight6              block.enr.c
          3918  _height2RisingLeft6                block.enr.c
          394C  _height2FallingBack6               block.enr.c
          3980  _height2RisingFront6               block.enr.c
          39B4  _height2FallingFront6              block.enr.c
ASxxxx Linker V05.00,  page 15.
Hexidecimal  [16-Bits]
[ Bank == rom ]

Area                       Addr        Size        Decimal Bytes (Attributes)
--------------------       ----        ----        ------- ----- ------------
.text                      201A        6CD1 =       27857. bytes (REL,CON,CSEG)

         Value  Global                             Global Defined In Module
         -----  --------------------------------   ------------------------
          39E5  _height2RisingBack6                block.enr.c
          3A19  _depth2RollingLeft6                block.enr.c
          3A4A  _depth2RollingRight6               block.enr.c
          3A7E  _width2RollingFront6               block.enr.c
          3AAF  _width2RollingBack6                block.enr.c
          3AE3  _height1FallingLeft6               block.enr.c
          3B14  _height1FallingRight6              block.enr.c
          3B48  _height1FallingBack6               block.enr.c
          3B7C  _height1FallingFront6              block.enr.c
          3BAD  _height2FallingLeft7               block.enr.c
          3BDE  _height2RisingRight7               block.enr.c
          3C12  _height2FallingRight7              block.enr.c
          3C46  _height2RisingLeft7                block.enr.c
          3C7A  _height2FallingBack7               block.enr.c
          3CAE  _height2RisingFront7               block.enr.c
          3CE2  _height2FallingFront7              block.enr.c
          3D13  _height2RisingBack7                block.enr.c
          3D47  _depth2RollingLeft7                block.enr.c
          3D78  _depth2RollingRight7               block.enr.c
          3DAC  _width2RollingFront7               block.enr.c
          3DDD  _width2RollingBack7                block.enr.c
          3E11  _height1FallingLeft7               block.enr.c
          3E42  _height1FallingRight7              block.enr.c
          3E76  _height1FallingBack7               block.enr.c
          3EAA  _height1FallingFront7              block.enr.c
          3EDB  _height2FallingLeft8               block.enr.c
          3F0C  _height2RisingRight8               block.enr.c
          3F40  _height2FallingRight8              block.enr.c
          3F74  _height2RisingLeft8                block.enr.c
          3FA8  _height2FallingBack8               block.enr.c
          3FDC  _height2RisingFront8               block.enr.c
          4010  _height2FallingFront8              block.enr.c
          4041  _height2RisingBack8                block.enr.c
          4075  _depth2RollingLeft8                block.enr.c
          40A6  _depth2RollingRight8               block.enr.c
          40DA  _width2RollingFront8               block.enr.c
          410B  _width2RollingBack8                block.enr.c
          413F  _height1FallingLeft8               block.enr.c
          4170  _height1FallingRight8              block.enr.c
          41A4  _height1FallingBack8               block.enr.c
          41D8  _height1FallingFront8              block.enr.c
          4209  _height2FallingLeft9               block.enr.c
          423A  _height2RisingRight9               block.enr.c
          426E  _height2FallingRight9              block.enr.c
          42A2  _height2RisingLeft9                block.enr.c
          42D6  _height2FallingBack9               block.enr.c
          430A  _height2RisingFront9               block.enr.c
          433E  _height2FallingFront9              block.enr.c
          436F  _height2RisingBack9                block.enr.c
          43A3  _depth2RollingLeft9                block.enr.c
ASxxxx Linker V05.00,  page 16.
Hexidecimal  [16-Bits]
[ Bank == rom ]

Area                       Addr        Size        Decimal Bytes (Attributes)
--------------------       ----        ----        ------- ----- ------------
.text                      201A        6CD1 =       27857. bytes (REL,CON,CSEG)

         Value  Global                             Global Defined In Module
         -----  --------------------------------   ------------------------
          43D4  _depth2RollingRight9               block.enr.c
          4408  _width2RollingFront9               block.enr.c
          4439  _width2RollingBack9                block.enr.c
          446D  _height1FallingLeft9               block.enr.c
          449E  _height1FallingRight9              block.enr.c
          44D2  _height1FallingBack9               block.enr.c
          4506  _height1FallingFront9              block.enr.c
          4537  _height2FallingLeft10              block.enr.c
          4568  _height2RisingRight10              block.enr.c
          459C  _height2FallingRight10             block.enr.c
          45D0  _height2RisingLeft10               block.enr.c
          4604  _height2FallingBack10              block.enr.c
          4638  _height2RisingFront10              block.enr.c
          466C  _height2FallingFront10             block.enr.c
          469D  _height2RisingBack10               block.enr.c
          46D1  _depth2RollingLeft10               block.enr.c
          4702  _depth2RollingRight10              block.enr.c
          4736  _width2RollingFront10              block.enr.c
          4767  _width2RollingBack10               block.enr.c
          479B  _height1FallingLeft10              block.enr.c
          47CC  _height1FallingRight10             block.enr.c
          4800  _height1FallingBack10              block.enr.c
          4834  _height1FallingFront10             block.enr.c
          4865  _height2FallingLeft11              block.enr.c
          4896  _height2RisingRight11              block.enr.c
          48CA  _height2FallingRight11             block.enr.c
          48FE  _height2RisingLeft11               block.enr.c
          4932  _height2FallingBack11              block.enr.c
          4966  _height2RisingFront11              block.enr.c
          499A  _height2FallingFront11             block.enr.c
          49CB  _height2RisingBack11               block.enr.c
          49FF  _depth2RollingLeft11               block.enr.c
          4A30  _depth2RollingRight11              block.enr.c
          4A64  _width2RollingFront11              block.enr.c
          4A95  _width2RollingBack11               block.enr.c
          4AC9  _height1FallingLeft11              block.enr.c
          4AFA  _height1FallingRight11             block.enr.c
          4B2E  _height1FallingBack11              block.enr.c
          4B62  _height1FallingFront11             block.enr.c
          4B93  _height2FallingLeft12              block.enr.c
          4BC4  _height2RisingRight12              block.enr.c
          4BF8  _height2FallingRight12             block.enr.c
          4C2C  _height2RisingLeft12               block.enr.c
          4C60  _height2FallingBack12              block.enr.c
          4C94  _height2RisingFront12              block.enr.c
          4CC8  _height2FallingFront12             block.enr.c
          4CF9  _height2RisingBack12               block.enr.c
          4D2D  _depth2RollingLeft12               block.enr.c
          4D5E  _depth2RollingRight12              block.enr.c
          4D92  _width2RollingFront12              block.enr.c
ASxxxx Linker V05.00,  page 17.
Hexidecimal  [16-Bits]
[ Bank == rom ]

Area                       Addr        Size        Decimal Bytes (Attributes)
--------------------       ----        ----        ------- ----- ------------
.text                      201A        6CD1 =       27857. bytes (REL,CON,CSEG)

         Value  Global                             Global Defined In Module
         -----  --------------------------------   ------------------------
          4DC3  _width2RollingBack12               block.enr.c
          4DF7  _height1FallingLeft12              block.enr.c
          4E28  _height1FallingRight12             block.enr.c
          4E5C  _height1FallingBack12              block.enr.c
          4E90  _height1FallingFront12             block.enr.c
          4EC1  _height2FallingLeft                block.enr.c
          4ED9  _height2RisingRight                block.enr.c
          4EF1  _height2FallingRight               block.enr.c
          4F09  _height2RisingLeft                 block.enr.c
          4F21  _height2FallingBack                block.enr.c
          4F39  _height2RisingFront                block.enr.c
          4F51  _height2FallingFront               block.enr.c
          4F69  _height2RisingBack                 block.enr.c
          4F81  _depth2RollingLeft                 block.enr.c
          4F99  _depth2RollingRight                block.enr.c
          4FB1  _width2RollingFront                block.enr.c
          4FC9  _width2RollingBack                 block.enr.c
          4FE1  _height1FallingLeft                block.enr.c
          4FF9  _height1FallingRight               block.enr.c
          5011  _height1FallingBack                block.enr.c
          5029  _height1FallingFront               block.enr.c
          5041  A$drawBlock$4                      
          5041  _picWrite                          
          5041  A$pic$13                           
          5043  A$pic$14                           
          5046  A$pic$16                           
          5048  A$pic$17                           
          504A  A$pic$19                           
          504D  A$pic$20                           
          5051  A$pic$23                           
          5053  A$pic$24                           
          5055  A$pic$26                           
          5057  A$pic$27                           
          5059  A$pic$28                           
          505B  A$pic$34                           
          505D  A$pic$36                           
          5060  A$pic$37                           
          5062  A$pic$38                           
          5064  A$pic$39                           
          5066  A$pic$40                           
          5068  A$pic$41                           
          5069  A$pic$42                           
          506A  A$pic$43                           
          506B  A$pic$44                           
          506C  A$pic$45                           
          506E  A$pic$46                           
          5070  A$pic$47                           
          5072  A$pic$49                           
          5074  A$pic$50                           
          5076  A$pic$51                           
ASxxxx Linker V05.00,  page 18.
Hexidecimal  [16-Bits]
[ Bank == rom ]

Area                       Addr        Size        Decimal Bytes (Attributes)
--------------------       ----        ----        ------- ----- ------------
.text                      201A        6CD1 =       27857. bytes (REL,CON,CSEG)

         Value  Global                             Global Defined In Module
         -----  --------------------------------   ------------------------
          5078  A$pic$52                           
          507A  A$pic$53                           
          507B  A$pic$54                           
          507C  A$pic$55                           
          507D  A$pic$56                           
          507E  A$pic$57                           
          5080  A$pic$59                           
          5083  A$pic$60                           
          5084  A$pic$61                           
          5086  A$pic$64                           
          5088  A$pic$66                           
          5089  A$pic$67                           
          508B  A$pic$69                           
          508D  _picRead                           
          508D  A$pic$76                           
          508F  A$pic$78                           
          5091  A$pic$79                           
          5093  A$pic$82                           
          5095  A$pic$83                           
          5097  A$pic$86                           
          5099  A$pic$88                           
          509A  A$pic$89                           
          509C  A$pic$91                           
          509E  A$pic$92                           
          50A1  A$pic$95                           
          50A3  A$pic$96                           
          50A6  A$pic$97                           
          50A8  A$pic$99                           
          50A9  A$pic$100                          
          50AB  A$pic$101                          
          50AD  A$pic$102                          
          50AF  A$pic$103                          
          50B1  A$pic$107                          
          50B3  A$pic$108                          
          50B6  A$pic$109                          
          50B8  A$pic$111                          
          50B9  A$pic$112                          
          50BB  A$pic$113                          
          50BD  A$pic$114                          
          50BF  A$pic$115                          
          50C1  A$pic$116                          
          50C3  A$pic$118                          
          50C4  A$pic$119                          
          50C6  A$pic$120                          
          50C8  A$pic$121                          
          50CB  A$pic$122                          
          50CD  A$pic$123                          
          50CF  A$pic$126                          
          50D2  A$pic$127                          
          50D5  A$pic$128                          
ASxxxx Linker V05.00,  page 19.
Hexidecimal  [16-Bits]
[ Bank == rom ]

Area                       Addr        Size        Decimal Bytes (Attributes)
--------------------       ----        ----        ------- ----- ------------
.text                      201A        6CD1 =       27857. bytes (REL,CON,CSEG)

         Value  Global                             Global Defined In Module
         -----  --------------------------------   ------------------------
          50D6  A$pic$129                          
          50D8  A$pic$130                          
          50DA  A$pic$131                          
          50DC  A$pic$133                          
          50DF  A$pic$135                          
          50E2  A$pic$136                          
          50E4  A$pic$141                          
          50E6  A$pic$142                          
          50E9  A$pic$143                          
          50EA  A$pic$149                          
          50EA  _delay10ms                         
          50EC  A$pic$151                          
          50EE  A$pic$152                          
          50F0  A$pic$153                          
          50F1  A$pic$154                          
          50F3  A$pic$155                          
          50F4  A$pic$156                          
          50F6  A$pic$158                          
          50F8  A$arkosPlayer$93                   
          50F8  PLY_PLAY                           
          50FB  A$arkosPlayer$94                   
          50FF  A$arkosPlayer$96                   
          5102  A$arkosPlayer$97                   
          5104  A$arkosPlayer$100                  
          5107  A$arkosPlayer$101                  
          5109  A$arkosPlayer$111                  
          510A  A$arkosPlayer$112                  
          510C  A$arkosPlayer$118                  
          510E  A$arkosPlayer$120                  
          5110  A$arkosPlayer$122                  
          5111  A$arkosPlayer$136                  
          5112  A$arkosPlayer$137                  
          5114  A$arkosPlayer$138                  
          5116  A$arkosPlayer$139                  
          5119  A$arkosPlayer$141                  
          511A  A$arkosPlayer$142                  
          511C  A$arkosPlayer$143                  
          511E  A$arkosPlayer$144                  
          5121  A$arkosPlayer$146                  
          5122  A$arkosPlayer$147                  
          5124  A$arkosPlayer$148                  
          5126  A$arkosPlayer$149                  
          5129  A$arkosPlayer$151                  
          512B  A$arkosPlayer$152                  
          512E  A$arkosPlayer$153                  
          5130  A$arkosPlayer$154                  
          5133  A$arkosPlayer$155                  
          5135  A$arkosPlayer$156                  
          5138  A$arkosPlayer$157                  
          5139  A$arkosPlayer$158                  
ASxxxx Linker V05.00,  page 20.
Hexidecimal  [16-Bits]
[ Bank == rom ]

Area                       Addr        Size        Decimal Bytes (Attributes)
--------------------       ----        ----        ------- ----- ------------
.text                      201A        6CD1 =       27857. bytes (REL,CON,CSEG)

         Value  Global                             Global Defined In Module
         -----  --------------------------------   ------------------------
          513B  A$arkosPlayer$159                  
          513D  A$arkosPlayer$160                  
          5140  A$arkosPlayer$162                  
          5141  A$arkosPlayer$163                  
          5143  A$arkosPlayer$165                  
          5145  A$arkosPlayer$166                  
          5148  A$arkosPlayer$168                  
          514B  A$arkosPlayer$170                  
          514E  A$arkosPlayer$171                  
          5151  A$arkosPlayer$175                  
          5153  A$arkosPlayer$176                  
          5156  A$arkosPlayer$177                  
          5159  A$arkosPlayer$178                  
          515C  A$arkosPlayer$179                  
          515F  A$arkosPlayer$180                  
          5162  A$arkosPlayer$181                  
          5165  A$arkosPlayer$205                  
          5168  A$arkosPlayer$206                  
          516A  A$arkosPlayer$207                  
          516D  A$arkosPlayer$208                  
          516F  A$arkosPlayer$209                  
          5170  A$arkosPlayer$210                  
          5172  A$arkosPlayer$211                  
          5173  A$arkosPlayer$212                  
          5175  A$arkosPlayer$213                  
          5177  A$arkosPlayer$218                  
          5179  A$arkosPlayer$220                  
          517C  A$arkosPlayer$222                  
          517E  A$arkosPlayer$224                  
          5181  A$arkosPlayer$225                  
          5184  A$arkosPlayer$227                  
          5188  A$arkosPlayer$233                  
          518A  A$arkosPlayer$234                  
          518E  A$arkosPlayer$235                  
          5190  A$arkosPlayer$237                  
          5192  A$arkosPlayer$238                  
          5193  A$arkosPlayer$239                  
          5195  A$arkosPlayer$240                  
          5197  A$arkosPlayer$241                  
          5199  A$arkosPlayer$242                  
          519B  A$arkosPlayer$243                  
          519C  A$arkosPlayer$247                  
          519E  A$arkosPlayer$248                  
          51A1  A$arkosPlayer$249                  
          51A3  A$arkosPlayer$250                  
          51A5  A$arkosPlayer$251                  
          51A7  A$arkosPlayer$252                  
          51A9  A$arkosPlayer$254                  
          51AB  A$arkosPlayer$255                  
          51AD  A$arkosPlayer$259                  
ASxxxx Linker V05.00,  page 21.
Hexidecimal  [16-Bits]
[ Bank == rom ]

Area                       Addr        Size        Decimal Bytes (Attributes)
--------------------       ----        ----        ------- ----- ------------
.text                      201A        6CD1 =       27857. bytes (REL,CON,CSEG)

         Value  Global                             Global Defined In Module
         -----  --------------------------------   ------------------------
          51AE  A$arkosPlayer$260                  
          51B0  A$arkosPlayer$261                  
          51B2  A$arkosPlayer$262                  
          51B4  A$arkosPlayer$264                  
          51B6  A$arkosPlayer$265                  
          51B9  A$arkosPlayer$266                  
          51BB  A$arkosPlayer$269                  
          51BD  A$arkosPlayer$270                  
          51BF  A$arkosPlayer$274                  
          51C1  A$arkosPlayer$275                  
          51C2  A$arkosPlayer$276                  
          51C4  A$arkosPlayer$277                  
          51C6  A$arkosPlayer$278                  
          51C8  A$arkosPlayer$283                  
          51CA  A$arkosPlayer$287                  
          51CC  A$arkosPlayer$288                  
          51CE  A$arkosPlayer$289                  
          51D0  A$arkosPlayer$290                  
          51D2  A$arkosPlayer$295                  
          51D3  A$arkosPlayer$296                  
          51D5  A$arkosPlayer$297                  
          51D7  A$arkosPlayer$298                  
          51D9  A$arkosPlayer$314                  
          51DC  A$arkosPlayer$315                  
          51DE  A$arkosPlayer$316                  
          51E0  A$arkosPlayer$317                  
          51E2  A$arkosPlayer$319                  
          51E4  A$arkosPlayer$320                  
          51E6  A$arkosPlayer$321                  
          51E9  A$arkosPlayer$322                  
          51EB  A$arkosPlayer$323                  
          51ED  A$arkosPlayer$324                  
          51EF  A$arkosPlayer$325                  
          51F1  A$arkosPlayer$326                  
          51F3  A$arkosPlayer$327                  
          51F5  A$arkosPlayer$328                  
          51F7  A$arkosPlayer$331                  
          51F8  A$arkosPlayer$332                  
          51FB  A$arkosPlayer$333                  
          51FC  A$arkosPlayer$334                  
          51FD  A$arkosPlayer$335                  
          5200  A$arkosPlayer$336                  
          5202  A$arkosPlayer$337                  
          5204  A$arkosPlayer$338                  
          5206  A$arkosPlayer$339                  
          5208  A$arkosPlayer$340                  
          520A  A$arkosPlayer$342                  
          520C  A$arkosPlayer$343                  
          520E  A$arkosPlayer$344                  
          5211  A$arkosPlayer$346                  
ASxxxx Linker V05.00,  page 22.
Hexidecimal  [16-Bits]
[ Bank == rom ]

Area                       Addr        Size        Decimal Bytes (Attributes)
--------------------       ----        ----        ------- ----- ------------
.text                      201A        6CD1 =       27857. bytes (REL,CON,CSEG)

         Value  Global                             Global Defined In Module
         -----  --------------------------------   ------------------------
          5213  A$arkosPlayer$348                  
          5215  A$arkosPlayer$350                  
          5217  A$arkosPlayer$352                  
          521A  A$arkosPlayer$353                  
          521E  A$arkosPlayer$354                  
          5222  A$arkosPlayer$355                  
          5225  A$arkosPlayer$356                  
          5228  A$arkosPlayer$362                  
          522B  A$arkosPlayer$363                  
          522E  A$arkosPlayer$364                  
          5231  A$arkosPlayer$365                  
          5234  A$arkosPlayer$366                  
          5238  A$arkosPlayer$373                  
          523A  A$arkosPlayer$374                  
          523C  A$arkosPlayer$375                  
          523E  A$arkosPlayer$379                  
          523F  A$arkosPlayer$380                  
          5240  A$arkosPlayer$381                  
          5241  A$arkosPlayer$382                  
          5242  A$arkosPlayer$383                  
          5244  A$arkosPlayer$384                  
          5246  A$arkosPlayer$399                  
          5248  A$arkosPlayer$400                  
          5249  A$arkosPlayer$401                  
          524B  A$arkosPlayer$412                  
          524C  A$arkosPlayer$413                  
          524E  A$arkosPlayer$414                  
          5250  A$arkosPlayer$415                  
          5252  A$arkosPlayer$416                  
          5254  A$arkosPlayer$418                  
          5258  A$arkosPlayer$419                  
          525A  A$arkosPlayer$420                  
          525D  A$arkosPlayer$421                  
          5260  A$arkosPlayer$427                  
          5262  A$arkosPlayer$428                  
          5264  A$arkosPlayer$429                  
          5265  A$arkosPlayer$431                  
          5269  A$arkosPlayer$432                  
          526B  A$arkosPlayer$433                  
          526E  A$arkosPlayer$434                  
          526F  A$arkosPlayer$435                  
          5272  A$arkosPlayer$437                  
          5276  A$arkosPlayer$438                  
          5279  A$arkosPlayer$441                  
          527B  A$arkosPlayer$442                  
          527E  A$arkosPlayer$444                  
          5280  A$arkosPlayer$445                  
          5282  A$arkosPlayer$446                  
          5284  A$arkosPlayer$447                  
          5287  A$arkosPlayer$448                  
ASxxxx Linker V05.00,  page 23.
Hexidecimal  [16-Bits]
[ Bank == rom ]

Area                       Addr        Size        Decimal Bytes (Attributes)
--------------------       ----        ----        ------- ----- ------------
.text                      201A        6CD1 =       27857. bytes (REL,CON,CSEG)

         Value  Global                             Global Defined In Module
         -----  --------------------------------   ------------------------
          528A  A$arkosPlayer$450                  
          528C  A$arkosPlayer$451                  
          528E  A$arkosPlayer$452                  
          5290  A$arkosPlayer$454                  
          5292  A$arkosPlayer$455                  
          5293  A$arkosPlayer$457                  
          5297  A$arkosPlayer$458                  
          5299  A$arkosPlayer$459                  
          529B  A$arkosPlayer$460                  
          529D  A$arkosPlayer$461                  
          52A0  A$arkosPlayer$462                  
          52A3  A$arkosPlayer$465                  
          52A4  A$arkosPlayer$466                  
          52A6  A$arkosPlayer$467                  
          52A9  A$arkosPlayer$468                  
          52AD  A$arkosPlayer$469                  
          52B0  A$arkosPlayer$479                  
          52B1  A$arkosPlayer$480                  
          52B3  A$arkosPlayer$482                  
          52B6  A$arkosPlayer$483                  
          52B9  A$arkosPlayer$484                  
          52BB  A$arkosPlayer$485                  
          52BD  A$arkosPlayer$486                  
          52C0  A$arkosPlayer$489                  
          52C2  A$arkosPlayer$490                  
          52C6  A$arkosPlayer$491                  
          52C8  A$arkosPlayer$492                  
          52CC  A$arkosPlayer$493                  
          52CE  A$arkosPlayer$494                  
          52D1  A$arkosPlayer$495                  
          52D3  A$arkosPlayer$503                  
          52D6  A$arkosPlayer$504                  
          52D8  A$arkosPlayer$505                  
          52DB  A$arkosPlayer$507                  
          52DD  A$arkosPlayer$508                  
          52DF  A$arkosPlayer$519                  
          52E1  A$arkosPlayer$520                  
          52E4  A$arkosPlayer$522                  
          52E8  A$arkosPlayer$524                  
          52EA  A$arkosPlayer$525                  
          52EC  A$arkosPlayer$526                  
          52EF  A$arkosPlayer$529                  
          52F0  A$arkosPlayer$530                  
          52F1  A$arkosPlayer$531                  
          52F2  A$arkosPlayer$532                  
          52F4  A$arkosPlayer$533                  
          52F5  A$arkosPlayer$534                  
          52F8  A$arkosPlayer$535                  
          52FA  A$arkosPlayer$536                  
          52FC  A$arkosPlayer$537                  
ASxxxx Linker V05.00,  page 24.
Hexidecimal  [16-Bits]
[ Bank == rom ]

Area                       Addr        Size        Decimal Bytes (Attributes)
--------------------       ----        ----        ------- ----- ------------
.text                      201A        6CD1 =       27857. bytes (REL,CON,CSEG)

         Value  Global                             Global Defined In Module
         -----  --------------------------------   ------------------------
          52FE  A$arkosPlayer$540                  
          52FF  A$arkosPlayer$541                  
          5300  A$arkosPlayer$542                  
          5301  A$arkosPlayer$543                  
          5302  A$arkosPlayer$544                  
          5303  A$arkosPlayer$545                  
          5304  A$arkosPlayer$546                  
          5305  A$arkosPlayer$547                  
          5306  A$arkosPlayer$548                  
          5307  A$arkosPlayer$549                  
          5308  A$arkosPlayer$550                  
          5309  A$arkosPlayer$551                  
          530A  A$arkosPlayer$552                  
          530B  A$arkosPlayer$553                  
          530C  A$arkosPlayer$554                  
          530E  A$arkosPlayer$555                  
          5311  A$arkosPlayer$559                  
          5313  A$arkosPlayer$560                  
          5315  A$arkosPlayer$562                  
          5317  A$arkosPlayer$564                  
          5319  A$arkosPlayer$565                  
          531C  A$arkosPlayer$567                  
          531F  A$arkosPlayer$568                  
          5321  A$arkosPlayer$569                  
          5323  A$arkosPlayer$570                  
          5325  A$arkosPlayer$571                  
          5328  A$arkosPlayer$572                  
          532B  A$arkosPlayer$578                  
          532E  A$arkosPlayer$591                  
          5330  A$arkosPlayer$592                  
          5333  A$arkosPlayer$594                  
          5336  A$arkosPlayer$596                  
          5338  A$arkosPlayer$597                  
          533A  A$arkosPlayer$598                  
          533D  A$arkosPlayer$608                  
          533E  A$arkosPlayer$609                  
          533F  A$arkosPlayer$610                  
          5340  A$arkosPlayer$611                  
          5342  A$arkosPlayer$612                  
          5343  A$arkosPlayer$613                  
          5346  A$arkosPlayer$614                  
          5348  A$arkosPlayer$615                  
          534A  A$arkosPlayer$616                  
          534C  A$arkosPlayer$619                  
          534D  A$arkosPlayer$620                  
          534E  A$arkosPlayer$621                  
          534F  A$arkosPlayer$622                  
          5350  A$arkosPlayer$623                  
          5351  A$arkosPlayer$624                  
          5352  A$arkosPlayer$625                  
ASxxxx Linker V05.00,  page 25.
Hexidecimal  [16-Bits]
[ Bank == rom ]

Area                       Addr        Size        Decimal Bytes (Attributes)
--------------------       ----        ----        ------- ----- ------------
.text                      201A        6CD1 =       27857. bytes (REL,CON,CSEG)

         Value  Global                             Global Defined In Module
         -----  --------------------------------   ------------------------
          5353  A$arkosPlayer$626                  
          5354  A$arkosPlayer$627                  
          5355  A$arkosPlayer$628                  
          5356  A$arkosPlayer$629                  
          5357  A$arkosPlayer$630                  
          5358  A$arkosPlayer$631                  
          5359  A$arkosPlayer$632                  
          535A  A$arkosPlayer$635                  
          535C  A$arkosPlayer$636                  
          535E  A$arkosPlayer$638                  
          5360  A$arkosPlayer$640                  
          5362  A$arkosPlayer$641                  
          5366  A$arkosPlayer$642                  
          5368  A$arkosPlayer$646                  
          536A  A$arkosPlayer$647                  
          536C  A$arkosPlayer$648                  
          536E  A$arkosPlayer$649                  
          5371  A$arkosPlayer$673                  
          5373  A$arkosPlayer$674                  
          5377  A$arkosPlayer$676                  
          5379  A$arkosPlayer$677                  
          537B  A$arkosPlayer$678                  
          537D  A$arkosPlayer$679                  
          5380  A$arkosPlayer$680                  
          5382  A$arkosPlayer$683                  
          5384  A$arkosPlayer$684                  
          5387  A$arkosPlayer$686                  
          5389  A$arkosPlayer$687                  
          538B  A$arkosPlayer$688                  
          538D  A$arkosPlayer$689                  
          538F  A$arkosPlayer$691                  
          5391  A$arkosPlayer$692                  
          5393  A$arkosPlayer$694                  
          5397  A$arkosPlayer$706                  
          5399  A$arkosPlayer$707                  
          539B  A$arkosPlayer$708                  
          539D  A$arkosPlayer$709                  
          53A0  A$arkosPlayer$710                  
          53A1  A$arkosPlayer$711                  
          53A2  A$arkosPlayer$712                  
          53A4  A$arkosPlayer$713                  
          53A6  A$arkosPlayer$714                  
          53A8  A$arkosPlayer$716                  
          53AA  A$arkosPlayer$717                  
          53AC  A$arkosPlayer$720                  
          53AF  A$arkosPlayer$721                  
          53B1  A$arkosPlayer$722                  
          53B3  A$arkosPlayer$723                  
          53B5  A$arkosPlayer$724                  
          53B8  A$arkosPlayer$725                  
ASxxxx Linker V05.00,  page 26.
Hexidecimal  [16-Bits]
[ Bank == rom ]

Area                       Addr        Size        Decimal Bytes (Attributes)
--------------------       ----        ----        ------- ----- ------------
.text                      201A        6CD1 =       27857. bytes (REL,CON,CSEG)

         Value  Global                             Global Defined In Module
         -----  --------------------------------   ------------------------
          53BB  A$arkosPlayer$726                  
          53BD  A$arkosPlayer$727                  
          53C0  A$arkosPlayer$731                  
          53C2  A$arkosPlayer$732                  
          53C4  A$arkosPlayer$733                  
          53C6  A$arkosPlayer$734                  
[...]
          C85E  _Vec_ADSR_Timers                   vec_ram_0xc8_1.c
          C85E  _Vec_ADSR_timers                   vec_ram_0xc8_0.c
          C861  _Vec_Music_Freq                    vec_ram_0xc8_1.c
          C861  _Vec_Music_freq                    vec_ram_0xc8_0.c
          C867  _Vec_Expl_Flag                     vec_ram_0xc8_0.c
          C868  _Vec_XXX_10                        vec_ram_0xc8_0.c
          C869  _Vec_XXX_11                        vec_ram_0xc8_0.c
          C86A  _Vec_XXX_12                        vec_ram_0xc8_0.c
          C86B  _Vec_XXX_13                        vec_ram_0xc8_0.c
          C86C  _Vec_XXX_14                        vec_ram_0xc8_0.c
          C86D  _Vec_XXX_15                        vec_ram_0xc8_0.c
          C86E  _Vec_XXX_16                        vec_ram_0xc8_0.c
          C86F  _Vec_XXX_17                        vec_ram_0xc8_0.c
ASxxxx Linker V05.00,  page 86.
Hexidecimal  [16-Bits]
[ Bank == page_c8 ]

Area                       Addr        Size        Decimal Bytes (Attributes)
--------------------       ----        ----        ------- ----- ------------
.dpc8                      C800        0080 =         128. bytes (ABS,OVR,CSEG)

         Value  Global                             Global Defined In Module
         -----  --------------------------------   ------------------------
          C870  _Vec_XXX_18                        vec_ram_0xc8_0.c
          C871  _Vec_XXX_19                        vec_ram_0xc8_0.c
          C872  _Vec_XXX_20                        vec_ram_0xc8_0.c
          C873  _Vec_XXX_21                        vec_ram_0xc8_0.c
          C874  _Vec_XXX_22                        vec_ram_0xc8_0.c
          C875  _Vec_XXX_23                        vec_ram_0xc8_0.c
          C876  _Vec_XXX_24                        vec_ram_0xc8_0.c
          C877  _Vec_Expl_Timer                    vec_ram_0xc8_0.c
          C878  _Vec_XXX_25                        vec_ram_0xc8_0.c
          C879  _Vec_Num_Players                   vec_ram_0xc8_0.c
          C87A  _Vec_Num_Game                      vec_ram_0xc8_0.c
          C87B  _Vec_Seed_Ptr                      vec_ram_0xc8_0.c
          C87D  _Vec_Random_Seed                   vec_ram_0xc8_1.c
          C87D  _Vec_Random_Seed0                  vec_ram_0xc8_0.c
          C87E  _Vec_Random_Seed1                  vec_ram_0xc8_0.c
          C87F  _Vec_Random_Seed2                  vec_ram_0xc8_0.c

ASxxxx Linker V05.00,  page 87.
Hexidecimal  [16-Bits]
[ Bank == page_fd ]

Area                       Addr        Size        Decimal Bytes (Attributes)
--------------------       ----        ----        ------- ----- ------------
.dpfd                      FD0D        00C7 =         199. bytes (ABS,OVR,CSEG)

         Value  Global                             Global Defined In Module
         -----  --------------------------------   ------------------------
          FD0D  _Vec_Music_1                       vec_rom_0xfd_0.c
          FD1D  _Vec_Music_2                       vec_rom_0xfd_0.c
          FD69  _Vec_ADSR_FADE0                    vec_rom_0xfd_0.c
          FD79  _Vec_TWANG_VIBE0                   vec_rom_0xfd_0.c
          FD81  _Vec_Music_3                       vec_rom_0xfd_0.c
          FDC3  _Vec_ADSR_FADE12                   vec_rom_0xfd_0.c
          FDD3  _Vec_Music_4                       vec_rom_0xfd_0.c

ASxxxx Linker V05.00,  page 88.
Hexidecimal  [16-Bits]
[ Bank == page_fe ]

Area                       Addr        Size        Decimal Bytes (Attributes)
--------------------       ----        ----        ------- ----- ------------
.dpfe                      FE28        00D1 =         209. bytes (ABS,OVR,CSEG)

         Value  Global                             Global Defined In Module
         -----  --------------------------------   ------------------------
          FE28  _Vec_ADSR_FADE1                    vec_rom_0xfe_1.c
          FE38  _Vec_Music_5                       vec_rom_0xfe_0.c
          FE66  _Vec_ADSR_FADE2                    vec_rom_0xfe_0.c
          FE76  _Vec_Music_6                       vec_rom_0xfe_0.c
          FEB2  _Vec_ADSR_FADE3                    vec_rom_0xfe_0.c
          FEB6  _Vec_TWANG_VIBENL                  vec_rom_0xfe_1.c
          FEB6  _Vec_TWANG_VIBEHL                  vec_rom_0xfe_0.c
          FEC6  _Vec_Music_7                       vec_rom_0xfe_0.c
          FEE8  _Vec_ADSR_FADE4                    vec_rom_0xfe_0.c
          FEF8  _Vec_Music_8                       vec_rom_0xfe_0.c

ASxxxx Linker V05.00,  page 89.
Hexidecimal  [16-Bits]
[ Bank == page_f4 ]

Area                       Addr        Size        Decimal Bytes (Attributes)
--------------------       ----        ----        ------- ----- ------------
.0xf4                      F404        0095 =         149. bytes (ABS,OVR,CSEG)

         Value  Global                             Global Defined In Module
         -----  --------------------------------   ------------------------
          F404  ___Draw_VLp_FF                     vec_rum_0xf4.c
          F408  ___Draw_VLp_7F                     vec_rum_0xf4.c
          F40C  ___Draw_VLp_scale                  vec_rum_0xf4.c
          F40E  ___Draw_VLp_b                      vec_rum_0xf4.c
          F410  ___Draw_VLp                        vec_rum_0xf4.c
          F433  ___Draw_Pat_VL_aa                  vec_rum_0xf4.c
          F434  ___Draw_Pat_VL_a                   vec_rum_0xf4.c
          F437  ___Draw_Pat_VL                     vec_rum_0xf4.c
          F439  ___Draw_Pat_VL_d                   vec_rum_0xf4.c
          F46E  ___Draw_VL_mode                    vec_rum_0xf4.c
          F495  ___Print_Str                       vec_rum_0xf4.c
          F498  ___Print_MRast                     vec_rum_0xf4.c
ASxxxx Linker V05.00,  page 90.
Hexidecimal  [16-Bits]
[ Bank == page_ea ]

Area                       Addr        Size        Decimal Bytes (Attributes)
--------------------       ----        ----        ------- ----- ------------
.0xea                      EA3E        00B3 =         179. bytes (ABS,OVR,CSEG)

         Value  Global                             Global Defined In Module
         -----  --------------------------------   ------------------------
          EA3E  ___Rnd_Cone                        vec_rum_0xea.c
          EA5D  ___Dot_y                           vec_rum_0xea.c
          EA6D  ___Dot_py                          vec_rum_0xea.c
          EA7F  ___Draw_Pack                       vec_rum_0xea.c
          EA8D  ___Draw_Pack_py                    vec_rum_0xea.c
          EAA8  ___Print_Msg                       vec_rum_0xea.c
          EAB4  ___Draw_Score                      vec_rum_0xea.c
          EACF  ___Draw_Scores                     vec_rum_0xea.c
          EAF0  ___Wait_Bound                      vec_rum_0xea.c

ASxxxx Linker V05.00,  page 91.
Hexidecimal  [16-Bits]
[ Bank == page_f2 ]

Area                       Addr        Size        Decimal Bytes (Attributes)
--------------------       ----        ----        ------- ----- ------------
.0xf2                      F256        00A7 =         167. bytes (ABS,OVR,CSEG)

         Value  Global                             Global Defined In Module
         -----  --------------------------------   ------------------------
          F256  ___Sound_Byte                      vec_rum_0xf2.c
          F259  ___Sound_Byte_x                    vec_rum_0xf2.c
          F272  ___Clear_Sound                     vec_rum_0xf2.c
          F27D  ___Sound_Bytes                     vec_rum_0xf2.c
          F284  ___Sound_Bytes_x                   vec_rum_0xf2.c
          F289  ___Do_Sound                        vec_rum_0xf2.c
          F28C  ___Do_Sound_x                      vec_rum_0xf2.c
          F29D  ___Intensity_1F                    vec_rum_0xf2.c
          F2A1  ___Intensity_3F                    vec_rum_0xf2.c
          F2A5  ___Intensity_5F                    vec_rum_0xf2.c
          F2A9  ___Intensity_7F                    vec_rum_0xf2.c
          F2AB  ___Intensity_a                     vec_rum_0xf2.c
          F2BE  ___Dot_ix_b                        vec_rum_0xf2.c
          F2C1  ___Dot_ix                          vec_rum_0xf2.c
          F2C3  ___Dot_d                           vec_rum_0xf2.c
          F2C5  ___Dot_here                        vec_rum_0xf2.c
          F2D5  ___Dot_List                        vec_rum_0xf2.c
          F2DE  ___Dot_List_Reset                  vec_rum_0xf2.c
          F2E6  ___Recalibrate                     vec_rum_0xf2.c
          F2F2  ___Moveto_x_7F                     vec_rum_0xf2.c
          F2FC  ___Moveto_d_7F                     vec_rum_0xf2.c

ASxxxx Linker V05.00,  page 92.
Hexidecimal  [16-Bits]
[ Bank == page_ed ]

Area                       Addr        Size        Decimal Bytes (Attributes)
--------------------       ----        ----        ------- ----- ------------
.dped                      ED77        0019 =          25. bytes (ABS,OVR,CSEG)

         Value  Global                             Global Defined In Module
         -----  --------------------------------   ------------------------
          ED77  _Vec_Music_0                       vec_rom_0xed_0.c
          ED8F  _Vec_ADSR_FADE66                   vec_rom_0xed_0.c

ASxxxx Linker V05.00,  page 93.
Hexidecimal  [16-Bits]
[ Bank == page_f9 ]

Area                       Addr        Size        Decimal Bytes (Attributes)
--------------------       ----        ----        ------- ----- ------------
.0xf9                      F92E        009D =         157. bytes (ABS,OVR,CSEG)

         Value  Global                             Global Defined In Module
         -----  --------------------------------   ------------------------
          F92E  ___Explosion_Snd                   vec_rum_0xf9.c
          F9CA  ___Set_Amp                         vec_rum_0xf9.c

ASxxxx Linker V05.00,  page 94.
Hexidecimal  [16-Bits]
[ Bank == page_f1 ]

Area                       Addr        Size        Decimal Bytes (Attributes)
--------------------       ----        ----        ------- ----- ------------
.0xf1                      F14C        00AD =         173. bytes (ABS,OVR,CSEG)

         Value  Global                             Global Defined In Module
         -----  --------------------------------   ------------------------
          F14C  ___Init_VIA                        vec_rum_0xf1.c
          F164  ___Init_OS_RAM                     vec_rum_0xf1.c
          F18B  ___Init_OS                         vec_rum_0xf1.c
          F192  ___Wait_Recal                      vec_rum_0xf1.c
          F1AA  ___DP_to_D0                        vec_rum_0xf1.c
          F1AF  ___DP_to_C8                        vec_rum_0xf1.c
          F1B4  ___Read_Btns_Mask                  vec_rum_0xf1.c
          F1BA  ___Read_Btns                       vec_rum_0xf1.c
          F1F5  ___Joy_Analog                      vec_rum_0xf1.c
          F1F8  ___Joy_Digital                     vec_rum_0xf1.c

ASxxxx Linker V05.00,  page 95.
Hexidecimal  [16-Bits]
[ Bank == page_f3 ]

Area                       Addr        Size        Decimal Bytes (Attributes)
--------------------       ----        ----        ------- ----- ------------
.0xf3                      F308        00D8 =         216. bytes (ABS,OVR,CSEG)

         Value  Global                             Global Defined In Module
         -----  --------------------------------   ------------------------
          F308  ___Moveto_ix_FF                    vec_rum_0xf3.c
          F30C  ___Moveto_ix_7F                    vec_rum_0xf3.c
          F30E  ___Moveto_ix_b                     vec_rum_0xf3.c
          F310  ___Moveto_ix                       vec_rum_0xf3.c
          F312  ___Moveto_d                        vec_rum_0xf3.c
          F34A  ___Reset0Ref_D0                    vec_rum_0xf3.c
          F34F  ___Check0Ref                       vec_rum_0xf3.c
          F354  ___Reset0Ref                       vec_rum_0xf3.c
          F35B  ___Reset_Pen                       vec_rum_0xf3.c
          F36B  ___Reset0Int                       vec_rum_0xf3.c
          F373  ___Print_Str_hwyx                  vec_rum_0xf3.c
          F378  ___Print_Str_yx                    vec_rum_0xf3.c
          F37A  ___Print_Str_d                     vec_rum_0xf3.c
          F385  ___Print_List_hw                   vec_rum_0xf3.c
          F38A  ___Print_List                      vec_rum_0xf3.c
          F38C  ___Print_List_chk                  vec_rum_0xf3.c
          F391  ___Print_Ships_x                   vec_rum_0xf3.c
          F393  ___Print_Ships                     vec_rum_0xf3.c
          F3AD  ___Mov_Draw_VLc_a                  vec_rum_0xf3.c
          F3B1  ___Mov_Draw_VL_b                   vec_rum_0xf3.c
          F3B5  ___Mov_Draw_VLcs                   vec_rum_0xf3.c
          F3B7  ___Mov_Draw_VL_ab                  vec_rum_0xf3.c
          F3B9  ___Mov_Draw_VL_a                   vec_rum_0xf3.c
          F3BC  ___Mov_Draw_VL                     vec_rum_0xf3.c
          F3BE  ___Mov_Draw_VL_d                   vec_rum_0xf3.c
          F3CE  ___Draw_VLc                        vec_rum_0xf3.c
          F3D2  ___Draw_VL_b                       vec_rum_0xf3.c
          F3D6  ___Draw_VLcs                       vec_rum_0xf3.c
          F3D8  ___Draw_VL_ab                      vec_rum_0xf3.c
          F3DA  ___Draw_VL_a                       vec_rum_0xf3.c
          F3DD  ___Draw_VL                         vec_rum_0xf3.c
          F3DF  ___Draw_Line_d                     vec_rum_0xf3.c
ASxxxx Linker V05.00,  page 96.

Files Linked                              [ module(s) ]

/home/frank/bin/Vide/C/PeerC/vectrex/lib  [ crt0_48.c ]
/home/frank/bin/Vide/C/PeerC/vectrex/lib  [ vec_rum_0xf0.c ]
/home/frank/bin/Vide/C/PeerC/vectrex/lib  [ vec_ram_dpcb_0.c ]
/home/frank/bin/Vide/C/PeerC/vectrex/lib  [ vec_rom_0xfc_0.c ]
/home/frank/bin/Vide/C/PeerC/vectrex/lib  [ vec_rom_0xff_0.c ]
/home/frank/bin/Vide/C/PeerC/vectrex/lib  [ vec_ram_0xd0_1.c ]
/home/frank/bin/Vide/C/PeerC/vectrex/lib  [ vec_ram_0xcb_1.c ]
/home/frank/bin/Vide/C/PeerC/vectrex/lib  [ vec_rum_0xf5.c ]
/home/frank/bin/Vide/C/PeerC/vectrex/lib  [ vec_rum_0xf6.c ]
/home/frank/bin/Vide/C/PeerC/vectrex/lib  [ vec_rom_dpff_0.c ]
/home/frank/bin/Vide/C/PeerC/vectrex/lib  [ vec_rum_0xf8.c ]
/home/frank/bin/Vide/C/PeerC/vectrex/lib  [ vec_rum_0xf7.c ]
/home/frank/bin/Vide/C/PeerC/vectrex/lib  [ vec_ram_0xcb_3.c ]
/home/frank/bin/Vide/C/PeerC/vectrex/lib  [ vec_rom_dpfc_0.c ]
/home/frank/bin/Vide/C/PeerC/vectrex/lib  [ vec_ram_dpc8_2.c ]
/home/frank/bin/Vide/C/PeerC/vectrex/lib  [ vec_ram_dpd0_1.c ]
/home/frank/bin/Vide/C/PeerC/vectrex/lib  [ vec_rom_dpfd_0.c ]
/home/frank/bin/Vide/C/PeerC/vectrex/lib  [ vec_ram_dpcb_2.c ]
/home/frank/bin/Vide/C/PeerC/vectrex/lib  [ vec_rum_0xe9.c ]
/home/frank/bin/Vide/C/PeerC/vectrex/lib  [ vec_rum_0xe7.c ]
/home/frank/bin/Vide/C/PeerC/vectrex/lib  [ vec_ram_0xc8_2.c ]
/home/frank/bin/Vide/C/PeerC/vectrex/lib  [ vec_rom_0xfd_0.c ]
/home/frank/bin/Vide/C/PeerC/vectrex/lib  [ vec_rom_0xfe_1.c ]
/home/frank/bin/Vide/C/PeerC/vectrex/lib  [ vec_ram_dpc8_0.c ]
/home/frank/bin/Vide/C/PeerC/vectrex/lib  [ vec_ram_0xcb_0.c ]
/home/frank/bin/Vide/C/PeerC/vectrex/lib  [ vec_ram_0xc8_1.c ]
/home/frank/bin/Vide/C/PeerC/vectrex/lib  [ vec_rum_0xf4.c ]
/home/frank/bin/Vide/C/PeerC/vectrex/lib  [ vec_ram_dpd0_0.c ]
/home/frank/bin/Vide/C/PeerC/vectrex/lib  [ vec_rum_0xea.c ]
/home/frank/bin/Vide/C/PeerC/vectrex/lib  [ vec_ram_dpcb_1.c ]
/home/frank/bin/Vide/C/PeerC/vectrex/lib  [ vec_ram_0xcb_2.c ]
/home/frank/bin/Vide/C/PeerC/vectrex/lib  [ vec_ram_dpcb_3.c ]
/home/frank/bin/Vide/C/PeerC/vectrex/lib  [ vec_rom_dpfe_1.c ]
/home/frank/bin/Vide/C/PeerC/vectrex/lib  [ vec_ram_dpc8_1.c ]
/home/frank/bin/Vide/C/PeerC/vectrex/lib  [ vec_rom_dpfe_0.c ]
/home/frank/bin/Vide/C/PeerC/vectrex/lib  [ vec_rom_0xfe_0.c ]
/home/frank/bin/Vide/C/PeerC/vectrex/lib  [ vec_ram_0xc8_0.c ]
/home/frank/bin/Vide/C/PeerC/vectrex/lib  [ vec_rum_0xf2.c ]
/home/frank/bin/Vide/C/PeerC/vectrex/lib  [ vec_rom_0xed_0.c ]
/home/frank/bin/Vide/C/PeerC/vectrex/lib  [ vec_rom_dped_0.c ]
/home/frank/bin/Vide/C/PeerC/vectrex/lib  [ vec_ram_0xd0_0.c ]
/home/frank/bin/Vide/C/PeerC/vectrex/lib  [ vec_rum_0xf9.c ]
/home/frank/bin/Vide/C/PeerC/vectrex/lib  [ vec_rum_0xf1.c ]
/home/frank/bin/Vide/C/PeerC/vectrex/lib  [ vec_rum_0xf3.c ]
/home/frank/bin/Vide/C/PeerC/vectrex/lib  [ gcc.c ]
/home/frank/bin/Vide/../../data/projects  [ block.enr.c ]
/home/frank/bin/Vide/../../data/projects  [  ]
/home/frank/bin/Vide/../../data/projects  [  ]
/home/frank/bin/Vide/../../data/projects  [  ]
/home/frank/bin/Vide/../../data/projects  [ level.enr.c ]
/home/frank/bin/Vide/../../data/projects  [ cartridge.enr.c ]
/home/frank/bin/Vide/../../data/projects  [  ]
/home/frank/bin/Vide/../../data/projects  [ bloxorz.enr.c ]
/home/frank/bin/Vide/../../data/projects  [  ]
/home/frank/bin/Vide/../../data/projects  [ leveldata.enr.c ]



?ASlink-Warning-PageN relocation error
         file              module            area                   offset
  Refby  /home/frank/bi                      .text                    0013
  Defin  /home/frank/bi                      _DATA                    D002

?ASlink-Warning-PageN relocation error
         file              module            area                   offset
  Refby  /home/frank/bi                      .text                    0015
  Defin  /home/frank/bi                      _DATA                    D000

?ASlink-Warning-PageN relocation error
         file              module            area                   offset
  Refby  /home/frank/bi                      .text                    0019
  Defin  /home/frank/bi                      _DATA                    D000

?ASlink-Warning-PageN relocation error
         file              module            area                   offset
  Refby  /home/frank/bi                      .text                    0026
  Defin  /home/frank/bi                      _DATA                    D002

?ASlink-Warning-PageN relocation error
         file              module            area                   offset
  Refby  /home/frank/bi                      .text                    002E
  Defin  /home/frank/bi                      _DATA                    D002

?ASlink-Warning-PageN relocation error
         file              module            area                   offset
  Refby  /home/frank/bi                      .text                    0034
  Defin  /home/frank/bi                      _DATA                    D002

?ASlink-Warning-PageN relocation error
         file              module            area                   offset
  Refby  /home/frank/bi                      .text                    0038
  Defin  /home/frank/bi                      _DATA                    D002

?ASlink-Warning-PageN relocation error
         file              module            area                   offset
  Refby  /home/frank/bi                      .text                    0055
  Defin  /home/frank/bi                      _DATA                    D002

?ASlink-Warning-PageN relocation error
         file              module            area                   offset
  Refby  /home/frank/bi                      .text                    006D
  Defin  /home/frank/bi                      _DATA                    D000

?ASlink-Warning-PageN relocation error
         file              module            area                   offset
  Refby  /home/frank/bi                      .text                    007D
  Defin  /home/frank/bi                      _DATA                    D000

?ASlink-Warning-PageN relocation error
         file              module            area                   offset
  Refby  /home/frank/bi                      .text                    008B
  Defin  /home/frank/bi                      _DATA                    D000
