ASxxxx Linker V05.00,  page 1.
Hexidecimal  [16-Bits]

Area                       Addr        Size        Decimal Bytes (Attributes)
--------------------       ----        ----        ------- ----- ------------
.  .ABS.                   0000        0000 =           0. bytes (ABS,OVR,CSEG)

         Value  Global                             Global Defined In Module
         -----  --------------------------------   ------------------------
          0000  l__DATA                         
          0000  l__CODE                         
          0000  s__DATA                         
          0000  s__CODE                         
          0000  l_.text.unlikely                
          0000  .__.ABS.                           crt0.c
          0000  s_.cartridge                    
          0000  l_.text.hot                     
          0000  s_.direct                       
          0001  l_.0xf0                         
          0002  l_.0xe9                         
          0008  l_.data                         
          0010  l_.dpd0                         
          0016  l_.dpcb                         
          0019  l_.dped                         
          001A  s_.text                         
          001A  l_.cartridge                    
          001E  l_.0xe7                         
          0021  l_.dpfc                         
          0068  l_.0xf7                         
          007A  l_.dpff                         
          0080  l_.dpc8                         
          0092  l_.0xf6                         
          0095  l_.0xf4                         
          009D  l_.0xf9                         
          00A7  l_.0xf2                         
          00AD  l_.0xf1                         
          00B3  l_.0xea                         
          00C7  l_.dpfd                         
          00CB  l_.0xf8                         
          00D1  l_.dpfe                         
          00D8  l_.0xf3                         
          00EF  l_.0xf5                         
          0100  l_.direct                       
          026F  l_.bss                          
          624A  l_.text                         
          6264  s_.text.unlikely                
          6264  s_.text.hot                     
          C800  s_.dpc8                         
          C880  s_.data                         
          C888  s_.bss                          
          CBEA  s_.dpcb                         
          D000  s_.dpd0                         
          E7B5  s_.0xe7                         
          E98A  s_.0xe9                         
          EA3E  s_.0xea                         
          ED77  s_.dped                         
          F000  s_.0xf0                         
          F000  _free                              gcc.c
          F000  _malloc                            gcc.c
ASxxxx Linker V05.00,  page 2.
Hexidecimal  [16-Bits]

Area                       Addr        Size        Decimal Bytes (Attributes)
--------------------       ----        ----        ------- ----- ------------
.  .ABS.                   0000        0000 =           0. bytes (ABS,OVR,CSEG)

         Value  Global                             Global Defined In Module
         -----  --------------------------------   ------------------------
          F000  _abort                             gcc.c
          F14C  s_.0xf1                         
          F256  s_.0xf2                         
          F308  s_.0xf3                         
          F404  s_.0xf4                         
          F511  s_.0xf5                         
          F601  s_.0xf6                         
          F742  s_.0xf7                         
          F835  s_.0xf8                         
          F92E  s_.0xf9                         
          FC6D  s_.dpfc                         
          FD0D  s_.dpfd                         
          FE28  s_.dpfe                         
          FF16  s_.dpff                         
ASxxxx Linker V05.00,  page 3.
Hexidecimal  [16-Bits]
[ Bank == rom ]

Area                       Addr        Size        Decimal Bytes (Attributes)
--------------------       ----        ----        ------- ----- ------------
.cartridge                 0000        001A =          26. bytes (REL,CON,CSEG)

         Value  Global                             Global Defined In Module
         -----  --------------------------------   ------------------------
          0000  _game_header                       cartridge.enr.c

ASxxxx Linker V05.00,  page 4.
Hexidecimal  [16-Bits]
[ Bank == rom ]

Area                       Addr        Size        Decimal Bytes (Attributes)
--------------------       ----        ----        ------- ----- ------------
.text                      001A        624A =       25162. bytes (REL,CON,CSEG)

         Value  Global                             Global Defined In Module
         -----  --------------------------------   ------------------------
          0055  _memcmp                            gcc.c
          00A6  _memcpy                            gcc.c
          00D5  _memmove                           gcc.c
          013B  _memset                            gcc.c
          0155  _moveBlockImpl                     block.enr.c
          0155  A$block$34                         block.enr.c
          0157  A$block$35                         block.enr.c
          0159  A$block$41                         block.enr.c
          015B  A$block$42                         block.enr.c
          015E  A$block$48                         block.enr.c
          0160  A$block$49                         block.enr.c
          0163  A$block$55                         block.enr.c
          0166  A$block$56                         block.enr.c
          016A  A$block$62                         block.enr.c
          016D  A$block$63                         block.enr.c
          0171  A$block$69                         block.enr.c
          0173  A$block$70                         block.enr.c
          0175  A$block$71                         block.enr.c
          0179  A$block$72                         block.enr.c
          017B  A$block$73                         block.enr.c
          017D  A$block$74                         block.enr.c
          017F  A$block$75                         block.enr.c
          0181  A$block$76                         block.enr.c
          0185  A$block$77                         block.enr.c
          0188  A$block$84                         block.enr.c
          018B  A$block$85                         block.enr.c
          018E  A$block$91                         block.enr.c
          0191  A$block$97                         block.enr.c
          0194  A$block$98                         block.enr.c
          0195  A$block$99                         block.enr.c
          0198  A$block$105                        block.enr.c
          019B  A$block$106                        block.enr.c
          019E  A$block$112                        block.enr.c
          01A1  A$block$119                        block.enr.c
          01A4  A$block$120                        block.enr.c
          01A7  A$block$126                        block.enr.c
          01AA  A$block$132                        block.enr.c
          01AD  A$block$133                        block.enr.c
          01AE  A$block$134                        block.enr.c
          01B1  A$block$140                        block.enr.c
          01B4  A$block$141                        block.enr.c
          01B7  A$block$147                        block.enr.c
          01BA  A$block$154                        block.enr.c
          01BD  A$block$155                        block.enr.c
          01C0  A$block$161                        block.enr.c
          01C3  A$block$167                        block.enr.c
          01C6  A$block$168                        block.enr.c
          01C9  A$block$174                        block.enr.c
          01CC  A$block$175                        block.enr.c
ASxxxx Linker V05.00,  page 5.
Hexidecimal  [16-Bits]
[ Bank == rom ]

Area                       Addr        Size        Decimal Bytes (Attributes)
--------------------       ----        ----        ------- ----- ------------
.text                      001A        624A =       25162. bytes (REL,CON,CSEG)

         Value  Global                             Global Defined In Module
         -----  --------------------------------   ------------------------
          01CD  A$block$176                        block.enr.c
          01D0  A$block$182                        block.enr.c
          01D2  A$block$189                        block.enr.c
          01D5  A$block$190                        block.enr.c
          01D8  A$block$196                        block.enr.c
          01DB  A$block$202                        block.enr.c
          01DE  A$block$203                        block.enr.c
          01E1  A$block$209                        block.enr.c
          01E4  A$block$210                        block.enr.c
          01E5  A$block$211                        block.enr.c
          01E8  A$block$223                        block.enr.c
          01EB  A$block$230                        block.enr.c
          01EE  A$block$237                        block.enr.c
          01F1  A$block$238                        block.enr.c
          01F3  A$block$239                        block.enr.c
          01F7  A$block$240                        block.enr.c
          01F9  A$block$241                        block.enr.c
          01FB  A$block$242                        block.enr.c
          01FF  A$block$243                        block.enr.c
          0202  A$block$250                        block.enr.c
          0204  A$block$251                        block.enr.c
          0206  A$block$252                        block.enr.c
          020A  A$block$253                        block.enr.c
          020C  A$block$254                        block.enr.c
          020E  A$block$255                        block.enr.c
          0210  A$block$256                        block.enr.c
          0212  A$block$257                        block.enr.c
          0216  A$block$258                        block.enr.c
          0219  A$block$265                        block.enr.c
          021C  A$block$266                        block.enr.c
          021F  A$block$272                        block.enr.c
          0222  A$block$273                        block.enr.c
          0225  A$block$279                        block.enr.c
          0228  A$block$280                        block.enr.c
          022A  A$block$281                        block.enr.c
          022D  A$block$287                        block.enr.c
          0230  A$block$288                        block.enr.c
          0233  A$block$294                        block.enr.c
          0235  A$block$295                        block.enr.c
          0238  A$block$301                        block.enr.c
          023B  A$block$308                        block.enr.c
          023E  A$block$309                        block.enr.c
          0241  A$block$315                        block.enr.c
          0244  A$block$316                        block.enr.c
          0247  A$block$322                        block.enr.c
          024A  A$block$323                        block.enr.c
          024B  A$block$324                        block.enr.c
          024E  A$block$330                        block.enr.c
          0251  A$block$331                        block.enr.c
          0254  A$block$337                        block.enr.c
ASxxxx Linker V05.00,  page 6.
Hexidecimal  [16-Bits]
[ Bank == rom ]

Area                       Addr        Size        Decimal Bytes (Attributes)
--------------------       ----        ----        ------- ----- ------------
.text                      001A        624A =       25162. bytes (REL,CON,CSEG)

         Value  Global                             Global Defined In Module
         -----  --------------------------------   ------------------------
          0256  A$block$338                        block.enr.c
          0259  A$block$344                        block.enr.c
          025C  A$block$351                        block.enr.c
          025F  A$block$352                        block.enr.c
          0262  A$block$358                        block.enr.c
          0265  A$block$359                        block.enr.c
          0268  A$block$365                        block.enr.c
          026B  A$block$366                        block.enr.c
          026E  A$block$372                        block.enr.c
          0271  A$block$373                        block.enr.c
          0272  A$block$374                        block.enr.c
          0275  A$block$380                        block.enr.c
          0277  A$block$381                        block.enr.c
          027A  A$block$387                        block.enr.c
          027C  A$block$394                        block.enr.c
          027F  A$block$395                        block.enr.c
          0282  A$block$401                        block.enr.c
          0285  A$block$402                        block.enr.c
          0288  A$block$408                        block.enr.c
          028B  A$block$409                        block.enr.c
          028E  A$block$415                        block.enr.c
          0291  A$block$416                        block.enr.c
          0293  A$block$417                        block.enr.c
          0296  A$block$423                        block.enr.c
          0298  A$block$424                        block.enr.c
          029B  A$block$436                        block.enr.c
          029E  A$block$443                        block.enr.c
          02A0  A$block$444                        block.enr.c
          02A2  A$block$445                        block.enr.c
          02A6  A$block$446                        block.enr.c
          02A8  A$block$447                        block.enr.c
          02AA  A$block$448                        block.enr.c
          02AC  A$block$449                        block.enr.c
          02AE  A$block$450                        block.enr.c
          02B2  A$block$451                        block.enr.c
          02B5  A$block$458                        block.enr.c
          02B8  A$block$459                        block.enr.c
          02BB  A$block$465                        block.enr.c
          02BE  A$block$471                        block.enr.c
          02C1  A$block$472                        block.enr.c
          02C2  A$block$473                        block.enr.c
          02C5  A$block$479                        block.enr.c
          02C8  A$block$480                        block.enr.c
          02CB  A$block$486                        block.enr.c
          02CE  A$block$493                        block.enr.c
          02D1  A$block$494                        block.enr.c
          02D4  A$block$500                        block.enr.c
          02D7  A$block$501                        block.enr.c
          02DA  A$block$507                        block.enr.c
          02DD  A$block$508                        block.enr.c
ASxxxx Linker V05.00,  page 7.
Hexidecimal  [16-Bits]
[ Bank == rom ]

Area                       Addr        Size        Decimal Bytes (Attributes)
--------------------       ----        ----        ------- ----- ------------
.text                      001A        624A =       25162. bytes (REL,CON,CSEG)

         Value  Global                             Global Defined In Module
         -----  --------------------------------   ------------------------
          02DE  A$block$509                        block.enr.c
          02E1  A$block$515                        block.enr.c
          02E4  A$block$516                        block.enr.c
          02E7  A$block$522                        block.enr.c
          02EA  A$block$529                        block.enr.c
          02ED  A$block$530                        block.enr.c
          02F0  A$block$536                        block.enr.c
          02F3  A$block$537                        block.enr.c
          02F6  A$block$543                        block.enr.c
          02F9  A$block$544                        block.enr.c
          02FC  A$block$550                        block.enr.c
          02FF  A$block$551                        block.enr.c
          0301  A$block$552                        block.enr.c
          0304  A$block$558                        block.enr.c
          0307  A$block$564                        block.enr.c
          0309  A$block$571                        block.enr.c
          030C  A$block$572                        block.enr.c
          030F  A$block$578                        block.enr.c
          0312  A$block$579                        block.enr.c
          0315  A$block$585                        block.enr.c
          0318  A$block$586                        block.enr.c
          031B  A$block$592                        block.enr.c
          031E  A$block$593                        block.enr.c
          031F  A$block$594                        block.enr.c
          0322  A$block$600                        block.enr.c
          0325  A$block$612                        block.enr.c
          0328  A$block$619                        block.enr.c
          032A  A$block$620                        block.enr.c
          032C  A$block$621                        block.enr.c
          0330  A$block$622                        block.enr.c
          0332  A$block$623                        block.enr.c
          0334  A$block$624                        block.enr.c
          0336  A$block$625                        block.enr.c
          0338  A$block$626                        block.enr.c
          033C  A$block$627                        block.enr.c
          033F  A$block$634                        block.enr.c
          0342  A$block$635                        block.enr.c
          0345  A$block$641                        block.enr.c
          0348  A$block$642                        block.enr.c
          034B  A$block$648                        block.enr.c
          034E  A$block$649                        block.enr.c
          034F  A$block$650                        block.enr.c
          0352  A$block$656                        block.enr.c
          0355  A$block$657                        block.enr.c
          0358  A$block$663                        block.enr.c
          035B  A$block$669                        block.enr.c
          035E  A$block$676                        block.enr.c
          0361  A$block$677                        block.enr.c
          0364  A$block$683                        block.enr.c
          0367  A$block$684                        block.enr.c
ASxxxx Linker V05.00,  page 8.
Hexidecimal  [16-Bits]
[ Bank == rom ]

Area                       Addr        Size        Decimal Bytes (Attributes)
--------------------       ----        ----        ------- ----- ------------
.text                      001A        624A =       25162. bytes (REL,CON,CSEG)

         Value  Global                             Global Defined In Module
         -----  --------------------------------   ------------------------
          036A  A$block$690                        block.enr.c
          036D  A$block$691                        block.enr.c
          036F  A$block$692                        block.enr.c
          0372  A$block$698                        block.enr.c
          0375  A$block$699                        block.enr.c
          0378  A$block$705                        block.enr.c
          037B  A$block$711                        block.enr.c
          037E  A$block$718                        block.enr.c
          0381  A$block$719                        block.enr.c
          0384  A$block$725                        block.enr.c
          0387  A$block$731                        block.enr.c
          038A  A$block$732                        block.enr.c
          038D  A$block$738                        block.enr.c
          0390  A$block$739                        block.enr.c
          0391  A$block$740                        block.enr.c
          0394  A$block$746                        block.enr.c
          0396  A$block$753                        block.enr.c
          0399  A$block$754                        block.enr.c
          039C  A$block$760                        block.enr.c
          039F  A$block$761                        block.enr.c
          03A2  A$block$767                        block.enr.c
          03A5  A$block$768                        block.enr.c
          03A8  A$block$774                        block.enr.c
          03AB  A$block$775                        block.enr.c
          03AC  A$block$776                        block.enr.c
          03AF  A$block$789                        block.enr.c
          03B1  A$block$790                        block.enr.c
          03B2  A$block$798                        block.enr.c
          03B2  _doBlockAnimation                  block.enr.c
          03B5  A$block$799                        block.enr.c
          03B7  A$block$805                        block.enr.c
          03BA  A$block$806                        block.enr.c
          03BB  A$block$807                        block.enr.c
          03BE  A$block$808                        block.enr.c
          03C0  A$block$809                        block.enr.c
          03C2  A$block$815                        block.enr.c
          03C5  A$block$816                        block.enr.c
          03C8  A$block$822                        block.enr.c
          03CB  A$block$823                        block.enr.c
          03CE  A$block$829                        block.enr.c
          03D1  A$block$835                        block.enr.c
          03D4  A$block$836                        block.enr.c
          03D7  A$block$842                        block.enr.c
          03DA  A$block$844                        block.enr.c
          03DB  _blockStartLevel                   block.enr.c
          03DB  A$block$852                        block.enr.c
          03DE  A$block$853                        block.enr.c
          03E1  A$block$859                        block.enr.c
          03E4  A$block$865                        block.enr.c
          03E7  A$block$871                        block.enr.c
ASxxxx Linker V05.00,  page 9.
Hexidecimal  [16-Bits]
[ Bank == rom ]

Area                       Addr        Size        Decimal Bytes (Attributes)
--------------------       ----        ----        ------- ----- ------------
.text                      001A        624A =       25162. bytes (REL,CON,CSEG)

         Value  Global                             Global Defined In Module
         -----  --------------------------------   ------------------------
          03EA  A$block$877                        block.enr.c
          03ED  A$block$878                        block.enr.c
          03EE  A$block$886                        block.enr.c
          03EE  _setSplitMode                      block.enr.c
          03F1  A$block$887                        block.enr.c
          03F4  A$block$893                        block.enr.c
          03F7  A$block$899                        block.enr.c
          03F9  A$block$900                        block.enr.c
          03FC  A$block$901                        block.enr.c
          03FD  _testMerge                         block.enr.c
          03FD  A$block$904                        block.enr.c
          03FF  A$block$910                        block.enr.c
          0402  A$block$911                        block.enr.c
          0404  A$block$912                        block.enr.c
          0407  A$block$913                        block.enr.c
          0409  A$block$914                        block.enr.c
          040B  A$block$915                        block.enr.c
          040D  A$block$916                        block.enr.c
          0411  A$block$922                        block.enr.c
          0414  A$block$923                        block.enr.c
          0416  A$block$924                        block.enr.c
          0419  A$block$925                        block.enr.c
          041B  A$block$926                        block.enr.c
          041D  A$block$927                        block.enr.c
          041E  A$block$928                        block.enr.c
          0420  A$block$929                        block.enr.c
          0422  A$block$935                        block.enr.c
          0425  A$block$936                        block.enr.c
          0428  A$block$942                        block.enr.c
          042A  A$block$943                        block.enr.c
          042D  A$block$949                        block.enr.c
          0430  A$block$955                        block.enr.c
          0433  A$block$956                        block.enr.c
          0436  A$block$958                        block.enr.c
          0438  A$block$959                        block.enr.c
          0439  A$block$960                        block.enr.c
          043B  A$block$961                        block.enr.c
          043F  A$block$967                        block.enr.c
          0442  A$block$968                        block.enr.c
          0445  A$block$974                        block.enr.c
          0447  A$block$975                        block.enr.c
          044A  A$block$981                        block.enr.c
          044D  A$block$982                        block.enr.c
          0450  A$block$984                        block.enr.c
          0453  A$block$985                        block.enr.c
          0456  A$block$986                        block.enr.c
          045A  A$block$992                        block.enr.c
          045C  A$block$993                        block.enr.c
          045D  A$block$994                        block.enr.c
          045F  A$block$995                        block.enr.c
ASxxxx Linker V05.00,  page 10.
Hexidecimal  [16-Bits]
[ Bank == rom ]

Area                       Addr        Size        Decimal Bytes (Attributes)
--------------------       ----        ----        ------- ----- ------------
.text                      001A        624A =       25162. bytes (REL,CON,CSEG)

         Value  Global                             Global Defined In Module
         -----  --------------------------------   ------------------------
          0461  A$block$1001                       block.enr.c
          0464  A$block$1002                       block.enr.c
          0467  A$block$1008                       block.enr.c
          0469  A$block$1009                       block.enr.c
          046C  A$block$1015                       block.enr.c
          046E  A$block$1016                       block.enr.c
          046F  A$block$1017                       block.enr.c
          0472  A$block$1023                       block.enr.c
          0475  A$block$1024                       block.enr.c
          0477  A$block$1026                       block.enr.c
          0479  A$block$1027                       block.enr.c
          047A  A$block$1028                       block.enr.c
          047C  A$block$1029                       block.enr.c
          047E  A$block$1035                       block.enr.c
          0481  A$block$1036                       block.enr.c
          0484  A$block$1042                       block.enr.c
          0486  A$block$1043                       block.enr.c
          0489  A$block$1049                       block.enr.c
          048C  A$block$1051                       block.enr.c
          048E  A$block$1052                       block.enr.c
          048F  A$block$1055                       block.enr.c
          048F  _swapSplit                         block.enr.c
          0491  A$block$1061                       block.enr.c
          0494  A$block$1062                       block.enr.c
          0496  A$block$1068                       block.enr.c
          0499  A$block$1069                       block.enr.c
          049B  A$block$1075                       block.enr.c
          049E  A$block$1076                       block.enr.c
          04A1  A$block$1082                       block.enr.c
          04A4  A$block$1083                       block.enr.c
          04A7  A$block$1089                       block.enr.c
          04A9  A$block$1090                       block.enr.c
          04AC  A$block$1096                       block.enr.c
          04AE  A$block$1097                       block.enr.c
          04B1  A$block$1098                       block.enr.c
          04B3  A$block$1099                       block.enr.c
          04B4  A$block$1102                       block.enr.c
          04B4  _drawBlock                         block.enr.c
          04B6  A$block$1103                       block.enr.c
          04B8  A$block$1104                       block.enr.c
          04BA  A$block$1110                       block.enr.c
          04BD  A$block$1116                       block.enr.c
          04BF  A$block$1117                       block.enr.c
          04C1  A$block$1120                       block.enr.c
          04C3  A$block$1121                       block.enr.c
          04C6  A$block$1127                       block.enr.c
          04C8  A$block$1128                       block.enr.c
          04CA  A$block$1129                       block.enr.c
          04CC  A$block$1130                       block.enr.c
          04CE  A$block$1131                       block.enr.c
ASxxxx Linker V05.00,  page 11.
Hexidecimal  [16-Bits]
[ Bank == rom ]

Area                       Addr        Size        Decimal Bytes (Attributes)
--------------------       ----        ----        ------- ----- ------------
.text                      001A        624A =       25162. bytes (REL,CON,CSEG)

         Value  Global                             Global Defined In Module
         -----  --------------------------------   ------------------------
          04D0  A$block$1134                       block.enr.c
          04D2  A$block$1135                       block.enr.c
          04D4  A$block$1136                       block.enr.c
          04D7  A$block$1142                       block.enr.c
          04DA  A$block$1143                       block.enr.c
          04DC  A$block$1144                       block.enr.c
          04DE  A$block$1145                       block.enr.c
          04E1  A$block$1146                       block.enr.c
          04E4  A$block$1147                       block.enr.c
          04E6  A$block$1148                       block.enr.c
          04E9  A$block$1149                       block.enr.c
          04EB  A$block$1150                       block.enr.c
          04EE  A$block$1151                       block.enr.c
          04F1  A$block$1152                       block.enr.c
          04F3  A$block$1153                       block.enr.c
          04F5  A$block$1154                       block.enr.c
          04F7  A$block$1155                       block.enr.c
          04F9  A$block$1156                       block.enr.c
          04FB  A$block$1159                       block.enr.c
          04FD  A$block$1160                       block.enr.c
          04FF  A$block$1161                       block.enr.c
          0502  A$block$1167                       block.enr.c
          0505  A$block$1168                       block.enr.c
          0506  A$block$1169                       block.enr.c
          0508  A$block$1170                       block.enr.c
          0509  A$block$1171                       block.enr.c
          050A  A$block$1172                       block.enr.c
          050D  A$block$1173                       block.enr.c
          050F  A$block$1174                       block.enr.c
          0511  A$block$1175                       block.enr.c
          0513  A$block$1176                       block.enr.c
          0515  A$block$1180                       block.enr.c
          0517  A$block$1185                       block.enr.c
          051A  A$block$1191                       block.enr.c
          051C  A$block$1192                       block.enr.c
          051F  A$block$1193                       block.enr.c
          0523  A$block$1199                       block.enr.c
          0526  A$block$1205                       block.enr.c
          0528  A$block$1206                       block.enr.c
          052A  A$block$1209                       block.enr.c
          052C  A$block$1210                       block.enr.c
          052F  A$block$1216                       block.enr.c
          0531  A$block$1217                       block.enr.c
          0533  A$block$1218                       block.enr.c
          0535  A$block$1219                       block.enr.c
          0537  A$block$1220                       block.enr.c
          0539  A$block$1223                       block.enr.c
          053B  A$block$1224                       block.enr.c
          053D  A$block$1225                       block.enr.c
          0540  A$block$1231                       block.enr.c
ASxxxx Linker V05.00,  page 12.
Hexidecimal  [16-Bits]
[ Bank == rom ]

Area                       Addr        Size        Decimal Bytes (Attributes)
--------------------       ----        ----        ------- ----- ------------
.text                      001A        624A =       25162. bytes (REL,CON,CSEG)

         Value  Global                             Global Defined In Module
         -----  --------------------------------   ------------------------
          0543  A$block$1232                       block.enr.c
          0545  A$block$1233                       block.enr.c
          0547  A$block$1234                       block.enr.c
          054A  A$block$1235                       block.enr.c
          054D  A$block$1236                       block.enr.c
          054F  A$block$1237                       block.enr.c
          0552  A$block$1238                       block.enr.c
          0554  A$block$1239                       block.enr.c
          0557  A$block$1240                       block.enr.c
          055A  A$block$1241                       block.enr.c
          055C  A$block$1242                       block.enr.c
          055E  A$block$1243                       block.enr.c
          0560  A$block$1244                       block.enr.c
          0562  A$block$1245                       block.enr.c
          0564  A$block$1248                       block.enr.c
          0566  A$block$1249                       block.enr.c
          0568  A$block$1250                       block.enr.c
          056B  A$block$1256                       block.enr.c
          056D  A$block$1257                       block.enr.c
          056F  A$block$1258                       block.enr.c
          0572  A$block$1262                       block.enr.c
          0574  A$block$1267                       block.enr.c
          0577  A$block$1270                       block.enr.c
          0579  A$block$1272                       block.enr.c
          057B  A$block$1273                       block.enr.c
          057D  _height2FallingLeft0               block.enr.c
          05AE  _height2RisingRight0               block.enr.c
          05E2  _height2FallingRight0              block.enr.c
          0613  _height2RisingLeft0                block.enr.c
          0647  _height2FallingBack0               block.enr.c
          0678  _height2RisingFront0               block.enr.c
          06AC  _height2FallingFront0              block.enr.c
          06DD  _height2RisingBack0                block.enr.c
          0711  _depth2RollingLeft0                block.enr.c
          0742  _depth2RollingRight0               block.enr.c
          0773  _width2RollingFront0               block.enr.c
          07A4  _width2RollingBack0                block.enr.c
          07D5  _height1FallingLeft0               block.enr.c
          0806  _height1FallingRight0              block.enr.c
          0837  _height1FallingBack0               block.enr.c
          0868  _height1FallingFront0              block.enr.c
          0899  _height2FallingLeft1               block.enr.c
          08CA  _height2RisingRight1               block.enr.c
          08FE  _height2FallingRight1              block.enr.c
          0932  _height2RisingLeft1                block.enr.c
          0966  _height2FallingBack1               block.enr.c
          099A  _height2RisingFront1               block.enr.c
          09CE  _height2FallingFront1              block.enr.c
          09FF  _height2RisingBack1                block.enr.c
          0A33  _depth2RollingLeft1                block.enr.c
ASxxxx Linker V05.00,  page 13.
Hexidecimal  [16-Bits]
[ Bank == rom ]

Area                       Addr        Size        Decimal Bytes (Attributes)
--------------------       ----        ----        ------- ----- ------------
.text                      001A        624A =       25162. bytes (REL,CON,CSEG)

         Value  Global                             Global Defined In Module
         -----  --------------------------------   ------------------------
          0A64  _depth2RollingRight1               block.enr.c
          0A98  _width2RollingFront1               block.enr.c
          0AC9  _width2RollingBack1                block.enr.c
          0AFD  _height1FallingLeft1               block.enr.c
          0B2E  _height1FallingRight1              block.enr.c
          0B62  _height1FallingBack1               block.enr.c
          0B96  _height1FallingFront1              block.enr.c
          0BC7  _height2FallingLeft2               block.enr.c
          0BF8  _height2RisingRight2               block.enr.c
          0C2C  _height2FallingRight2              block.enr.c
          0C60  _height2RisingLeft2                block.enr.c
          0C94  _height2FallingBack2               block.enr.c
          0CC8  _height2RisingFront2               block.enr.c
          0CFC  _height2FallingFront2              block.enr.c
          0D2D  _height2RisingBack2                block.enr.c
          0D61  _depth2RollingLeft2                block.enr.c
          0D92  _depth2RollingRight2               block.enr.c
          0DC6  _width2RollingFront2               block.enr.c
          0DF7  _width2RollingBack2                block.enr.c
          0E2B  _height1FallingLeft2               block.enr.c
          0E5C  _height1FallingRight2              block.enr.c
          0E90  _height1FallingBack2               block.enr.c
          0EC4  _height1FallingFront2              block.enr.c
          0EF5  _height2FallingLeft3               block.enr.c
          0F26  _height2RisingRight3               block.enr.c
          0F5A  _height2FallingRight3              block.enr.c
          0F8E  _height2RisingLeft3                block.enr.c
          0FC2  _height2FallingBack3               block.enr.c
          0FF6  _height2RisingFront3               block.enr.c
          102A  _height2FallingFront3              block.enr.c
          105B  _height2RisingBack3                block.enr.c
          108F  _depth2RollingLeft3                block.enr.c
          10C0  _depth2RollingRight3               block.enr.c
          10F4  _width2RollingFront3               block.enr.c
          1125  _width2RollingBack3                block.enr.c
          1159  _height1FallingLeft3               block.enr.c
          118A  _height1FallingRight3              block.enr.c
          11BE  _height1FallingBack3               block.enr.c
          11F2  _height1FallingFront3              block.enr.c
          1223  _height2FallingLeft4               block.enr.c
          1254  _height2RisingRight4               block.enr.c
          1288  _height2FallingRight4              block.enr.c
          12BC  _height2RisingLeft4                block.enr.c
          12F0  _height2FallingBack4               block.enr.c
          1324  _height2RisingFront4               block.enr.c
          1358  _height2FallingFront4              block.enr.c
          1389  _height2RisingBack4                block.enr.c
          13BD  _depth2RollingLeft4                block.enr.c
          13EE  _depth2RollingRight4               block.enr.c
          1422  _width2RollingFront4               block.enr.c
ASxxxx Linker V05.00,  page 14.
Hexidecimal  [16-Bits]
[ Bank == rom ]

Area                       Addr        Size        Decimal Bytes (Attributes)
--------------------       ----        ----        ------- ----- ------------
.text                      001A        624A =       25162. bytes (REL,CON,CSEG)

         Value  Global                             Global Defined In Module
         -----  --------------------------------   ------------------------
          1453  _width2RollingBack4                block.enr.c
          1487  _height1FallingLeft4               block.enr.c
          14B8  _height1FallingRight4              block.enr.c
          14EC  _height1FallingBack4               block.enr.c
          1520  _height1FallingFront4              block.enr.c
          1551  _height2FallingLeft5               block.enr.c
          1582  _height2RisingRight5               block.enr.c
          15B6  _height2FallingRight5              block.enr.c
          15EA  _height2RisingLeft5                block.enr.c
          161E  _height2FallingBack5               block.enr.c
          1652  _height2RisingFront5               block.enr.c
          1686  _height2FallingFront5              block.enr.c
          16B7  _height2RisingBack5                block.enr.c
          16EB  _depth2RollingLeft5                block.enr.c
          171C  _depth2RollingRight5               block.enr.c
          1750  _width2RollingFront5               block.enr.c
          1781  _width2RollingBack5                block.enr.c
          17B5  _height1FallingLeft5               block.enr.c
          17E6  _height1FallingRight5              block.enr.c
          181A  _height1FallingBack5               block.enr.c
          184E  _height1FallingFront5              block.enr.c
          187F  _height2FallingLeft6               block.enr.c
          18B0  _height2RisingRight6               block.enr.c
          18E4  _height2FallingRight6              block.enr.c
          1918  _height2RisingLeft6                block.enr.c
          194C  _height2FallingBack6               block.enr.c
          1980  _height2RisingFront6               block.enr.c
          19B4  _height2FallingFront6              block.enr.c
          19E5  _height2RisingBack6                block.enr.c
          1A19  _depth2RollingLeft6                block.enr.c
          1A4A  _depth2RollingRight6               block.enr.c
          1A7E  _width2RollingFront6               block.enr.c
          1AAF  _width2RollingBack6                block.enr.c
          1AE3  _height1FallingLeft6               block.enr.c
          1B14  _height1FallingRight6              block.enr.c
          1B48  _height1FallingBack6               block.enr.c
          1B7C  _height1FallingFront6              block.enr.c
          1BAD  _height2FallingLeft7               block.enr.c
          1BDE  _height2RisingRight7               block.enr.c
          1C12  _height2FallingRight7              block.enr.c
          1C46  _height2RisingLeft7                block.enr.c
          1C7A  _height2FallingBack7               block.enr.c
          1CAE  _height2RisingFront7               block.enr.c
          1CE2  _height2FallingFront7              block.enr.c
          1D13  _height2RisingBack7                block.enr.c
          1D47  _depth2RollingLeft7                block.enr.c
          1D78  _depth2RollingRight7               block.enr.c
          1DAC  _width2RollingFront7               block.enr.c
          1DDD  _width2RollingBack7                block.enr.c
          1E11  _height1FallingLeft7               block.enr.c
ASxxxx Linker V05.00,  page 15.
Hexidecimal  [16-Bits]
[ Bank == rom ]

Area                       Addr        Size        Decimal Bytes (Attributes)
--------------------       ----        ----        ------- ----- ------------
.text                      001A        624A =       25162. bytes (REL,CON,CSEG)

         Value  Global                             Global Defined In Module
         -----  --------------------------------   ------------------------
          1E42  _height1FallingRight7              block.enr.c
          1E76  _height1FallingBack7               block.enr.c
          1EAA  _height1FallingFront7              block.enr.c
          1EDB  _height2FallingLeft8               block.enr.c
          1F0C  _height2RisingRight8               block.enr.c
          1F40  _height2FallingRight8              block.enr.c
          1F74  _height2RisingLeft8                block.enr.c
          1FA8  _height2FallingBack8               block.enr.c
          1FDC  _height2RisingFront8               block.enr.c
          2010  _height2FallingFront8              block.enr.c
          2041  _height2RisingBack8                block.enr.c
          2075  _depth2RollingLeft8                block.enr.c
          20A6  _depth2RollingRight8               block.enr.c
          20DA  _width2RollingFront8               block.enr.c
          210B  _width2RollingBack8                block.enr.c
          213F  _height1FallingLeft8               block.enr.c
          2170  _height1FallingRight8              block.enr.c
          21A4  _height1FallingBack8               block.enr.c
          21D8  _height1FallingFront8              block.enr.c
          2209  _height2FallingLeft9               block.enr.c
          223A  _height2RisingRight9               block.enr.c
          226E  _height2FallingRight9              block.enr.c
          22A2  _height2RisingLeft9                block.enr.c
          22D6  _height2FallingBack9               block.enr.c
          230A  _height2RisingFront9               block.enr.c
          233E  _height2FallingFront9              block.enr.c
          236F  _height2RisingBack9                block.enr.c
          23A3  _depth2RollingLeft9                block.enr.c
          23D4  _depth2RollingRight9               block.enr.c
          2408  _width2RollingFront9               block.enr.c
          2439  _width2RollingBack9                block.enr.c
          246D  _height1FallingLeft9               block.enr.c
          249E  _height1FallingRight9              block.enr.c
          24D2  _height1FallingBack9               block.enr.c
          2506  _height1FallingFront9              block.enr.c
          2537  _height2FallingLeft10              block.enr.c
          2568  _height2RisingRight10              block.enr.c
          259C  _height2FallingRight10             block.enr.c
          25D0  _height2RisingLeft10               block.enr.c
          2604  _height2FallingBack10              block.enr.c
          2638  _height2RisingFront10              block.enr.c
          266C  _height2FallingFront10             block.enr.c
          269D  _height2RisingBack10               block.enr.c
          26D1  _depth2RollingLeft10               block.enr.c
          2702  _depth2RollingRight10              block.enr.c
          2736  _width2RollingFront10              block.enr.c
          2767  _width2RollingBack10               block.enr.c
          279B  _height1FallingLeft10              block.enr.c
          27CC  _height1FallingRight10             block.enr.c
          2800  _height1FallingBack10              block.enr.c
ASxxxx Linker V05.00,  page 16.
Hexidecimal  [16-Bits]
[ Bank == rom ]

Area                       Addr        Size        Decimal Bytes (Attributes)
--------------------       ----        ----        ------- ----- ------------
.text                      001A        624A =       25162. bytes (REL,CON,CSEG)

         Value  Global                             Global Defined In Module
         -----  --------------------------------   ------------------------
          2834  _height1FallingFront10             block.enr.c
          2865  _height2FallingLeft11              block.enr.c
          2896  _height2RisingRight11              block.enr.c
          28CA  _height2FallingRight11             block.enr.c
          28FE  _height2RisingLeft11               block.enr.c
          2932  _height2FallingBack11              block.enr.c
          2966  _height2RisingFront11              block.enr.c
          299A  _height2FallingFront11             block.enr.c
          29CB  _height2RisingBack11               block.enr.c
          29FF  _depth2RollingLeft11               block.enr.c
          2A30  _depth2RollingRight11              block.enr.c
          2A64  _width2RollingFront11              block.enr.c
          2A95  _width2RollingBack11               block.enr.c
          2AC9  _height1FallingLeft11              block.enr.c
          2AFA  _height1FallingRight11             block.enr.c
          2B2E  _height1FallingBack11              block.enr.c
          2B62  _height1FallingFront11             block.enr.c
          2B93  _height2FallingLeft12              block.enr.c
          2BC4  _height2RisingRight12              block.enr.c
          2BF8  _height2FallingRight12             block.enr.c
          2C2C  _height2RisingLeft12               block.enr.c
          2C60  _height2FallingBack12              block.enr.c
          2C94  _height2RisingFront12              block.enr.c
          2CC8  _height2FallingFront12             block.enr.c
          2CF9  _height2RisingBack12               block.enr.c
          2D2D  _depth2RollingLeft12               block.enr.c
          2D5E  _depth2RollingRight12              block.enr.c
          2D92  _width2RollingFront12              block.enr.c
          2DC3  _width2RollingBack12               block.enr.c
          2DF7  _height1FallingLeft12              block.enr.c
          2E28  _height1FallingRight12             block.enr.c
          2E5C  _height1FallingBack12              block.enr.c
          2E90  _height1FallingFront12             block.enr.c
          2EC1  _height2FallingLeft                block.enr.c
          2ED9  _height2RisingRight                block.enr.c
          2EF1  _height2FallingRight               block.enr.c
          2F09  _height2RisingLeft                 block.enr.c
          2F21  _height2FallingBack                block.enr.c
          2F39  _height2RisingFront                block.enr.c
          2F51  _height2FallingFront               block.enr.c
          2F69  _height2RisingBack                 block.enr.c
          2F81  _depth2RollingLeft                 block.enr.c
          2F99  _depth2RollingRight                block.enr.c
          2FB1  _width2RollingFront                block.enr.c
          2FC9  _width2RollingBack                 block.enr.c
          2FE1  _height1FallingLeft                block.enr.c
          2FF9  _height1FallingRight               block.enr.c
          3011  _height1FallingBack                block.enr.c
          3029  _height1FallingFront               block.enr.c
          3041  A$drawBlock$4                      
ASxxxx Linker V05.00,  page 17.
Hexidecimal  [16-Bits]
[ Bank == rom ]

Area                       Addr        Size        Decimal Bytes (Attributes)
--------------------       ----        ----        ------- ----- ------------
.text                      001A        624A =       25162. bytes (REL,CON,CSEG)

         Value  Global                             Global Defined In Module
         -----  --------------------------------   ------------------------
          3041  _picWrite                          
          3041  A$pic$13                           
          3043  A$pic$14                           
          3046  A$pic$16                           
          3048  A$pic$17                           
          304A  A$pic$19                           
          304D  A$pic$20                           
          3051  A$pic$23                           
          3053  A$pic$24                           
          3055  A$pic$26                           
          3057  A$pic$27                           
          3059  A$pic$28                           
          305B  A$pic$34                           
          305D  A$pic$36                           
          3060  A$pic$37                           
          3062  A$pic$38                           
          3064  A$pic$39                           
          3066  A$pic$40                           
          3068  A$pic$41                           
          3069  A$pic$42                           
          306A  A$pic$43                           
          306B  A$pic$44                           
          306C  A$pic$45                           
          306E  A$pic$46                           
          3070  A$pic$47                           
          3072  A$pic$49                           
          3074  A$pic$50                           
          3076  A$pic$51                           
          3078  A$pic$52                           
          307A  A$pic$53                           
          307B  A$pic$54                           
          307C  A$pic$55                           
          307D  A$pic$56                           
          307E  A$pic$57                           
          3080  A$pic$59                           
          3083  A$pic$60                           
          3084  A$pic$61                           
          3086  A$pic$64                           
          3088  A$pic$66                           
          3089  A$pic$67                           
          308B  A$pic$69                           
          308D  _picRead                           
          308D  A$pic$76                           
          308F  A$pic$78                           
          3091  A$pic$79                           
          3093  A$pic$82                           
          3095  A$pic$83                           
          3097  A$pic$86                           
          3099  A$pic$88                           
          309A  A$pic$89                           
ASxxxx Linker V05.00,  page 18.
Hexidecimal  [16-Bits]
[ Bank == rom ]

Area                       Addr        Size        Decimal Bytes (Attributes)
--------------------       ----        ----        ------- ----- ------------
.text                      001A        624A =       25162. bytes (REL,CON,CSEG)

         Value  Global                             Global Defined In Module
         -----  --------------------------------   ------------------------
          309C  A$pic$91                           
          309E  A$pic$92                           
          30A1  A$pic$95                           
          30A3  A$pic$96                           
          30A6  A$pic$97                           
          30A8  A$pic$99                           
          30A9  A$pic$100                          
          30AB  A$pic$101                          
          30AD  A$pic$102                          
          30AF  A$pic$103                          
          30B1  A$pic$107                          
          30B3  A$pic$108                          
          30B6  A$pic$109                          
          30B8  A$pic$111                          
          30B9  A$pic$112                          
          30BB  A$pic$113                          
          30BD  A$pic$114                          
          30BF  A$pic$115                          
          30C1  A$pic$116                          
          30C3  A$pic$118                          
          30C4  A$pic$119                          
          30C6  A$pic$120                          
          30C8  A$pic$121                          
          30CB  A$pic$122                          
          30CD  A$pic$123                          
          30CF  A$pic$126                          
          30D2  A$pic$127                          
          30D5  A$pic$128                          
          30D6  A$pic$129                          
          30D8  A$pic$130                          
          30DA  A$pic$131                          
          30DC  A$pic$133                          
          30DF  A$pic$135                          
          30E2  A$pic$136                          
          30E4  A$pic$141                          
          30E6  A$pic$142                          
          30E9  A$pic$143                          
          30EA  A$pic$149                          
          30EA  _delay10ms                         
          30EC  A$pic$151                          
          30EE  A$pic$152                          
          30F0  A$pic$153                          
          30F1  A$pic$154                          
          30F3  A$pic$155                          
          30F4  A$pic$156                          
          30F6  A$pic$158                          
          30F8  A$arkosPlayer$93                   
          30F8  PLY_PLAY                           
          30FB  A$arkosPlayer$94                   
          30FF  A$arkosPlayer$96                   
ASxxxx Linker V05.00,  page 19.
Hexidecimal  [16-Bits]
[ Bank == rom ]

Area                       Addr        Size        Decimal Bytes (Attributes)
--------------------       ----        ----        ------- ----- ------------
.text                      001A        624A =       25162. bytes (REL,CON,CSEG)

         Value  Global                             Global Defined In Module
         -----  --------------------------------   ------------------------
          3102  A$arkosPlayer$97                   
          3104  A$arkosPlayer$100                  
          3107  A$arkosPlayer$101                  
          3109  A$arkosPlayer$111                  
          310A  A$arkosPlayer$112                  
          310C  A$arkosPlayer$118                  
          310E  A$arkosPlayer$120                  
          3110  A$arkosPlayer$122                  
          3111  A$arkosPlayer$136                  
          3112  A$arkosPlayer$137                  
          3114  A$arkosPlayer$138                  
          3116  A$arkosPlayer$139                  
          3119  A$arkosPlayer$141                  
          311A  A$arkosPlayer$142                  
          311C  A$arkosPlayer$143                  
          311E  A$arkosPlayer$144                  
          3121  A$arkosPlayer$146                  
          3122  A$arkosPlayer$147                  
          3124  A$arkosPlayer$148                  
          3126  A$arkosPlayer$149                  
          3129  A$arkosPlayer$151                  
          312B  A$arkosPlayer$152                  
          312E  A$arkosPlayer$153                  
          3130  A$arkosPlayer$154                  
          3133  A$arkosPlayer$155                  
          3135  A$arkosPlayer$156                  
          3138  A$arkosPlayer$157                  
          3139  A$arkosPlayer$158                  
          313B  A$arkosPlayer$159                  
          313D  A$arkosPlayer$160                  
          3140  A$arkosPlayer$162                  
          3141  A$arkosPlayer$163                  
          3143  A$arkosPlayer$165                  
          3145  A$arkosPlayer$166                  
          3148  A$arkosPlayer$168                  
          314B  A$arkosPlayer$170                  
          314E  A$arkosPlayer$171                  
          3151  A$arkosPlayer$175                  
          3153  A$arkosPlayer$176                  
          3156  A$arkosPlayer$177                  
          3159  A$arkosPlayer$178                  
          315C  A$arkosPlayer$179                  
          315F  A$arkosPlayer$180                  
          3162  A$arkosPlayer$181                  
          3165  A$arkosPlayer$205                  
          3168  A$arkosPlayer$206                  
          316A  A$arkosPlayer$207                  
          316D  A$arkosPlayer$208                  
          316F  A$arkosPlayer$209                  
          3170  A$arkosPlayer$210                  
ASxxxx Linker V05.00,  page 20.
Hexidecimal  [16-Bits]
[ Bank == rom ]

Area                       Addr        Size        Decimal Bytes (Attributes)
--------------------       ----        ----        ------- ----- ------------
.text                      001A        624A =       25162. bytes (REL,CON,CSEG)

         Value  Global                             Global Defined In Module
         -----  --------------------------------   ------------------------
          3172  A$arkosPlayer$211                  
          3173  A$arkosPlayer$212                  
          3175  A$arkosPlayer$213                  
          3177  A$arkosPlayer$218                  
          3179  A$arkosPlayer$220                  
          317C  A$arkosPlayer$222                  
          317E  A$arkosPlayer$224                  
          3181  A$arkosPlayer$225                  
          3184  A$arkosPlayer$227                  
          3188  A$arkosPlayer$233                  
          318A  A$arkosPlayer$234                  
          318E  A$arkosPlayer$235                  
          3190  A$arkosPlayer$237                  
          3192  A$arkosPlayer$238                  
          3193  A$arkosPlayer$239                  
          3195  A$arkosPlayer$240                  
          3197  A$arkosPlayer$241                  
          3199  A$arkosPlayer$242                  
          319B  A$arkosPlayer$243                  
          319C  A$arkosPlayer$247                  
          319E  A$arkosPlayer$248                  
          31A1  A$arkosPlayer$249                  
          31A3  A$arkosPlayer$250                  
          31A5  A$arkosPlayer$251                  
          31A7  A$arkosPlayer$252                  
          31A9  A$arkosPlayer$254                  
          31AB  A$arkosPlayer$255                  
          31AD  A$arkosPlayer$259                  
          31AE  A$arkosPlayer$260                  
          31B0  A$arkosPlayer$261                  
          31B2  A$arkosPlayer$262                  
          31B4  A$arkosPlayer$264                  
          31B6  A$arkosPlayer$265                  
          31B9  A$arkosPlayer$266                  
          31BB  A$arkosPlayer$269                  
          31BD  A$arkosPlayer$270                  
          31BF  A$arkosPlayer$274                  
          31C1  A$arkosPlayer$275                  
          31C2  A$arkosPlayer$276                  
          31C4  A$arkosPlayer$277                  
          31C6  A$arkosPlayer$278                  
          31C8  A$arkosPlayer$283                  
          31CA  A$arkosPlayer$287                  
          31CC  A$arkosPlayer$288                  
          31CE  A$arkosPlayer$289                  
          31D0  A$arkosPlayer$290                  
          31D2  A$arkosPlayer$295                  
          31D3  A$arkosPlayer$296                  
          31D5  A$arkosPlayer$297                  
          31D7  A$arkosPlayer$298                  
ASxxxx Linker V05.00,  page 21.
Hexidecimal  [16-Bits]
[ Bank == rom ]

Area                       Addr        Size        Decimal Bytes (Attributes)
--------------------       ----        ----        ------- ----- ------------
.text                      001A        624A =       25162. bytes (REL,CON,CSEG)

         Value  Global                             Global Defined In Module
         -----  --------------------------------   ------------------------
          31D9  A$arkosPlayer$314                  
          31DC  A$arkosPlayer$315                  
          31DE  A$arkosPlayer$316                  
          31E0  A$arkosPlayer$317                  
          31E2  A$arkosPlayer$319                  
          31E4  A$arkosPlayer$320                  
          31E6  A$arkosPlayer$321                  
          31E9  A$arkosPlayer$322                  
          31EB  A$arkosPlayer$323                  
          31ED  A$arkosPlayer$324                  
          31EF  A$arkosPlayer$325                  
          31F1  A$arkosPlayer$326                  
          31F3  A$arkosPlayer$327                  
          31F5  A$arkosPlayer$328                  
          31F7  A$arkosPlayer$331                  
          31F8  A$arkosPlayer$332                  
          31FB  A$arkosPlayer$333                  
          31FC  A$arkosPlayer$334                  
          31FD  A$arkosPlayer$335                  
          3200  A$arkosPlayer$336                  
          3202  A$arkosPlayer$337                  
          3204  A$arkosPlayer$338                  
          3206  A$arkosPlayer$339                  
          3208  A$arkosPlayer$340                  
          320A  A$arkosPlayer$342                  
          320C  A$arkosPlayer$343                  
          320E  A$arkosPlayer$344                  
          3211  A$arkosPlayer$346                  
          3213  A$arkosPlayer$348                  
          3215  A$arkosPlayer$350                  
          3217  A$arkosPlayer$352                  
          321A  A$arkosPlayer$353                  
          321E  A$arkosPlayer$354                  
          3222  A$arkosPlayer$355                  
          3225  A$arkosPlayer$356                  
          3228  A$arkosPlayer$362                  
          322B  A$arkosPlayer$363                  
          322E  A$arkosPlayer$364                  
          3231  A$arkosPlayer$365                  
          3234  A$arkosPlayer$366                  
          3238  A$arkosPlayer$373                  
          323A  A$arkosPlayer$374                  
          323C  A$arkosPlayer$375                  
          323E  A$arkosPlayer$379                  
          323F  A$arkosPlayer$380                  
          3240  A$arkosPlayer$381                  
          3241  A$arkosPlayer$382                  
          3242  A$arkosPlayer$383                  
          3244  A$arkosPlayer$384                  
          3246  A$arkosPlayer$399                  
ASxxxx Linker V05.00,  page 22.
Hexidecimal  [16-Bits]
[ Bank == rom ]

Area                       Addr        Size        Decimal Bytes (Attributes)
--------------------       ----        ----        ------- ----- ------------
.text                      001A        624A =       25162. bytes (REL,CON,CSEG)

         Value  Global                             Global Defined In Module
         -----  --------------------------------   ------------------------
          3248  A$arkosPlayer$400                  
          3249  A$arkosPlayer$401                  
          324B  A$arkosPlayer$412                  
          324C  A$arkosPlayer$413                  
          324E  A$arkosPlayer$414                  
          3250  A$arkosPlayer$415                  
          3252  A$arkosPlayer$416                  
          3254  A$arkosPlayer$418                  
          3258  A$arkosPlayer$419                  
          325A  A$arkosPlayer$420                  
          325D  A$arkosPlayer$421                  
          3260  A$arkosPlayer$427                  
          3262  A$arkosPlayer$428                  
          3264  A$arkosPlayer$429                  
          3265  A$arkosPlayer$431                  
          3269  A$arkosPlayer$432                  
          326B  A$arkosPlayer$433                  
          326E  A$arkosPlayer$434                  
          326F  A$arkosPlayer$435                  
          3272  A$arkosPlayer$437                  
          3276  A$arkosPlayer$438                  
          3279  A$arkosPlayer$441                  
          327B  A$arkosPlayer$442                  
          327E  A$arkosPlayer$444                  
          3280  A$arkosPlayer$445                  
          3282  A$arkosPlayer$446                  
          3284  A$arkosPlayer$447                  
          3287  A$arkosPlayer$448                  
          328A  A$arkosPlayer$450                  
          328C  A$arkosPlayer$451                  
          328E  A$arkosPlayer$452                  
          3290  A$arkosPlayer$454                  
          3292  A$arkosPlayer$455                  
          3293  A$arkosPlayer$457                  
          3297  A$arkosPlayer$458                  
          3299  A$arkosPlayer$459                  
          329B  A$arkosPlayer$460                  
          329D  A$arkosPlayer$461                  
          32A0  A$arkosPlayer$462                  
          32A3  A$arkosPlayer$465                  
          32A4  A$arkosPlayer$466                  
          32A6  A$arkosPlayer$467                  
          32A9  A$arkosPlayer$468                  
          32AD  A$arkosPlayer$469                  
          32B0  A$arkosPlayer$479                  
          32B1  A$arkosPlayer$480                  
          32B3  A$arkosPlayer$482                  
          32B6  A$arkosPlayer$483                  
          32B9  A$arkosPlayer$484                  
          32BB  A$arkosPlayer$485                  
ASxxxx Linker V05.00,  page 23.
Hexidecimal  [16-Bits]
[ Bank == rom ]

Area                       Addr        Size        Decimal Bytes (Attributes)
--------------------       ----        ----        ------- ----- ------------
.text                      001A        624A =       25162. bytes (REL,CON,CSEG)

         Value  Global                             Global Defined In Module
         -----  --------------------------------   ------------------------
          32BD  A$arkosPlayer$486                  
          32C0  A$arkosPlayer$489                  
          32C2  A$arkosPlayer$490                  
          32C6  A$arkosPlayer$491                  
          32C8  A$arkosPlayer$492                  
          32CC  A$arkosPlayer$493                  
          32CE  A$arkosPlayer$494                  
          32D1  A$arkosPlayer$495                  
          32D3  A$arkosPlayer$503                  
          32D6  A$arkosPlayer$504                  
          32D8  A$arkosPlayer$505                  
          32DB  A$arkosPlayer$507                  
          32DD  A$arkosPlayer$508                  
          32DF  A$arkosPlayer$519                  
          32E1  A$arkosPlayer$520                  
          32E4  A$arkosPlayer$522                  
          32E8  A$arkosPlayer$524                  
          32EA  A$arkosPlayer$525                  
          32EC  A$arkosPlayer$526                  
          32EF  A$arkosPlayer$529                  
          32F0  A$arkosPlayer$530                  
          32F1  A$arkosPlayer$531                  
          32F2  A$arkosPlayer$532                  
          32F4  A$arkosPlayer$533                  
          32F5  A$arkosPlayer$534                  
          32F8  A$arkosPlayer$535                  
          32FA  A$arkosPlayer$536                  
          32FC  A$arkosPlayer$537                  
          32FE  A$arkosPlayer$540                  
          32FF  A$arkosPlayer$541                  
          3300  A$arkosPlayer$542                  
          3301  A$arkosPlayer$543                  
          3302  A$arkosPlayer$544                  
          3303  A$arkosPlayer$545                  
          3304  A$arkosPlayer$546                  
          3305  A$arkosPlayer$547                  
          3306  A$arkosPlayer$548                  
          3307  A$arkosPlayer$549                  
          3308  A$arkosPlayer$550                  
          3309  A$arkosPlayer$551                  
          330A  A$arkosPlayer$552                  
          330B  A$arkosPlayer$553                  
          330C  A$arkosPlayer$554                  
          330E  A$arkosPlayer$555                  
          3311  A$arkosPlayer$559                  
          3313  A$arkosPlayer$560                  
          3315  A$arkosPlayer$562                  
          3317  A$arkosPlayer$564                  
          3319  A$arkosPlayer$565                  
          331C  A$arkosPlayer$567                  
ASxxxx Linker V05.00,  page 24.
Hexidecimal  [16-Bits]
[ Bank == rom ]

Area                       Addr        Size        Decimal Bytes (Attributes)
--------------------       ----        ----        ------- ----- ------------
.text                      001A        624A =       25162. bytes (REL,CON,CSEG)

         Value  Global                             Global Defined In Module
         -----  --------------------------------   ------------------------
          331F  A$arkosPlayer$568                  
          3321  A$arkosPlayer$569                  
          3323  A$arkosPlayer$570                  
          3325  A$arkosPlayer$571                  
          3328  A$arkosPlayer$572                  
          332B  A$arkosPlayer$578                  
          332E  A$arkosPlayer$591                  
          3330  A$arkosPlayer$592                  
          3333  A$arkosPlayer$594                  
          3336  A$arkosPlayer$596                  
          3338  A$arkosPlayer$597                  
          333A  A$arkosPlayer$598                  
          333D  A$arkosPlayer$608                  
          333E  A$arkosPlayer$609                  
          333F  A$arkosPlayer$610                  
          3340  A$arkosPlayer$611                  
          3342  A$arkosPlayer$612                  
          3343  A$arkosPlayer$613                  
          3346  A$arkosPlayer$614                  
          3348  A$arkosPlayer$615                  
          334A  A$arkosPlayer$616                  
          334C  A$arkosPlayer$619                  
          334D  A$arkosPlayer$620                  
          334E  A$arkosPlayer$621                  
          334F  A$arkosPlayer$622                  
          3350  A$arkosPlayer$623                  
          3351  A$arkosPlayer$624                  
          3352  A$arkosPlayer$625                  
          3353  A$arkosPlayer$626                  
          3354  A$arkosPlayer$627                  
          3355  A$arkosPlayer$628                  
          3356  A$arkosPlayer$629                  
          3357  A$arkosPlayer$630                  
          3358  A$arkosPlayer$631                  
          3359  A$arkosPlayer$632                  
          335A  A$arkosPlayer$635                  
          335C  A$arkosPlayer$636                  
          335E  A$arkosPlayer$638                  
          3360  A$arkosPlayer$640                  
          3362  A$arkosPlayer$641                  
          3366  A$arkosPlayer$642                  
          3368  A$arkosPlayer$646                  
          336A  A$arkosPlayer$647                  
          336C  A$arkosPlayer$648                  
          336E  A$arkosPlayer$649                  
          3371  A$arkosPlayer$673                  
          3373  A$arkosPlayer$674                  
          3377  A$arkosPlayer$676                  
          3379  A$arkosPlayer$677                  
          337B  A$arkosPlayer$678                  
ASxxxx Linker V05.00,  page 25.
Hexidecimal  [16-Bits]
[ Bank == rom ]

Area                       Addr        Size        Decimal Bytes (Attributes)
--------------------       ----        ----        ------- ----- ------------
.text                      001A        624A =       25162. bytes (REL,CON,CSEG)

         Value  Global                             Global Defined In Module
         -----  --------------------------------   ------------------------
          337D  A$arkosPlayer$679                  
          3380  A$arkosPlayer$680                  
          3382  A$arkosPlayer$683                  
          3384  A$arkosPlayer$684                  
          3387  A$arkosPlayer$686                  
          3389  A$arkosPlayer$687                  
          338B  A$arkosPlayer$688                  
          338D  A$arkosPlayer$689                  
          338F  A$arkosPlayer$691                  
          3391  A$arkosPlayer$692                  
          3393  A$arkosPlayer$694                  
          3397  A$arkosPlayer$706                  
          3399  A$arkosPlayer$707                  
          339B  A$arkosPlayer$708                  
          339D  A$arkosPlayer$709                  
          33A0  A$arkosPlayer$710                  
          33A1  A$arkosPlayer$711                  
          33A2  A$arkosPlayer$712                  
          33A4  A$arkosPlayer$713                  
          33A6  A$arkosPlayer$714                  
          33A8  A$arkosPlayer$716                  
          33AA  A$arkosPlayer$717                  
          33AC  A$arkosPlayer$720                  
          33AF  A$arkosPlayer$721                  
          33B1  A$arkosPlayer$722                  
          33B3  A$arkosPlayer$723                  
          33B5  A$arkosPlayer$724                  
          33B8  A$arkosPlayer$725                  
          33BB  A$arkosPlayer$726                  
          33BD  A$arkosPlayer$727                  
          33C0  A$arkosPlayer$731                  
          33C2  A$arkosPlayer$732                  
          33C4  A$arkosPlayer$733                  
          33C6  A$arkosPlayer$734                  
          33C8  A$arkosPlayer$735                  
          33CA  A$arkosPlayer$737                  
          33CD  A$arkosPlayer$738                  
          33D1  A$arkosPlayer$739                  
          33D3  A$arkosPlayer$740                  
          33D6  A$arkosPlayer$741                  
          33D9  A$arkosPlayer$742                  
          33DC  A$arkosPlayer$743                  
          33DF  A$arkosPlayer$744                  
          33E2  A$arkosPlayer$745                  
          33E5  A$arkosPlayer$746                  
          33E8  A$arkosPlayer$749                  
          33EB  A$arkosPlayer$750                  
          33EC  A$arkosPlayer$751                  
          33EF  A$arkosPlayer$752                  
          33F0  A$arkosPlayer$753                  
ASxxxx Linker V05.00,  page 26.
Hexidecimal  [16-Bits]
[ Bank == rom ]

Area                       Addr        Size        Decimal Bytes (Attributes)
--------------------       ----        ----        ------- ----- ------------
.text                      001A        624A =       25162. bytes (REL,CON,CSEG)

         Value  Global                             Global Defined In Module
         -----  --------------------------------   ------------------------
          33F3  A$arkosPlayer$757                  
          33F6  A$arkosPlayer$758                  
          33F9  A$arkosPlayer$759                  
          33FC  A$arkosPlayer$760                  
          33FE  A$arkosPlayer$761                  
          3401  A$arkosPlayer$762                  
          3404  A$arkosPlayer$764                  
          3406  A$arkosPlayer$765                  
          3409  A$arkosPlayer$767                  
          340A  A$arkosPlayer$783                  
[...]
          C85E  _Vec_ADSR_Timers                   vec_ram_0xc8_1.c
          C85E  _Vec_ADSR_timers                   vec_ram_0xc8_0.c
          C861  _Vec_Music_Freq                    vec_ram_0xc8_1.c
          C861  _Vec_Music_freq                    vec_ram_0xc8_0.c
          C867  _Vec_Expl_Flag                     vec_ram_0xc8_0.c
          C868  _Vec_XXX_10                        vec_ram_0xc8_0.c
          C869  _Vec_XXX_11                        vec_ram_0xc8_0.c
          C86A  _Vec_XXX_12                        vec_ram_0xc8_0.c
          C86B  _Vec_XXX_13                        vec_ram_0xc8_0.c
          C86C  _Vec_XXX_14                        vec_ram_0xc8_0.c
          C86D  _Vec_XXX_15                        vec_ram_0xc8_0.c
          C86E  _Vec_XXX_16                        vec_ram_0xc8_0.c
          C86F  _Vec_XXX_17                        vec_ram_0xc8_0.c
ASxxxx Linker V05.00,  page 85.
Hexidecimal  [16-Bits]
[ Bank == page_c8 ]

Area                       Addr        Size        Decimal Bytes (Attributes)
--------------------       ----        ----        ------- ----- ------------
.dpc8                      C800        0080 =         128. bytes (ABS,OVR,CSEG)

         Value  Global                             Global Defined In Module
         -----  --------------------------------   ------------------------
          C870  _Vec_XXX_18                        vec_ram_0xc8_0.c
          C871  _Vec_XXX_19                        vec_ram_0xc8_0.c
          C872  _Vec_XXX_20                        vec_ram_0xc8_0.c
          C873  _Vec_XXX_21                        vec_ram_0xc8_0.c
          C874  _Vec_XXX_22                        vec_ram_0xc8_0.c
          C875  _Vec_XXX_23                        vec_ram_0xc8_0.c
          C876  _Vec_XXX_24                        vec_ram_0xc8_0.c
          C877  _Vec_Expl_Timer                    vec_ram_0xc8_0.c
          C878  _Vec_XXX_25                        vec_ram_0xc8_0.c
          C879  _Vec_Num_Players                   vec_ram_0xc8_0.c
          C87A  _Vec_Num_Game                      vec_ram_0xc8_0.c
          C87B  _Vec_Seed_Ptr                      vec_ram_0xc8_0.c
          C87D  _Vec_Random_Seed                   vec_ram_0xc8_1.c
          C87D  _Vec_Random_Seed0                  vec_ram_0xc8_0.c
          C87E  _Vec_Random_Seed1                  vec_ram_0xc8_0.c
          C87F  _Vec_Random_Seed2                  vec_ram_0xc8_0.c

ASxxxx Linker V05.00,  page 86.
Hexidecimal  [16-Bits]
[ Bank == page_fd ]

Area                       Addr        Size        Decimal Bytes (Attributes)
--------------------       ----        ----        ------- ----- ------------
.dpfd                      FD0D        00C7 =         199. bytes (ABS,OVR,CSEG)

         Value  Global                             Global Defined In Module
         -----  --------------------------------   ------------------------
          FD0D  _Vec_Music_1                       vec_rom_0xfd_0.c
          FD1D  _Vec_Music_2                       vec_rom_0xfd_0.c
          FD69  _Vec_ADSR_FADE0                    vec_rom_0xfd_0.c
          FD79  _Vec_TWANG_VIBE0                   vec_rom_0xfd_0.c
          FD81  _Vec_Music_3                       vec_rom_0xfd_0.c
          FDC3  _Vec_ADSR_FADE12                   vec_rom_0xfd_0.c
          FDD3  _Vec_Music_4                       vec_rom_0xfd_0.c

ASxxxx Linker V05.00,  page 87.
Hexidecimal  [16-Bits]
[ Bank == page_fe ]

Area                       Addr        Size        Decimal Bytes (Attributes)
--------------------       ----        ----        ------- ----- ------------
.dpfe                      FE28        00D1 =         209. bytes (ABS,OVR,CSEG)

         Value  Global                             Global Defined In Module
         -----  --------------------------------   ------------------------
          FE28  _Vec_ADSR_FADE1                    vec_rom_0xfe_1.c
          FE38  _Vec_Music_5                       vec_rom_0xfe_0.c
          FE66  _Vec_ADSR_FADE2                    vec_rom_0xfe_0.c
          FE76  _Vec_Music_6                       vec_rom_0xfe_0.c
          FEB2  _Vec_ADSR_FADE3                    vec_rom_0xfe_0.c
          FEB6  _Vec_TWANG_VIBENL                  vec_rom_0xfe_1.c
          FEB6  _Vec_TWANG_VIBEHL                  vec_rom_0xfe_0.c
          FEC6  _Vec_Music_7                       vec_rom_0xfe_0.c
          FEE8  _Vec_ADSR_FADE4                    vec_rom_0xfe_0.c
          FEF8  _Vec_Music_8                       vec_rom_0xfe_0.c

ASxxxx Linker V05.00,  page 88.
Hexidecimal  [16-Bits]
[ Bank == page_f4 ]

Area                       Addr        Size        Decimal Bytes (Attributes)
--------------------       ----        ----        ------- ----- ------------
.0xf4                      F404        0095 =         149. bytes (ABS,OVR,CSEG)

         Value  Global                             Global Defined In Module
         -----  --------------------------------   ------------------------
          F404  ___Draw_VLp_FF                     vec_rum_0xf4.c
          F408  ___Draw_VLp_7F                     vec_rum_0xf4.c
          F40C  ___Draw_VLp_scale                  vec_rum_0xf4.c
          F40E  ___Draw_VLp_b                      vec_rum_0xf4.c
          F410  ___Draw_VLp                        vec_rum_0xf4.c
          F433  ___Draw_Pat_VL_aa                  vec_rum_0xf4.c
          F434  ___Draw_Pat_VL_a                   vec_rum_0xf4.c
          F437  ___Draw_Pat_VL                     vec_rum_0xf4.c
          F439  ___Draw_Pat_VL_d                   vec_rum_0xf4.c
          F46E  ___Draw_VL_mode                    vec_rum_0xf4.c
          F495  ___Print_Str                       vec_rum_0xf4.c
          F498  ___Print_MRast                     vec_rum_0xf4.c
ASxxxx Linker V05.00,  page 89.
Hexidecimal  [16-Bits]
[ Bank == page_ea ]

Area                       Addr        Size        Decimal Bytes (Attributes)
--------------------       ----        ----        ------- ----- ------------
.0xea                      EA3E        00B3 =         179. bytes (ABS,OVR,CSEG)

         Value  Global                             Global Defined In Module
         -----  --------------------------------   ------------------------
          EA3E  ___Rnd_Cone                        vec_rum_0xea.c
          EA5D  ___Dot_y                           vec_rum_0xea.c
          EA6D  ___Dot_py                          vec_rum_0xea.c
          EA7F  ___Draw_Pack                       vec_rum_0xea.c
          EA8D  ___Draw_Pack_py                    vec_rum_0xea.c
          EAA8  ___Print_Msg                       vec_rum_0xea.c
          EAB4  ___Draw_Score                      vec_rum_0xea.c
          EACF  ___Draw_Scores                     vec_rum_0xea.c
          EAF0  ___Wait_Bound                      vec_rum_0xea.c

ASxxxx Linker V05.00,  page 90.
Hexidecimal  [16-Bits]
[ Bank == page_f2 ]

Area                       Addr        Size        Decimal Bytes (Attributes)
--------------------       ----        ----        ------- ----- ------------
.0xf2                      F256        00A7 =         167. bytes (ABS,OVR,CSEG)

         Value  Global                             Global Defined In Module
         -----  --------------------------------   ------------------------
          F256  ___Sound_Byte                      vec_rum_0xf2.c
          F259  ___Sound_Byte_x                    vec_rum_0xf2.c
          F272  ___Clear_Sound                     vec_rum_0xf2.c
          F27D  ___Sound_Bytes                     vec_rum_0xf2.c
          F284  ___Sound_Bytes_x                   vec_rum_0xf2.c
          F289  ___Do_Sound                        vec_rum_0xf2.c
          F28C  ___Do_Sound_x                      vec_rum_0xf2.c
          F29D  ___Intensity_1F                    vec_rum_0xf2.c
          F2A1  ___Intensity_3F                    vec_rum_0xf2.c
          F2A5  ___Intensity_5F                    vec_rum_0xf2.c
          F2A9  ___Intensity_7F                    vec_rum_0xf2.c
          F2AB  ___Intensity_a                     vec_rum_0xf2.c
          F2BE  ___Dot_ix_b                        vec_rum_0xf2.c
          F2C1  ___Dot_ix                          vec_rum_0xf2.c
          F2C3  ___Dot_d                           vec_rum_0xf2.c
          F2C5  ___Dot_here                        vec_rum_0xf2.c
          F2D5  ___Dot_List                        vec_rum_0xf2.c
          F2DE  ___Dot_List_Reset                  vec_rum_0xf2.c
          F2E6  ___Recalibrate                     vec_rum_0xf2.c
          F2F2  ___Moveto_x_7F                     vec_rum_0xf2.c
          F2FC  ___Moveto_d_7F                     vec_rum_0xf2.c

ASxxxx Linker V05.00,  page 91.
Hexidecimal  [16-Bits]
[ Bank == page_ed ]

Area                       Addr        Size        Decimal Bytes (Attributes)
--------------------       ----        ----        ------- ----- ------------
.dped                      ED77        0019 =          25. bytes (ABS,OVR,CSEG)

         Value  Global                             Global Defined In Module
         -----  --------------------------------   ------------------------
          ED77  _Vec_Music_0                       vec_rom_0xed_0.c
          ED8F  _Vec_ADSR_FADE66                   vec_rom_0xed_0.c

ASxxxx Linker V05.00,  page 92.
Hexidecimal  [16-Bits]
[ Bank == page_f9 ]

Area                       Addr        Size        Decimal Bytes (Attributes)
--------------------       ----        ----        ------- ----- ------------
.0xf9                      F92E        009D =         157. bytes (ABS,OVR,CSEG)

         Value  Global                             Global Defined In Module
         -----  --------------------------------   ------------------------
          F92E  ___Explosion_Snd                   vec_rum_0xf9.c
          F9CA  ___Set_Amp                         vec_rum_0xf9.c

ASxxxx Linker V05.00,  page 93.
Hexidecimal  [16-Bits]
[ Bank == page_f1 ]

Area                       Addr        Size        Decimal Bytes (Attributes)
--------------------       ----        ----        ------- ----- ------------
.0xf1                      F14C        00AD =         173. bytes (ABS,OVR,CSEG)

         Value  Global                             Global Defined In Module
         -----  --------------------------------   ------------------------
          F14C  ___Init_VIA                        vec_rum_0xf1.c
          F164  ___Init_OS_RAM                     vec_rum_0xf1.c
          F18B  ___Init_OS                         vec_rum_0xf1.c
          F192  ___Wait_Recal                      vec_rum_0xf1.c
          F1AA  ___DP_to_D0                        vec_rum_0xf1.c
          F1AF  ___DP_to_C8                        vec_rum_0xf1.c
          F1B4  ___Read_Btns_Mask                  vec_rum_0xf1.c
          F1BA  ___Read_Btns                       vec_rum_0xf1.c
          F1F5  ___Joy_Analog                      vec_rum_0xf1.c
          F1F8  ___Joy_Digital                     vec_rum_0xf1.c

ASxxxx Linker V05.00,  page 94.
Hexidecimal  [16-Bits]
[ Bank == page_f3 ]

Area                       Addr        Size        Decimal Bytes (Attributes)
--------------------       ----        ----        ------- ----- ------------
.0xf3                      F308        00D8 =         216. bytes (ABS,OVR,CSEG)

         Value  Global                             Global Defined In Module
         -----  --------------------------------   ------------------------
          F308  ___Moveto_ix_FF                    vec_rum_0xf3.c
          F30C  ___Moveto_ix_7F                    vec_rum_0xf3.c
          F30E  ___Moveto_ix_b                     vec_rum_0xf3.c
          F310  ___Moveto_ix                       vec_rum_0xf3.c
          F312  ___Moveto_d                        vec_rum_0xf3.c
          F34A  ___Reset0Ref_D0                    vec_rum_0xf3.c
          F34F  ___Check0Ref                       vec_rum_0xf3.c
          F354  ___Reset0Ref                       vec_rum_0xf3.c
          F35B  ___Reset_Pen                       vec_rum_0xf3.c
          F36B  ___Reset0Int                       vec_rum_0xf3.c
          F373  ___Print_Str_hwyx                  vec_rum_0xf3.c
          F378  ___Print_Str_yx                    vec_rum_0xf3.c
          F37A  ___Print_Str_d                     vec_rum_0xf3.c
          F385  ___Print_List_hw                   vec_rum_0xf3.c
          F38A  ___Print_List                      vec_rum_0xf3.c
          F38C  ___Print_List_chk                  vec_rum_0xf3.c
          F391  ___Print_Ships_x                   vec_rum_0xf3.c
          F393  ___Print_Ships                     vec_rum_0xf3.c
          F3AD  ___Mov_Draw_VLc_a                  vec_rum_0xf3.c
          F3B1  ___Mov_Draw_VL_b                   vec_rum_0xf3.c
          F3B5  ___Mov_Draw_VLcs                   vec_rum_0xf3.c
          F3B7  ___Mov_Draw_VL_ab                  vec_rum_0xf3.c
          F3B9  ___Mov_Draw_VL_a                   vec_rum_0xf3.c
          F3BC  ___Mov_Draw_VL                     vec_rum_0xf3.c
          F3BE  ___Mov_Draw_VL_d                   vec_rum_0xf3.c
          F3CE  ___Draw_VLc                        vec_rum_0xf3.c
          F3D2  ___Draw_VL_b                       vec_rum_0xf3.c
          F3D6  ___Draw_VLcs                       vec_rum_0xf3.c
          F3D8  ___Draw_VL_ab                      vec_rum_0xf3.c
          F3DA  ___Draw_VL_a                       vec_rum_0xf3.c
          F3DD  ___Draw_VL                         vec_rum_0xf3.c
          F3DF  ___Draw_Line_d                     vec_rum_0xf3.c
ASxxxx Linker V05.00,  page 95.

Files Linked                              [ module(s) ]

/home/frank/bin/Vide2.5.1.java/C/PeerC/v  [ crt0.c ]
/home/frank/bin/Vide2.5.1.java/C/PeerC/v  [ vec_rum_0xf0.c ]
/home/frank/bin/Vide2.5.1.java/C/PeerC/v  [ vec_ram_dpcb_0.c ]
/home/frank/bin/Vide2.5.1.java/C/PeerC/v  [ vec_rom_0xfc_0.c ]
/home/frank/bin/Vide2.5.1.java/C/PeerC/v  [ vec_rom_0xff_0.c ]
/home/frank/bin/Vide2.5.1.java/C/PeerC/v  [ vec_ram_0xd0_1.c ]
/home/frank/bin/Vide2.5.1.java/C/PeerC/v  [ vec_ram_0xcb_1.c ]
/home/frank/bin/Vide2.5.1.java/C/PeerC/v  [ vec_rum_0xf5.c ]
/home/frank/bin/Vide2.5.1.java/C/PeerC/v  [ vec_rum_0xf6.c ]
/home/frank/bin/Vide2.5.1.java/C/PeerC/v  [ vec_rom_dpff_0.c ]
/home/frank/bin/Vide2.5.1.java/C/PeerC/v  [ vec_rum_0xf8.c ]
/home/frank/bin/Vide2.5.1.java/C/PeerC/v  [ vec_rum_0xf7.c ]
/home/frank/bin/Vide2.5.1.java/C/PeerC/v  [ vec_ram_0xcb_3.c ]
/home/frank/bin/Vide2.5.1.java/C/PeerC/v  [ vec_rom_dpfc_0.c ]
/home/frank/bin/Vide2.5.1.java/C/PeerC/v  [ vec_ram_dpc8_2.c ]
/home/frank/bin/Vide2.5.1.java/C/PeerC/v  [ vec_ram_dpd0_1.c ]
/home/frank/bin/Vide2.5.1.java/C/PeerC/v  [ vec_rom_dpfd_0.c ]
/home/frank/bin/Vide2.5.1.java/C/PeerC/v  [ vec_ram_dpcb_2.c ]
/home/frank/bin/Vide2.5.1.java/C/PeerC/v  [ vec_rum_0xe9.c ]
/home/frank/bin/Vide2.5.1.java/C/PeerC/v  [ vec_rum_0xe7.c ]
/home/frank/bin/Vide2.5.1.java/C/PeerC/v  [ vec_ram_0xc8_2.c ]
/home/frank/bin/Vide2.5.1.java/C/PeerC/v  [ vec_rom_0xfd_0.c ]
/home/frank/bin/Vide2.5.1.java/C/PeerC/v  [ vec_rom_0xfe_1.c ]
/home/frank/bin/Vide2.5.1.java/C/PeerC/v  [ vec_ram_dpc8_0.c ]
/home/frank/bin/Vide2.5.1.java/C/PeerC/v  [ vec_ram_0xcb_0.c ]
/home/frank/bin/Vide2.5.1.java/C/PeerC/v  [ vec_ram_0xc8_1.c ]
/home/frank/bin/Vide2.5.1.java/C/PeerC/v  [ vec_rum_0xf4.c ]
/home/frank/bin/Vide2.5.1.java/C/PeerC/v  [ vec_ram_dpd0_0.c ]
/home/frank/bin/Vide2.5.1.java/C/PeerC/v  [ vec_rum_0xea.c ]
/home/frank/bin/Vide2.5.1.java/C/PeerC/v  [ vec_ram_dpcb_1.c ]
/home/frank/bin/Vide2.5.1.java/C/PeerC/v  [ vec_ram_0xcb_2.c ]
/home/frank/bin/Vide2.5.1.java/C/PeerC/v  [ vec_ram_dpcb_3.c ]
/home/frank/bin/Vide2.5.1.java/C/PeerC/v  [ vec_rom_dpfe_1.c ]
/home/frank/bin/Vide2.5.1.java/C/PeerC/v  [ vec_ram_dpc8_1.c ]
/home/frank/bin/Vide2.5.1.java/C/PeerC/v  [ vec_rom_dpfe_0.c ]
/home/frank/bin/Vide2.5.1.java/C/PeerC/v  [ vec_rom_0xfe_0.c ]
/home/frank/bin/Vide2.5.1.java/C/PeerC/v  [ vec_ram_0xc8_0.c ]
/home/frank/bin/Vide2.5.1.java/C/PeerC/v  [ vec_rum_0xf2.c ]
/home/frank/bin/Vide2.5.1.java/C/PeerC/v  [ vec_rom_0xed_0.c ]
/home/frank/bin/Vide2.5.1.java/C/PeerC/v  [ vec_rom_dped_0.c ]
/home/frank/bin/Vide2.5.1.java/C/PeerC/v  [ vec_ram_0xd0_0.c ]
/home/frank/bin/Vide2.5.1.java/C/PeerC/v  [ vec_rum_0xf9.c ]
/home/frank/bin/Vide2.5.1.java/C/PeerC/v  [ vec_rum_0xf1.c ]
/home/frank/bin/Vide2.5.1.java/C/PeerC/v  [ vec_rum_0xf3.c ]
/home/frank/bin/Vide2.5.1.java/C/PeerC/v  [ gcc.c ]
/home/frank/data/projects/bloxorz/Vide/b  [ block.enr.c ]
/home/frank/data/projects/bloxorz/Vide/b  [  ]
/home/frank/data/projects/bloxorz/Vide/b  [  ]
/home/frank/data/projects/bloxorz/Vide/b  [  ]
/home/frank/data/projects/bloxorz/Vide/b  [ level.enr.c ]
/home/frank/data/projects/bloxorz/Vide/b  [ cartridge.enr.c ]
/home/frank/data/projects/bloxorz/Vide/b  [  ]
/home/frank/data/projects/bloxorz/Vide/b  [ bloxorz.enr.c ]
/home/frank/data/projects/bloxorz/Vide/b  [  ]
/home/frank/data/projects/bloxorz/Vide/b  [ leveldata.enr.c ]



?ASlink-Warning-PageN relocation error
         file              module            area                   offset
  Refby  /home/frank/da                      .text                    0013
  Defin  /home/frank/da                      _DATA                    D002

?ASlink-Warning-PageN relocation error
         file              module            area                   offset
  Refby  /home/frank/da                      .text                    0015
  Defin  /home/frank/da                      _DATA                    D000

?ASlink-Warning-PageN relocation error
         file              module            area                   offset
  Refby  /home/frank/da                      .text                    0019
  Defin  /home/frank/da                      _DATA                    D000

?ASlink-Warning-PageN relocation error
         file              module            area                   offset
  Refby  /home/frank/da                      .text                    0026
  Defin  /home/frank/da                      _DATA                    D002

?ASlink-Warning-PageN relocation error
         file              module            area                   offset
  Refby  /home/frank/da                      .text                    002E
  Defin  /home/frank/da                      _DATA                    D002

?ASlink-Warning-PageN relocation error
         file              module            area                   offset
  Refby  /home/frank/da                      .text                    0034
  Defin  /home/frank/da                      _DATA                    D002

?ASlink-Warning-PageN relocation error
         file              module            area                   offset
  Refby  /home/frank/da                      .text                    0038
  Defin  /home/frank/da                      _DATA                    D002

?ASlink-Warning-PageN relocation error
         file              module            area                   offset
  Refby  /home/frank/da                      .text                    0055
  Defin  /home/frank/da                      _DATA                    D002

?ASlink-Warning-PageN relocation error
         file              module            area                   offset
  Refby  /home/frank/da                      .text                    006D
  Defin  /home/frank/da                      _DATA                    D000

?ASlink-Warning-PageN relocation error
         file              module            area                   offset
  Refby  /home/frank/da                      .text                    007D
  Defin  /home/frank/da                      _DATA                    D000

?ASlink-Warning-PageN relocation error
         file              module            area                   offset
  Refby  /home/frank/da                      .text                    008B
  Defin  /home/frank/da                      _DATA                    D000
