Microchip MPLAB XC8 Compiler V1.42 ()

Linker command line:

-W-3 --edf=/opt/microchip/xc8/v1.42/dat/en_msgs.txt -cs \
  -h+dist/default/production/programmer.X.production.sym \
  --cmf=dist/default/production/programmer.X.production.cmf -z -Q18F45K50 \
  -o/tmp/xcXP4VR1D -Mdist/default/production/programmer.X.production.map \
  -E1 -ver=XC8 -ASTACK=0600h-07ffh -pstack=STACK -ACODE=00h-07FFFh \
  -ACONST=00h-07FFFh -ASMALLCONST=0800h-08FFhx120 \
  -AMEDIUMCONST=0800h-07FFFh -ACOMRAM=01h-05Fh -AABS1=00h-07FFh \
  -ABIGRAM=01h-07FFh -ARAM=060h-0FFh,0100h-01FFhx7 -ABANK0=060h-0FFh \
  -ABANK1=0100h-01FFh -ABANK2=0200h-02FFh -ABANK3=0300h-03FFh \
  -ABANK4=0400h-04FFh -ABANK5=0500h-05FFh -ABANK6=0600h-06FFh \
  -ABANK7=0700h-07FFh -ASFR=0F53h-0F5Fh,0F60h-0FFFh \
  -preset_vec=00h,intcode=08h,intcodelo,powerup,init -pramtop=0800h \
  -psmallconst=SMALLCONST -pmediumconst=MEDIUMCONST -pconst=CONST \
  -AFARRAM=00h-00h -ACONFIG=0300000h-030000Dh -pconfig=CONFIG \
  -AIDLOC=0200000h-0200007h -pidloc=IDLOC -AEEDATA=0F00000h-0F000FFh \
  -peeprom_data=EEDATA \
  -prdata=COMRAM,nvrram=COMRAM,nvbit=COMRAM,rbss=COMRAM,rbit=COMRAM \
  -pfarbss=FARRAM,fardata=FARRAM,nvFARRAM=FARRAM \
  -pintsave_regs=BIGRAM,bigbss=BIGRAM,bigdata=BIGRAM -pbss=RAM \
  -pidata=CODE,irdata=CODE,ibigdata=CODE,ifardata=CODE -prparam=COMRAM \
  /tmp/xcXlOr1tW.obj dist/default/production/programmer.X.production.obj 

Object code version is 3.11

Machine type is 18F45K50

Call graph: (short form)




                Name                               Link     Load   Length Selector   Space Scale
/tmp/xcXlOr1tW.obj
                init                                 B2       B2        4        4       0
                reset_vec                             0        0        4        0       0
                idloc                            200000   200000        8   200000       0
                config                           300000   300000        E   300000       0
dist/default/production/programmer.X.production.obj
                intcode                               8        8       AA        4       0
                temp                                 2C       2C        1        1       1
                smallconst                          800      800       14      400       0
                text28                              E7E      E7E       1E      40A       0
                text27                              EB4      EB4        C      40A       0
                text26                              EA8      EA8        C      40A       0
                text25                              E2C      E2C       2A      40A       0
                text24                              F18      F18        4      40A       0
                text23                              F00      F00        8      40A       0
                text22                              EF8      EF8        8      40A       0
                text21                              EF0      EF0        8      40A       0
                text20                              E56      E56       28      40A       0
                text19                              F14      F14        4      40A       0
                text18                              F10      F10        4      40A       0
                text17                              F0C      F0C        4      40A       0
                text16                              F08      F08        4      40A       0
                text15                              CE2      CE2       4C      40A       0
                text14                              C42      C42       52      40A       0
                text13                              E02      E02       2A      40A       0
                text12                              EE8      EE8        8      40A       0
                text11                              EE0      EE0        8      40A       0
                text10                              ED8      ED8        8      40A       0
                text9                               D2E      D2E       3E      40A       0
                text8                               DD4      DD4       2E      40A       0
                text7                               C94      C94       4E      40A       0
                text6                               ED0      ED0        8      40A       0
                text5                               E9C      E9C        C      40A       0
                text4                               EC8      EC8        8      40A       0
                text3                               EC0      EC0        8      40A       0
                text2                               814      814      3D4      40A       0
                text1                               D6C      D6C       38      40A       0
                text0                               DA4      DA4       30      40A       0
                cstackCOMRAM                          1        1       1A        1       1
                bssBIGRAM                           200      200      400      200       1
                bssBANK1                            100      100      100      100       1
                dataCOMRAM                           2A       2A        2        1       1
                bssCOMRAM                            1B       1B        F        1       1
                cinit                               BE8      BE8       5A      40A       0
                idataCOMRAM                         F1C      F1C        2      40A       0

TOTAL           Name                               Link     Load   Length     Space
        CLASS   STACK          

        CLASS   CODE           
                intcode                               8        8       AA         0
                init                                 B2       B2        4         0
                reset_vec                             0        0        4         0
                text28                              E7E      E7E       1E         0
                text27                              EB4      EB4        C         0
                text26                              EA8      EA8        C         0
                text25                              E2C      E2C       2A         0
                text24                              F18      F18        4         0
                text23                              F00      F00        8         0
                text22                              EF8      EF8        8         0
                text21                              EF0      EF0        8         0
                text20                              E56      E56       28         0
                text19                              F14      F14        4         0
                text18                              F10      F10        4         0
                text17                              F0C      F0C        4         0
                text16                              F08      F08        4         0
                text15                              CE2      CE2       4C         0
                text14                              C42      C42       52         0
                text13                              E02      E02       2A         0
                text12                              EE8      EE8        8         0
                text11                              EE0      EE0        8         0
                text10                              ED8      ED8        8         0
                text9                               D2E      D2E       3E         0
                text8                               DD4      DD4       2E         0
                text7                               C94      C94       4E         0
                text6                               ED0      ED0        8         0
                text5                               E9C      E9C        C         0
                text4                               EC8      EC8        8         0
                text3                               EC0      EC0        8         0
                text2                               814      814      3D4         0
                text1                               D6C      D6C       38         0
                text0                               DA4      DA4       30         0
                cinit                               BE8      BE8       5A         0
                idataCOMRAM                         F1C      F1C        2         0

        CLASS   CONST          

        CLASS   SMALLCONST     
                smallconst                          800      800       14         0

        CLASS   MEDIUMCONST    

        CLASS   COMRAM         
                temp                                 2C       2C        1         1
                cstackCOMRAM                          1        1       1A         1
                dataCOMRAM                           2A       2A        2         1
                bssCOMRAM                            1B       1B        F         1

        CLASS   ABS1           

        CLASS   BIGRAM         
                bssBIGRAM                           200      200      400         1

        CLASS   RAM            

        CLASS   BANK0          

        CLASS   BANK1          
                bssBANK1                            100      100      100         1

        CLASS   BANK2          

        CLASS   BANK3          

        CLASS   BANK4          

        CLASS   BANK5          

        CLASS   BANK6          

        CLASS   BANK7          

        CLASS   SFR            

        CLASS   FARRAM         

        CLASS   CONFIG         
                config                           300000   300000        E         0

        CLASS   IDLOC          
                idloc                            200000   200000        8         0

        CLASS   EEDATA         



SEGMENTS        Name                           Load    Length   Top    Selector   Space  Class

                reset_vec                      000000  000004  000004         0       0  CODE    
                cstackCOMRAM                   000001  00002C  00002D         1       1  COMRAM  
                intcode                        000008  0000AE  0000B6         4       0  CODE    
                bssBANK1                       000100  000100  000200       100       1  BANK1   
                bssBIGRAM                      000200  000400  000600       200       1  BIGRAM  
                smallconst                     000800  000014  000814       400       0  SMALLCON
                text2                          000814  00070A  000F1E       40A       0  CODE    
                idloc                          200000  000008  200008    200000       0  IDLOC   
                config                         300000  00000E  30000E    300000       0  CONFIG  


UNUSED ADDRESS RANGES

        Name                Unused          Largest block    Delta
        BANK0            000060-0000FF               A0
        BANK6            000600-0006FF              100
        BANK7            000700-0007FF              100
        BIGRAM           00002D-0000FF               D3
                         000600-0007FF              200
        CODE             000004-000007                4
                         0000B6-0007FF              74A
                         000F1E-007FFF             70E2
        COMRAM           00002D-00005F               33
        CONST            000004-000007                4
                         0000B6-0007FF              74A
                         000F1E-007FFF             70E2
        EEDATA           F00000-F000FF              100
        MEDIUMCONST      000F1E-007FFF             70E2
        RAM              000060-0000FF               A0
                         000600-0007FF              100
        SFR              000F53-000FFF                D
        SMALLCONST       000F1E-007FFF              100
        STACK            000600-0007FF              200

                                  Symbol Table

?_logicAddressToPhysical         cstackCOMRAM 00000F
_ADCON0                          (abs)        000FC2
_ANSELA                          (abs)        000F5B
_ANSELC                          (abs)        000F5D
_BAUDCON1bits                    (abs)        000FB8
_INTCONbits                      (abs)        000FF2
_OSCCONbits                      (abs)        000FD3
_PIE1bits                        (abs)        000F9D
_PIR1bits                        (abs)        000F9E
_PORTA                           (abs)        000F80
_PORTB                           (abs)        000F81
_PORTC                           (abs)        000F82
_PORTD                           (abs)        000F83
_PORTE                           (abs)        000F84
_RCONbits                        (abs)        000FD0
_RCREG1                          (abs)        000FAE
_RCSTA1bits                      (abs)        000FAB
_SPBRG1                          (abs)        000FAF
_TRISA                           (abs)        000F92
_TRISB                           (abs)        000F93
_TRISC                           (abs)        000F94
_TRISD                           (abs)        000F95
_TRISE                           (abs)        000F96
_TXREG1                          (abs)        000FAD
_TXSTA1bits                      (abs)        000FAC
__CFG_BOREN$SBORDIS              (abs)        000000
__CFG_BORV$190                   (abs)        000000
__CFG_CCP2MX$RC1                 (abs)        000000
__CFG_CFGPLLEN$OFF               (abs)        000000
__CFG_CP0$OFF                    (abs)        000000
__CFG_CP1$OFF                    (abs)        000000
__CFG_CP2$OFF                    (abs)        000000
__CFG_CP3$OFF                    (abs)        000000
__CFG_CPB$OFF                    (abs)        000000
__CFG_CPD$OFF                    (abs)        000000
__CFG_CPUDIV$NOCLKDIV            (abs)        000000
__CFG_EBTR0$OFF                  (abs)        000000
__CFG_EBTR1$OFF                  (abs)        000000
__CFG_EBTR2$OFF                  (abs)        000000
__CFG_EBTR3$OFF                  (abs)        000000
__CFG_EBTRB$OFF                  (abs)        000000
__CFG_FCMEN$OFF                  (abs)        000000
__CFG_FOSC$INTOSCIO              (abs)        000000
__CFG_ICPRT$OFF                  (abs)        000000
__CFG_IESO$OFF                   (abs)        000000
__CFG_LS48MHZ$SYS24X4            (abs)        000000
__CFG_LVP$ON                     (abs)        000000
__CFG_MCLRE$OFF                  (abs)        000000
__CFG_PBADEN$OFF                 (abs)        000000
__CFG_PCLKEN$ON                  (abs)        000000
__CFG_PLLSEL$PLL4X               (abs)        000000
__CFG_SDOMX$RB3                  (abs)        000000
__CFG_STVREN$ON                  (abs)        000000
__CFG_T3CMX$RC0                  (abs)        000000
__CFG_WDTEN$OFF                  (abs)        000000
__CFG_WDTPS$32768                (abs)        000000
__CFG_WRT0$OFF                   (abs)        000000
__CFG_WRT1$OFF                   (abs)        000000
__CFG_WRT2$OFF                   (abs)        000000
__CFG_WRT3$OFF                   (abs)        000000
__CFG_WRTB$OFF                   (abs)        000000
__CFG_WRTC$OFF                   (abs)        000000
__CFG_WRTD$OFF                   (abs)        000000
__CFG_XINST$OFF                  (abs)        000000
__CFG_nLPBOR$OFF                 (abs)        000000
__CFG_nPWRTEN$OFF                (abs)        000000
__HRAM                           (abs)        000000
__Habs1                          abs1         000000
__Hbank0                         bank0        000000
__Hbank1                         bank1        000000
__Hbank2                         bank2        000000
__Hbank3                         bank3        000000
__Hbank4                         bank4        000000
__Hbank5                         bank5        000000
__Hbank6                         bank6        000000
__Hbank7                         bank7        000000
__Hbigbss                        bigbss       000000
__Hbigdata                       bigdata      000000
__Hbigram                        bigram       000000
__Hbss                           bss          000000
__HbssBANK1                      bssBANK1     000000
__HbssBIGRAM                     bssBIGRAM    000000
__HbssCOMRAM                     bssCOMRAM    000000
__Hcinit                         cinit        000000
__Hclrtext                       clrtext      000000
__Hcomram                        comram       000000
__Hconfig                        config       30000E
__Hconst                         const        000000
__HcstackCOMRAM                  cstackCOMRAM 000000
__Hdata                          data         000000
__HdataCOMRAM                    dataCOMRAM   000000
__Heeprom_data                   eeprom_data  000000
__Hfarbss                        farbss       000000
__Hfardata                       fardata      000000
__Hibigdata                      ibigdata     000000
__Hidata                         idata        000000
__HidataCOMRAM                   idataCOMRAM  000000
__Hidloc                         idloc        200008
__Hifardata                      ifardata     000000
__Hinit                          init         0000B6
__Hintcode                       intcode      0000B2
__Hintcode_body                  intcode_body 000000
__Hintcodelo                     intcodelo    0000B2
__Hintentry                      intentry     000000
__Hintret                        intret       000000
__Hintsave_regs                  intsave_regs 000000
__Hirdata                        irdata       000000
__Hmediumconst                   mediumconst  000000
__HnvFARRAM                      nvFARRAM     000000
__Hnvbit                         nvbit        000000
__Hnvrram                        nvrram       000000
__Hparam                         rparam       000000
__Hpowerup                       powerup      0000B2
__Hram                           ram          000000
__Hramtop                        ramtop       000800
__Hrbit                          rbit         000000
__Hrbss                          rbss         000000
__Hrdata                         rdata        000000
__Hreset_vec                     reset_vec    000004
__Hrparam                        rparam       000000
__Hsfr                           sfr          000000
__Hsmallconst                    smallconst   000814
__Hspace_0                       (abs)        30000E
__Hspace_1                       (abs)        000600
__Hspace_2                       (abs)        000000
__Hstack                         stack        000000
__Hstruct                        struct       000000
__Htemp                          temp         00002D
__Htext                          text         000000
__Htext0                         text0        000000
__Htext1                         text1        000000
__Htext10                        text10       000000
__Htext11                        text11       000000
__Htext12                        text12       000000
__Htext13                        text13       000000
__Htext14                        text14       000000
__Htext15                        text15       000000
__Htext16                        text16       000000
__Htext17                        text17       000000
__Htext18                        text18       000000
__Htext19                        text19       000000
__Htext2                         text2        000000
__Htext20                        text20       000000
__Htext21                        text21       000000
__Htext22                        text22       000000
__Htext23                        text23       000000
__Htext24                        text24       000000
__Htext25                        text25       000000
__Htext26                        text26       000000
__Htext27                        text27       000000
__Htext28                        text28       000000
__Htext3                         text3        000000
__Htext4                         text4        000000
__Htext5                         text5        000000
__Htext6                         text6        000000
__Htext7                         text7        000000
__Htext8                         text8        000000
__Htext9                         text9        000000
__LRAM                           (abs)        000001
__Labs1                          abs1         000000
__Lbank0                         bank0        000000
__Lbank1                         bank1        000000
__Lbank2                         bank2        000000
__Lbank3                         bank3        000000
__Lbank4                         bank4        000000
__Lbank5                         bank5        000000
__Lbank6                         bank6        000000
__Lbank7                         bank7        000000
__Lbigbss                        bigbss       000000
__Lbigdata                       bigdata      000000
__Lbigram                        bigram       000000
__Lbss                           bss          000000
__LbssBANK1                      bssBANK1     000000
__LbssBIGRAM                     bssBIGRAM    000000
__LbssCOMRAM                     bssCOMRAM    000000
__Lcinit                         cinit        000000
__Lclrtext                       clrtext      000000
__Lcomram                        comram       000000
__Lconfig                        config       300000
__Lconst                         const        000000
__LcstackCOMRAM                  cstackCOMRAM 000000
__Ldata                          data         000000
__LdataCOMRAM                    dataCOMRAM   000000
__Leeprom_data                   eeprom_data  000000
__Lfarbss                        farbss       000000
__Lfardata                       fardata      000000
__Libigdata                      ibigdata     000000
__Lidata                         idata        000000
__LidataCOMRAM                   idataCOMRAM  000000
__Lidloc                         idloc        200000
__Lifardata                      ifardata     000000
__Linit                          init         0000B2
__Lintcode                       intcode      000008
__Lintcode_body                  intcode_body 000000
__Lintcodelo                     intcodelo    0000B2
__Lintentry                      intentry     000000
__Lintret                        intret       000000
__Lintsave_regs                  intsave_regs 000000
__Lirdata                        irdata       000000
__Lmediumconst                   mediumconst  000000
__LnvFARRAM                      nvFARRAM     000000
__Lnvbit                         nvbit        000000
__Lnvrram                        nvrram       000000
__Lparam                         rparam       000000
__Lpowerup                       powerup      0000B2
__Lram                           ram          000000
__Lramtop                        ramtop       000800
__Lrbit                          rbit         000000
__Lrbss                          rbss         000000
__Lrdata                         rdata        000000
__Lreset_vec                     reset_vec    000000
__Lrparam                        rparam       000000
__Lsfr                           sfr          000000
__Lsmallconst                    smallconst   000800
__Lspace_0                       (abs)        000000
__Lspace_1                       (abs)        000000
__Lspace_2                       (abs)        000000
__Lstack                         stack        000000
__Lstruct                        struct       000000
__Ltemp                          temp         00002C
__Ltext                          text         000000
__Ltext0                         text0        000000
__Ltext1                         text1        000000
__Ltext10                        text10       000000
__Ltext11                        text11       000000
__Ltext12                        text12       000000
__Ltext13                        text13       000000
__Ltext14                        text14       000000
__Ltext15                        text15       000000
__Ltext16                        text16       000000
__Ltext17                        text17       000000
__Ltext18                        text18       000000
__Ltext19                        text19       000000
__Ltext2                         text2        000000
__Ltext20                        text20       000000
__Ltext21                        text21       000000
__Ltext22                        text22       000000
__Ltext23                        text23       000000
__Ltext24                        text24       000000
__Ltext25                        text25       000000
__Ltext26                        text26       000000
__Ltext27                        text27       000000
__Ltext28                        text28       000000
__Ltext3                         text3        000000
__Ltext4                         text4        000000
__Ltext5                         text5        000000
__Ltext6                         text6        000000
__Ltext7                         text7        000000
__Ltext8                         text8        000000
__Ltext9                         text9        000000
__S0                             (abs)        30000E
__S1                             (abs)        000600
__S2                             (abs)        000000
___inthi_sp                      stack        000000
___intlo_sp                      stack        000000
___param_bank                    (abs)        000000
___rparam_used                   (abs)        000001
___sp                            stack        000000
__accesstop                      (abs)        000060
__activetblptr                   (abs)        000002
__end_of__initialization         cinit        000C34
__end_of_error                   text26       000EB4
__end_of_initUart                text28       000E9C
__end_of_logicAddressToPhysical  text14       000C94
__end_of_logicDataToPhysical     text13       000E2C
__end_of_main                    text0        000DD4
__end_of_onData                  text2        000BE8
__end_of_parseHex                text25       000E56
__end_of_readAddress             text20       000E7E
__end_of_readChar                text1        000DA4
__end_of_readPort                text15       000D2E
__end_of_readPortA               text24       000F1C
__end_of_readPortB               text19       000F18
__end_of_readPortC               text18       000F14
__end_of_readPortD               text17       000F10
__end_of_readPortE               text16       000F0C
__end_of_receiveData             intcode      0000B2
__end_of_writeAddress            text9        000D6C
__end_of_writeAddressPhysical    text8        000E02
__end_of_writeChar               text27       000EC0
__end_of_writeHex                text7        000CE2
__end_of_writePortA              text12       000EF0
__end_of_writePortB              text23       000F08
__end_of_writePortC              text22       000F00
__end_of_writePortD              text21       000EF8
__end_of_writePortE              text11       000EE8
__end_of_writeTrisA              text10       000EE0
__end_of_writeTrisB              text6        000ED8
__end_of_writeTrisC              text5        000EA8
__end_of_writeTrisD              text4        000ED0
__end_of_writeTrisE              text3        000EC8
__initialization                 cinit        000BE8
__mediumconst                    mediumconst  000000
__pbssBANK1                      bssBANK1     000100
__pbssBIGRAM                     bssBIGRAM    000200
__pbssCOMRAM                     bssCOMRAM    00001B
__pcinit                         cinit        000BE8
__pcstackCOMRAM                  cstackCOMRAM 000001
__pdataCOMRAM                    dataCOMRAM   00002A
__pidataCOMRAM                   idataCOMRAM  000F1C
__pintcode                       intcode      000008
__psmallconst                    smallconst   000800
__ptext0                         text0        000DA4
__ptext1                         text1        000D6C
__ptext10                        text10       000ED8
__ptext11                        text11       000EE0
__ptext12                        text12       000EE8
__ptext13                        text13       000E02
__ptext14                        text14       000C42
__ptext15                        text15       000CE2
__ptext16                        text16       000F08
__ptext17                        text17       000F0C
__ptext18                        text18       000F10
__ptext19                        text19       000F14
__ptext2                         text2        000814
__ptext20                        text20       000E56
__ptext21                        text21       000EF0
__ptext22                        text22       000EF8
__ptext23                        text23       000F00
__ptext24                        text24       000F18
__ptext25                        text25       000E2C
__ptext26                        text26       000EA8
__ptext27                        text27       000EB4
__ptext28                        text28       000E7E
__ptext3                         text3        000EC0
__ptext4                         text4        000EC8
__ptext5                         text5        000E9C
__ptext6                         text6        000ED0
__ptext7                         text7        000C94
__ptext8                         text8        000DD4
__ptext9                         text9        000D2E
__ramtop                         ramtop       000800
__size_of_error                  (abs)        000000
__size_of_initUart               (abs)        000000
__size_of_logicAddressToPhysical (abs)        000000
__size_of_logicDataToPhysical    (abs)        000000
__size_of_main                   (abs)        000000
__size_of_onData                 (abs)        000000
__size_of_parseHex               (abs)        000000
__size_of_readAddress            (abs)        000000
__size_of_readChar               (abs)        000000
__size_of_readPort               (abs)        000000
__size_of_readPortA              (abs)        000000
__size_of_readPortB              (abs)        000000
__size_of_readPortC              (abs)        000000
__size_of_readPortD              (abs)        000000
__size_of_readPortE              (abs)        000000
__size_of_receiveData            (abs)        000000
__size_of_writeAddress           (abs)        000000
__size_of_writeAddressPhysical   (abs)        000000
__size_of_writeChar              (abs)        000000
__size_of_writeHex               (abs)        000000
__size_of_writePortA             (abs)        000000
__size_of_writePortB             (abs)        000000
__size_of_writePortC             (abs)        000000
__size_of_writePortD             (abs)        000000
__size_of_writePortE             (abs)        000000
__size_of_writeTrisA             (abs)        000000
__size_of_writeTrisB             (abs)        000000
__size_of_writeTrisC             (abs)        000000
__size_of_writeTrisD             (abs)        000000
__size_of_writeTrisE             (abs)        000000
__smallconst                     smallconst   000800
_adr                             bssCOMRAM    00001D
_checksum                        bssCOMRAM    000027
_checksumCalculated              bssCOMRAM    000026
_command                         bssCOMRAM    000024
_error                           text26       000EA8
_flashBuffer                     bssBANK1     000100
_flashBufferIndex                bssCOMRAM    00001B
_hex                             dataCOMRAM   00002A
_initUart                        text28       000E7E
_logicAddressToPhysical          text14       000C42
_logicDataToPhysical             text13       000E02
_main                            text0        000DA4
_onData                          text2        000814
_parseHex                        text25       000E2C
_port                            bssCOMRAM    000023
_readAddress                     text20       000E56
_readChar                        text1        000D6C
_readPort                        text15       000CE2
_readPortA                       text24       000F18
_readPortB                       text19       000F14
_readPortC                       text18       000F10
_readPortD                       text17       000F0C
_readPortE                       text16       000F08
_receiveData                     intcode      000008
_state                           bssCOMRAM    000029
_temp                            bssCOMRAM    000025
_uartBuf                         bssBIGRAM    000200
_uartReadIndex                   bssCOMRAM    000021
_uartWriteIndex                  bssCOMRAM    00001F
_value                           bssCOMRAM    000028
_writeAddress                    text9        000D2E
_writeAddressPhysical            text8        000DD4
_writeChar                       text27       000EB4
_writeHex                        text7        000C94
_writePortA                      text12       000EE8
_writePortB                      text23       000F00
_writePortC                      text22       000EF8
_writePortD                      text21       000EF0
_writePortE                      text11       000EE0
_writeTrisA                      text10       000ED8
_writeTrisB                      text6        000ED0
_writeTrisC                      text5        000E9C
_writeTrisD                      text4        000EC8
_writeTrisE                      text3        000EC0
btemp                            temp         00002C
end_of_initialization            cinit        000C34
int$flags                        temp         00002C
intlevel0                        text         000000
intlevel1                        text         000000
intlevel2                        text         000000
intlevel3                        text         000000
logicAddressToPhysical@adr       cstackCOMRAM 000011
logicAddressToPhysical@adr0      cstackCOMRAM 00000F
logicDataToPhysical@value        cstackCOMRAM 00000F
logicDataToPhysical@value0       cstackCOMRAM 000010
onData@d                         cstackCOMRAM 00001A
parseHex@x                       cstackCOMRAM 00000F
readAddress@adr                  cstackCOMRAM 000010
readAddress@d                    cstackCOMRAM 000012
readChar@data                    cstackCOMRAM 00000F
stackhi                          (abs)        0007FF
stacklo                          (abs)        000600
start                            init         0000B2
start_initialization             cinit        000BE8
writeAddress@adr                 cstackCOMRAM 000010
writeAddress@value               cstackCOMRAM 000012
writeAddressPhysical@adr         cstackCOMRAM 000013
writeAddressPhysical@value       cstackCOMRAM 000015
writeChar@data                   cstackCOMRAM 00000F
writeHex@data                    cstackCOMRAM 000013
writePortA@data                  cstackCOMRAM 00000F
writePortB@data                  cstackCOMRAM 00000F
writePortC@data                  cstackCOMRAM 00000F
writePortD@data                  cstackCOMRAM 00000F
writePortE@data                  cstackCOMRAM 00000F
writeTrisA@data                  cstackCOMRAM 00000F
writeTrisB@data                  cstackCOMRAM 00000F
writeTrisC@data                  cstackCOMRAM 00000F
writeTrisD@data                  cstackCOMRAM 00000F
writeTrisE@data                  cstackCOMRAM 00000F


FUNCTION INFORMATION:

 *************** function _main *****************
 Defined at:
		line 212 in file "main.c"
 Parameters:    Size  Location     Type
		None
 Auto vars:     Size  Location     Type
		None
 Return value:  Size  Location     Type
                  2  129[None  ] int 
 Registers used:
		wreg, fsr2l, fsr2h, status,2, status,0, tblptrl, tblptrh, tblptru, cstack
 Tracked objects:
		On entry : 
		On exit  : 
		Unchanged: 
 Data sizes:     COMRAM   BANK0   BANK1   BANK2   BANK3   BANK4   BANK5   BANK6   BANK7
      Params:         0       0       0       0       0       0       0       0       0
      Locals:         0       0       0       0       0       0       0       0       0
      Temps:          0       0       0       0       0       0       0       0       0
      Totals:         0       0       0       0       0       0       0       0       0
Total ram usage:        0 bytes
 Hardware stack levels required when called:    5
 This function calls:
		_initUart
		_onData
		_readChar
 This function is called by:
		Startup code after reset
 This function uses a non-reentrant model


 *************** function _readChar *****************
 Defined at:
		line 196 in file "main.c"
 Parameters:    Size  Location     Type
		None
 Auto vars:     Size  Location     Type
  data            1   14[COMRAM] unsigned char 
 Return value:  Size  Location     Type
                  1    wreg      unsigned char 
 Registers used:
		wreg, fsr2l, fsr2h, status,2, status,0
 Tracked objects:
		On entry : 
		On exit  : 
		Unchanged: 
 Data sizes:     COMRAM   BANK0   BANK1   BANK2   BANK3   BANK4   BANK5   BANK6   BANK7
      Params:         0       0       0       0       0       0       0       0       0
      Locals:         1       0       0       0       0       0       0       0       0
      Temps:          0       0       0       0       0       0       0       0       0
      Totals:         1       0       0       0       0       0       0       0       0
Total ram usage:        1 bytes
 Hardware stack levels used:    1
 Hardware stack levels required when called:    1
 This function calls:
		Nothing
 This function is called by:
		_main
 This function uses a non-reentrant model


 *************** function _onData *****************
 Defined at:
		line 216 in file "receiver.c"
 Parameters:    Size  Location     Type
  d               1    wreg     unsigned char 
 Auto vars:     Size  Location     Type
  d               1   25[COMRAM] unsigned char 
 Return value:  Size  Location     Type
                  1    wreg      void 
 Registers used:
		wreg, fsr2l, fsr2h, status,2, status,0, tblptrl, tblptrh, tblptru, cstack
 Tracked objects:
		On entry : 
		On exit  : 
		Unchanged: 
 Data sizes:     COMRAM   BANK0   BANK1   BANK2   BANK3   BANK4   BANK5   BANK6   BANK7
      Params:         0       0       0       0       0       0       0       0       0
      Locals:         1       0       0       0       0       0       0       0       0
      Temps:          4       0       0       0       0       0       0       0       0
      Totals:         5       0       0       0       0       0       0       0       0
Total ram usage:        5 bytes
 Hardware stack levels used:    1
 Hardware stack levels required when called:    4
 This function calls:
		_error
		_parseHex
		_readAddress
		_readPort
		_writeAddress
		_writeAddressPhysical
		_writeHex
		_writePortA
		_writePortB
		_writePortC
		_writePortD
		_writePortE
		_writeTrisA
		_writeTrisB
		_writeTrisC
		_writeTrisD
		_writeTrisE
 This function is called by:
		_main
 This function uses a non-reentrant model


 *************** function _writeTrisE *****************
 Defined at:
		line 166 in file "main.c"
 Parameters:    Size  Location     Type
  data            1    wreg     unsigned char 
 Auto vars:     Size  Location     Type
  data            1   14[COMRAM] unsigned char 
 Return value:  Size  Location     Type
                  1    wreg      void 
 Registers used:
		wreg
 Tracked objects:
		On entry : 
		On exit  : 
		Unchanged: 
 Data sizes:     COMRAM   BANK0   BANK1   BANK2   BANK3   BANK4   BANK5   BANK6   BANK7
      Params:         0       0       0       0       0       0       0       0       0
      Locals:         1       0       0       0       0       0       0       0       0
      Temps:          0       0       0       0       0       0       0       0       0
      Totals:         1       0       0       0       0       0       0       0       0
Total ram usage:        1 bytes
 Hardware stack levels used:    1
 Hardware stack levels required when called:    1
 This function calls:
		Nothing
 This function is called by:
		_onData
 This function uses a non-reentrant model


 *************** function _writeTrisD *****************
 Defined at:
		line 161 in file "main.c"
 Parameters:    Size  Location     Type
  data            1    wreg     unsigned char 
 Auto vars:     Size  Location     Type
  data            1   14[COMRAM] unsigned char 
 Return value:  Size  Location     Type
                  1    wreg      void 
 Registers used:
		wreg
 Tracked objects:
		On entry : 
		On exit  : 
		Unchanged: 
 Data sizes:     COMRAM   BANK0   BANK1   BANK2   BANK3   BANK4   BANK5   BANK6   BANK7
      Params:         0       0       0       0       0       0       0       0       0
      Locals:         1       0       0       0       0       0       0       0       0
      Temps:          0       0       0       0       0       0       0       0       0
      Totals:         1       0       0       0       0       0       0       0       0
Total ram usage:        1 bytes
 Hardware stack levels used:    1
 Hardware stack levels required when called:    1
 This function calls:
		Nothing
 This function is called by:
		_onData
 This function uses a non-reentrant model


 *************** function _writeTrisC *****************
 Defined at:
		line 155 in file "main.c"
 Parameters:    Size  Location     Type
  data            1    wreg     unsigned char 
 Auto vars:     Size  Location     Type
  data            1   14[COMRAM] unsigned char 
 Return value:  Size  Location     Type
                  1    wreg      void 
 Registers used:
		wreg, status,2, status,0
 Tracked objects:
		On entry : 
		On exit  : 
		Unchanged: 
 Data sizes:     COMRAM   BANK0   BANK1   BANK2   BANK3   BANK4   BANK5   BANK6   BANK7
      Params:         0       0       0       0       0       0       0       0       0
      Locals:         1       0       0       0       0       0       0       0       0
      Temps:          0       0       0       0       0       0       0       0       0
      Totals:         1       0       0       0       0       0       0       0       0
Total ram usage:        1 bytes
 Hardware stack levels used:    1
 Hardware stack levels required when called:    1
 This function calls:
		Nothing
 This function is called by:
		_onData
 This function uses a non-reentrant model


 *************** function _writeTrisB *****************
 Defined at:
		line 150 in file "main.c"
 Parameters:    Size  Location     Type
  data            1    wreg     unsigned char 
 Auto vars:     Size  Location     Type
  data            1   14[COMRAM] unsigned char 
 Return value:  Size  Location     Type
                  1    wreg      void 
 Registers used:
		wreg
 Tracked objects:
		On entry : 
		On exit  : 
		Unchanged: 
 Data sizes:     COMRAM   BANK0   BANK1   BANK2   BANK3   BANK4   BANK5   BANK6   BANK7
      Params:         0       0       0       0       0       0       0       0       0
      Locals:         1       0       0       0       0       0       0       0       0
      Temps:          0       0       0       0       0       0       0       0       0
      Totals:         1       0       0       0       0       0       0       0       0
Total ram usage:        1 bytes
 Hardware stack levels used:    1
 Hardware stack levels required when called:    1
 This function calls:
		Nothing
 This function is called by:
		_onData
 This function uses a non-reentrant model


 *************** function _writeHex *****************
 Defined at:
		line 93 in file "receiver.c"
 Parameters:    Size  Location     Type
  data            1    wreg     unsigned char 
 Auto vars:     Size  Location     Type
  data            1   18[COMRAM] unsigned char 
 Return value:  Size  Location     Type
                  1    wreg      void 
 Registers used:
		wreg, status,2, status,0, tblptrl, tblptrh, tblptru, cstack
 Tracked objects:
		On entry : 
		On exit  : 
		Unchanged: 
 Data sizes:     COMRAM   BANK0   BANK1   BANK2   BANK3   BANK4   BANK5   BANK6   BANK7
      Params:         0       0       0       0       0       0       0       0       0
      Locals:         1       0       0       0       0       0       0       0       0
      Temps:          3       0       0       0       0       0       0       0       0
      Totals:         4       0       0       0       0       0       0       0       0
Total ram usage:        4 bytes
 Hardware stack levels used:    1
 Hardware stack levels required when called:    2
 This function calls:
		_writeChar
 This function is called by:
		_onData
 This function uses a non-reentrant model


 *************** function _writeAddressPhysical *****************
 Defined at:
		line 184 in file "receiver.c"
 Parameters:    Size  Location     Type
  adr             2   18[COMRAM] unsigned int 
  value           1   20[COMRAM] unsigned char 
 Auto vars:     Size  Location     Type
		None
 Return value:  Size  Location     Type
                  1    wreg      void 
 Registers used:
		wreg, status,2, status,0, cstack
 Tracked objects:
		On entry : 
		On exit  : 
		Unchanged: 
 Data sizes:     COMRAM   BANK0   BANK1   BANK2   BANK3   BANK4   BANK5   BANK6   BANK7
      Params:         3       0       0       0       0       0       0       0       0
      Locals:         0       0       0       0       0       0       0       0       0
      Temps:          0       0       0       0       0       0       0       0       0
      Totals:         3       0       0       0       0       0       0       0       0
Total ram usage:        3 bytes
 Hardware stack levels used:    1
 Hardware stack levels required when called:    3
 This function calls:
		_logicAddressToPhysical
		_logicDataToPhysical
		_writeAddress
 This function is called by:
		_onData
 This function uses a non-reentrant model


 *************** function _writeAddress *****************
 Defined at:
		line 164 in file "receiver.c"
 Parameters:    Size  Location     Type
  adr             2   15[COMRAM] unsigned int 
  value           1   17[COMRAM] unsigned char 
 Auto vars:     Size  Location     Type
		None
 Return value:  Size  Location     Type
                  1    wreg      void 
 Registers used:
		wreg, status,2, cstack
 Tracked objects:
		On entry : 
		On exit  : 
		Unchanged: 
 Data sizes:     COMRAM   BANK0   BANK1   BANK2   BANK3   BANK4   BANK5   BANK6   BANK7
      Params:         3       0       0       0       0       0       0       0       0
      Locals:         0       0       0       0       0       0       0       0       0
      Temps:          0       0       0       0       0       0       0       0       0
      Totals:         3       0       0       0       0       0       0       0       0
Total ram usage:        3 bytes
 Hardware stack levels used:    1
 Hardware stack levels required when called:    2
 This function calls:
		_writePortA
		_writePortB
		_writePortC
		_writePortD
		_writePortE
		_writeTrisA
 This function is called by:
		_writeAddressPhysical
		_onData
 This function uses a non-reentrant model


 *************** function _writeTrisA *****************
 Defined at:
		line 145 in file "main.c"
 Parameters:    Size  Location     Type
  data            1    wreg     unsigned char 
 Auto vars:     Size  Location     Type
  data            1   14[COMRAM] unsigned char 
 Return value:  Size  Location     Type
                  1    wreg      void 
 Registers used:
		wreg
 Tracked objects:
		On entry : 
		On exit  : 
		Unchanged: 
 Data sizes:     COMRAM   BANK0   BANK1   BANK2   BANK3   BANK4   BANK5   BANK6   BANK7
      Params:         0       0       0       0       0       0       0       0       0
      Locals:         1       0       0       0       0       0       0       0       0
      Temps:          0       0       0       0       0       0       0       0       0
      Totals:         1       0       0       0       0       0       0       0       0
Total ram usage:        1 bytes
 Hardware stack levels used:    1
 Hardware stack levels required when called:    1
 This function calls:
		Nothing
 This function is called by:
		_writeAddress
		_onData
 This function uses a non-reentrant model


 *************** function _writePortE *****************
 Defined at:
		line 140 in file "main.c"
 Parameters:    Size  Location     Type
  data            1    wreg     unsigned char 
 Auto vars:     Size  Location     Type
  data            1   14[COMRAM] unsigned char 
 Return value:  Size  Location     Type
                  1    wreg      void 
 Registers used:
		wreg
 Tracked objects:
		On entry : 
		On exit  : 
		Unchanged: 
 Data sizes:     COMRAM   BANK0   BANK1   BANK2   BANK3   BANK4   BANK5   BANK6   BANK7
      Params:         0       0       0       0       0       0       0       0       0
      Locals:         1       0       0       0       0       0       0       0       0
      Temps:          0       0       0       0       0       0       0       0       0
      Totals:         1       0       0       0       0       0       0       0       0
Total ram usage:        1 bytes
 Hardware stack levels used:    1
 Hardware stack levels required when called:    1
 This function calls:
		Nothing
 This function is called by:
		_writeAddress
		_onData
 This function uses a non-reentrant model


 *************** function _writePortA *****************
 Defined at:
		line 120 in file "main.c"
 Parameters:    Size  Location     Type
  data            1    wreg     unsigned char 
 Auto vars:     Size  Location     Type
  data            1   14[COMRAM] unsigned char 
 Return value:  Size  Location     Type
                  1    wreg      void 
 Registers used:
		wreg
 Tracked objects:
		On entry : 
		On exit  : 
		Unchanged: 
 Data sizes:     COMRAM   BANK0   BANK1   BANK2   BANK3   BANK4   BANK5   BANK6   BANK7
      Params:         0       0       0       0       0       0       0       0       0
      Locals:         1       0       0       0       0       0       0       0       0
      Temps:          0       0       0       0       0       0       0       0       0
      Totals:         1       0       0       0       0       0       0       0       0
Total ram usage:        1 bytes
 Hardware stack levels used:    1
 Hardware stack levels required when called:    1
 This function calls:
		Nothing
 This function is called by:
		_writeAddress
		_onData
 This function uses a non-reentrant model


 *************** function _logicDataToPhysical *****************
 Defined at:
		line 136 in file "receiver.c"
 Parameters:    Size  Location     Type
  value0          1    wreg     unsigned char 
 Auto vars:     Size  Location     Type
  value0          1   15[COMRAM] unsigned char 
  value           1   14[COMRAM] unsigned char 
 Return value:  Size  Location     Type
                  1    wreg      unsigned char 
 Registers used:
		wreg, status,2, status,0
 Tracked objects:
		On entry : 
		On exit  : 
		Unchanged: 
 Data sizes:     COMRAM   BANK0   BANK1   BANK2   BANK3   BANK4   BANK5   BANK6   BANK7
      Params:         0       0       0       0       0       0       0       0       0
      Locals:         2       0       0       0       0       0       0       0       0
      Temps:          0       0       0       0       0       0       0       0       0
      Totals:         2       0       0       0       0       0       0       0       0
Total ram usage:        2 bytes
 Hardware stack levels used:    1
 Hardware stack levels required when called:    1
 This function calls:
		Nothing
 This function is called by:
		_writeAddressPhysical
 This function uses a non-reentrant model


 *************** function _logicAddressToPhysical *****************
 Defined at:
		line 114 in file "receiver.c"
 Parameters:    Size  Location     Type
  adr0            2   14[COMRAM] unsigned int 
 Auto vars:     Size  Location     Type
  adr             2   16[COMRAM] unsigned int 
 Return value:  Size  Location     Type
                  2   14[COMRAM] unsigned int 
 Registers used:
		wreg, status,2, status,0
 Tracked objects:
		On entry : 
		On exit  : 
		Unchanged: 
 Data sizes:     COMRAM   BANK0   BANK1   BANK2   BANK3   BANK4   BANK5   BANK6   BANK7
      Params:         2       0       0       0       0       0       0       0       0
      Locals:         2       0       0       0       0       0       0       0       0
      Temps:          0       0       0       0       0       0       0       0       0
      Totals:         4       0       0       0       0       0       0       0       0
Total ram usage:        4 bytes
 Hardware stack levels used:    1
 Hardware stack levels required when called:    1
 This function calls:
		Nothing
 This function is called by:
		_writeAddressPhysical
		_readAddressPhysical
 This function uses a non-reentrant model


 *************** function _readPort *****************
 Defined at:
		line 99 in file "receiver.c"
 Parameters:    Size  Location     Type
		None
 Auto vars:     Size  Location     Type
		None
 Return value:  Size  Location     Type
                  1    wreg      void 
 Registers used:
		wreg, status,2, status,0, cstack
 Tracked objects:
		On entry : 
		On exit  : 
		Unchanged: 
 Data sizes:     COMRAM   BANK0   BANK1   BANK2   BANK3   BANK4   BANK5   BANK6   BANK7
      Params:         0       0       0       0       0       0       0       0       0
      Locals:         0       0       0       0       0       0       0       0       0
      Temps:          0       0       0       0       0       0       0       0       0
      Totals:         0       0       0       0       0       0       0       0       0
Total ram usage:        0 bytes
 Hardware stack levels used:    1
 Hardware stack levels required when called:    2
 This function calls:
		_readPortA
		_readPortB
		_readPortC
		_readPortD
		_readPortE
 This function is called by:
		_onData
 This function uses a non-reentrant model


 *************** function _readPortE *****************
 Defined at:
		line 191 in file "main.c"
 Parameters:    Size  Location     Type
		None
 Auto vars:     Size  Location     Type
		None
 Return value:  Size  Location     Type
                  1    wreg      unsigned char 
 Registers used:
		wreg, status,2
 Tracked objects:
		On entry : 
		On exit  : 
		Unchanged: 
 Data sizes:     COMRAM   BANK0   BANK1   BANK2   BANK3   BANK4   BANK5   BANK6   BANK7
      Params:         0       0       0       0       0       0       0       0       0
      Locals:         0       0       0       0       0       0       0       0       0
      Temps:          0       0       0       0       0       0       0       0       0
      Totals:         0       0       0       0       0       0       0       0       0
Total ram usage:        0 bytes
 Hardware stack levels used:    1
 Hardware stack levels required when called:    1
 This function calls:
		Nothing
 This function is called by:
		_readPort
 This function uses a non-reentrant model


 *************** function _readPortD *****************
 Defined at:
		line 186 in file "main.c"
 Parameters:    Size  Location     Type
		None
 Auto vars:     Size  Location     Type
		None
 Return value:  Size  Location     Type
                  1    wreg      unsigned char 
 Registers used:
		wreg, status,2
 Tracked objects:
		On entry : 
		On exit  : 
		Unchanged: 
 Data sizes:     COMRAM   BANK0   BANK1   BANK2   BANK3   BANK4   BANK5   BANK6   BANK7
      Params:         0       0       0       0       0       0       0       0       0
      Locals:         0       0       0       0       0       0       0       0       0
      Temps:          0       0       0       0       0       0       0       0       0
      Totals:         0       0       0       0       0       0       0       0       0
Total ram usage:        0 bytes
 Hardware stack levels used:    1
 Hardware stack levels required when called:    1
 This function calls:
		Nothing
 This function is called by:
		_readPort
 This function uses a non-reentrant model


 *************** function _readPortC *****************
 Defined at:
		line 181 in file "main.c"
 Parameters:    Size  Location     Type
		None
 Auto vars:     Size  Location     Type
		None
 Return value:  Size  Location     Type
                  1    wreg      unsigned char 
 Registers used:
		wreg, status,2
 Tracked objects:
		On entry : 
		On exit  : 
		Unchanged: 
 Data sizes:     COMRAM   BANK0   BANK1   BANK2   BANK3   BANK4   BANK5   BANK6   BANK7
      Params:         0       0       0       0       0       0       0       0       0
      Locals:         0       0       0       0       0       0       0       0       0
      Temps:          0       0       0       0       0       0       0       0       0
      Totals:         0       0       0       0       0       0       0       0       0
Total ram usage:        0 bytes
 Hardware stack levels used:    1
 Hardware stack levels required when called:    1
 This function calls:
		Nothing
 This function is called by:
		_readPort
 This function uses a non-reentrant model


 *************** function _readPortB *****************
 Defined at:
		line 176 in file "main.c"
 Parameters:    Size  Location     Type
		None
 Auto vars:     Size  Location     Type
		None
 Return value:  Size  Location     Type
                  1    wreg      unsigned char 
 Registers used:
		wreg, status,2
 Tracked objects:
		On entry : 
		On exit  : 
		Unchanged: 
 Data sizes:     COMRAM   BANK0   BANK1   BANK2   BANK3   BANK4   BANK5   BANK6   BANK7
      Params:         0       0       0       0       0       0       0       0       0
      Locals:         0       0       0       0       0       0       0       0       0
      Temps:          0       0       0       0       0       0       0       0       0
      Totals:         0       0       0       0       0       0       0       0       0
Total ram usage:        0 bytes
 Hardware stack levels used:    1
 Hardware stack levels required when called:    1
 This function calls:
		Nothing
 This function is called by:
		_readPort
 This function uses a non-reentrant model


 *************** function _readAddress *****************
 Defined at:
		line 191 in file "receiver.c"
 Parameters:    Size  Location     Type
  adr             2   15[COMRAM] unsigned int 
 Auto vars:     Size  Location     Type
  d               1   17[COMRAM] unsigned char 
 Return value:  Size  Location     Type
                  1    wreg      unsigned char 
 Registers used:
		wreg, status,2, cstack
 Tracked objects:
		On entry : 
		On exit  : 
		Unchanged: 
 Data sizes:     COMRAM   BANK0   BANK1   BANK2   BANK3   BANK4   BANK5   BANK6   BANK7
      Params:         2       0       0       0       0       0       0       0       0
      Locals:         1       0       0       0       0       0       0       0       0
      Temps:          0       0       0       0       0       0       0       0       0
      Totals:         3       0       0       0       0       0       0       0       0
Total ram usage:        3 bytes
 Hardware stack levels used:    1
 Hardware stack levels required when called:    2
 This function calls:
		_readPortA
		_writePortB
		_writePortC
		_writePortD
 This function is called by:
		_onData
		_readAddressPhysical
 This function uses a non-reentrant model


 *************** function _writePortD *****************
 Defined at:
		line 135 in file "main.c"
 Parameters:    Size  Location     Type
  data            1    wreg     unsigned char 
 Auto vars:     Size  Location     Type
  data            1   14[COMRAM] unsigned char 
 Return value:  Size  Location     Type
                  1    wreg      void 
 Registers used:
		wreg
 Tracked objects:
		On entry : 
		On exit  : 
		Unchanged: 
 Data sizes:     COMRAM   BANK0   BANK1   BANK2   BANK3   BANK4   BANK5   BANK6   BANK7
      Params:         0       0       0       0       0       0       0       0       0
      Locals:         1       0       0       0       0       0       0       0       0
      Temps:          0       0       0       0       0       0       0       0       0
      Totals:         1       0       0       0       0       0       0       0       0
Total ram usage:        1 bytes
 Hardware stack levels used:    1
 Hardware stack levels required when called:    1
 This function calls:
		Nothing
 This function is called by:
		_writeAddress
		_readAddress
		_onData
 This function uses a non-reentrant model


 *************** function _writePortC *****************
 Defined at:
		line 130 in file "main.c"
 Parameters:    Size  Location     Type
  data            1    wreg     unsigned char 
 Auto vars:     Size  Location     Type
  data            1   14[COMRAM] unsigned char 
 Return value:  Size  Location     Type
                  1    wreg      void 
 Registers used:
		wreg
 Tracked objects:
		On entry : 
		On exit  : 
		Unchanged: 
 Data sizes:     COMRAM   BANK0   BANK1   BANK2   BANK3   BANK4   BANK5   BANK6   BANK7
      Params:         0       0       0       0       0       0       0       0       0
      Locals:         1       0       0       0       0       0       0       0       0
      Temps:          0       0       0       0       0       0       0       0       0
      Totals:         1       0       0       0       0       0       0       0       0
Total ram usage:        1 bytes
 Hardware stack levels used:    1
 Hardware stack levels required when called:    1
 This function calls:
		Nothing
 This function is called by:
		_writeAddress
		_readAddress
		_onData
 This function uses a non-reentrant model


 *************** function _writePortB *****************
 Defined at:
		line 125 in file "main.c"
 Parameters:    Size  Location     Type
  data            1    wreg     unsigned char 
 Auto vars:     Size  Location     Type
  data            1   14[COMRAM] unsigned char 
 Return value:  Size  Location     Type
                  1    wreg      void 
 Registers used:
		wreg
 Tracked objects:
		On entry : 
		On exit  : 
		Unchanged: 
 Data sizes:     COMRAM   BANK0   BANK1   BANK2   BANK3   BANK4   BANK5   BANK6   BANK7
      Params:         0       0       0       0       0       0       0       0       0
      Locals:         1       0       0       0       0       0       0       0       0
      Temps:          0       0       0       0       0       0       0       0       0
      Totals:         1       0       0       0       0       0       0       0       0
Total ram usage:        1 bytes
 Hardware stack levels used:    1
 Hardware stack levels required when called:    1
 This function calls:
		Nothing
 This function is called by:
		_writeAddress
		_readAddress
		_onData
 This function uses a non-reentrant model


 *************** function _readPortA *****************
 Defined at:
		line 171 in file "main.c"
 Parameters:    Size  Location     Type
		None
 Auto vars:     Size  Location     Type
		None
 Return value:  Size  Location     Type
                  1    wreg      unsigned char 
 Registers used:
		wreg, status,2
 Tracked objects:
		On entry : 
		On exit  : 
		Unchanged: 
 Data sizes:     COMRAM   BANK0   BANK1   BANK2   BANK3   BANK4   BANK5   BANK6   BANK7
      Params:         0       0       0       0       0       0       0       0       0
      Locals:         0       0       0       0       0       0       0       0       0
      Temps:          0       0       0       0       0       0       0       0       0
      Totals:         0       0       0       0       0       0       0       0       0
Total ram usage:        0 bytes
 Hardware stack levels used:    1
 Hardware stack levels required when called:    1
 This function calls:
		Nothing
 This function is called by:
		_readPort
		_readAddress
 This function uses a non-reentrant model


 *************** function _parseHex *****************
 Defined at:
		line 76 in file "receiver.c"
 Parameters:    Size  Location     Type
  x               1    wreg     unsigned char 
 Auto vars:     Size  Location     Type
  x               1   14[COMRAM] unsigned char 
 Return value:  Size  Location     Type
                  1    wreg      char 
 Registers used:
		wreg, status,2, status,0
 Tracked objects:
		On entry : 
		On exit  : 
		Unchanged: 
 Data sizes:     COMRAM   BANK0   BANK1   BANK2   BANK3   BANK4   BANK5   BANK6   BANK7
      Params:         0       0       0       0       0       0       0       0       0
      Locals:         1       0       0       0       0       0       0       0       0
      Temps:          0       0       0       0       0       0       0       0       0
      Totals:         1       0       0       0       0       0       0       0       0
Total ram usage:        1 bytes
 Hardware stack levels used:    1
 Hardware stack levels required when called:    1
 This function calls:
		Nothing
 This function is called by:
		_onData
 This function uses a non-reentrant model


 *************** function _error *****************
 Defined at:
		line 86 in file "receiver.c"
 Parameters:    Size  Location     Type
		None
 Auto vars:     Size  Location     Type
		None
 Return value:  Size  Location     Type
                  1    wreg      void 
 Registers used:
		wreg, status,2, cstack
 Tracked objects:
		On entry : 
		On exit  : 
		Unchanged: 
 Data sizes:     COMRAM   BANK0   BANK1   BANK2   BANK3   BANK4   BANK5   BANK6   BANK7
      Params:         0       0       0       0       0       0       0       0       0
      Locals:         0       0       0       0       0       0       0       0       0
      Temps:          0       0       0       0       0       0       0       0       0
      Totals:         0       0       0       0       0       0       0       0       0
Total ram usage:        0 bytes
 Hardware stack levels used:    1
 Hardware stack levels required when called:    2
 This function calls:
		_writeChar
 This function is called by:
		_onData
 This function uses a non-reentrant model


 *************** function _writeChar *****************
 Defined at:
		line 206 in file "main.c"
 Parameters:    Size  Location     Type
  data            1    wreg     unsigned char 
 Auto vars:     Size  Location     Type
  data            1   14[COMRAM] unsigned char 
 Return value:  Size  Location     Type
                  1    wreg      void 
 Registers used:
		wreg
 Tracked objects:
		On entry : 
		On exit  : 
		Unchanged: 
 Data sizes:     COMRAM   BANK0   BANK1   BANK2   BANK3   BANK4   BANK5   BANK6   BANK7
      Params:         0       0       0       0       0       0       0       0       0
      Locals:         1       0       0       0       0       0       0       0       0
      Temps:          0       0       0       0       0       0       0       0       0
      Totals:         1       0       0       0       0       0       0       0       0
Total ram usage:        1 bytes
 Hardware stack levels used:    1
 Hardware stack levels required when called:    1
 This function calls:
		Nothing
 This function is called by:
		_error
		_writeHex
 This function uses a non-reentrant model


 *************** function _initUart *****************
 Defined at:
		line 97 in file "main.c"
 Parameters:    Size  Location     Type
		None
 Auto vars:     Size  Location     Type
		None
 Return value:  Size  Location     Type
                  1    wreg      void 
 Registers used:
		wreg, status,2
 Tracked objects:
		On entry : 
		On exit  : 
		Unchanged: 
 Data sizes:     COMRAM   BANK0   BANK1   BANK2   BANK3   BANK4   BANK5   BANK6   BANK7
      Params:         0       0       0       0       0       0       0       0       0
      Locals:         0       0       0       0       0       0       0       0       0
      Temps:          0       0       0       0       0       0       0       0       0
      Totals:         0       0       0       0       0       0       0       0       0
Total ram usage:        0 bytes
 Hardware stack levels used:    1
 Hardware stack levels required when called:    1
 This function calls:
		Nothing
 This function is called by:
		_main
 This function uses a non-reentrant model


 *************** function _receiveData *****************
 Defined at:
		line 84 in file "main.c"
 Parameters:    Size  Location     Type
		None
 Auto vars:     Size  Location     Type
		None
 Return value:  Size  Location     Type
                  1    wreg      void 
 Registers used:
		wreg, fsr2l, fsr2h, status,2, status,0
 Tracked objects:
		On entry : 
		On exit  : 
		Unchanged: 
 Data sizes:     COMRAM   BANK0   BANK1   BANK2   BANK3   BANK4   BANK5   BANK6   BANK7
      Params:         0       0       0       0       0       0       0       0       0
      Locals:         0       0       0       0       0       0       0       0       0
      Temps:         14       0       0       0       0       0       0       0       0
      Totals:        14       0       0       0       0       0       0       0       0
Total ram usage:       14 bytes
 Hardware stack levels used:    1
 This function calls:
		Nothing
 This function is called by:
		Interrupt level 2
 This function uses a non-reentrant model



MODULE INFORMATION

Module		Function		Class		Link	Load	Size
shared
		__initialization		CODE           	0BE8	0000	77

shared estimated size: 77

receiver.c
		_logicDataToPhysical		CODE           	0E02	0000	43
		_onData        		CODE           	0814	0000	981
		_readPort      		CODE           	0CE2	0000	77
		_readAddress   		CODE           	0E56	0000	41
		_error         		CODE           	0EA8	0000	13
		_writeAddressPhysical		CODE           	0DD4	0000	47
		_parseHex      		CODE           	0E2C	0000	43
		_writeAddress  		CODE           	0D2E	0000	63
		_writeHex      		CODE           	0C94	0000	79
		_logicAddressToPhysical		CODE           	0C42	0000	83

receiver.c estimated size: 1470

main.c
		_writeChar     		CODE           	0EB4	0000	13
		_readChar      		CODE           	0D6C	0000	57
		_main          		CODE           	0DA4	0000	49
		_initUart      		CODE           	0E7E	0000	31
		_writePortA    		CODE           	0EE8	0000	9
		_writePortB    		CODE           	0F00	0000	9
		_writePortC    		CODE           	0EF8	0000	9
		_writePortD    		CODE           	0EF0	0000	9
		_writePortE    		CODE           	0EE0	0000	9
		_receiveData   		CODE           	0008	0000	171
		_readPortA     		CODE           	0F18	0000	5
		_readPortB     		CODE           	0F14	0000	5
		_readPortC     		CODE           	0F10	0000	5
		_readPortD     		CODE           	0F0C	0000	5
		_readPortE     		CODE           	0F08	0000	5
		_writeTrisA    		CODE           	0ED8	0000	9
		_writeTrisB    		CODE           	0ED0	0000	9
		_writeTrisC    		CODE           	0E9C	0000	13
		_writeTrisD    		CODE           	0EC8	0000	9
		_writeTrisE    		CODE           	0EC0	0000	9

main.c estimated size: 440

